Microchip MPLAB XC8 Compiler V2.46

Linker command line:

-W-3 \
  --edf=C:\Program Files\Microchip\xc8\v2.46\pic\dat\20240104201356_en.msgs \
  -cn -h+dist/default/debug\projeto_final_EE_gp1.debug.sym \
  --cmf=dist/default/debug\projeto_final_EE_gp1.debug.cmf -z -Q16F1827 \
  -oC:\Users\rodri\AppData\Local\Temp\xcAsre0.\driver_tmp_3.o \
  --defsym=__MPLAB_BUILD=1 --fixupoverflow=error \
  -Mdist/default/debug/projeto_final_EE_gp1.debug.map \
  --md=C:\Users\rodri\AppData\Local\Temp\xcAsre0.\driver_tmp_0.dat -E1 \
  -ver=XC8 Compiler --acfsm=1493 -ACODE=00h-07FFhx2 -ASTRCODE=00h-0FFFh \
  -ASTRING=00h-0FFhx16 -ACONST=00h-0FFhx16 -AENTRY=00h-0FFhx16 \
  -ACOMMON=070h-07Fh -ABANK0=020h-06Fh -ABANK1=0A0h-0EFh \
  -ABANK2=0120h-016Fh -ABANK3=01A0h-01EFh -ABANK4=0220h-024Fh \
  -ABIGRAM=02000h-0216Fh \
  -ARAM=020h-06Fh,0A0h-0EFh,0120h-016Fh,01A0h-01EFh,0220h-024Fh \
  -AABS1=020h-07Fh,0A0h-0EFh,0120h-016Fh,01A0h-01EFh,0220h-024Fh \
  -ASFR0=00h-01Fh -ASFR1=080h-09Fh -ASFR2=0100h-011Fh -ASFR3=0180h-019Fh \
  -ASFR4=0200h-021Fh -ASFR5=0280h-02EFh -ASFR6=0300h-036Fh \
  -ASFR7=0380h-03EFh -ASFR8=0400h-046Fh -ASFR9=0480h-04EFh \
  -ASFR10=0500h-056Fh -ASFR11=0580h-05EFh -ASFR12=0600h-066Fh \
  -ASFR13=0680h-06EFh -ASFR14=0700h-076Fh -ASFR15=0780h-07EFh \
  -ASFR16=0800h-086Fh -ASFR17=0880h-08EFh -ASFR18=0900h-096Fh \
  -ASFR19=0980h-09EFh -ASFR20=0A00h-0A6Fh -ASFR21=0A80h-0AEFh \
  -ASFR22=0B00h-0B6Fh -ASFR23=0B80h-0BEFh -ASFR24=0C00h-0C6Fh \
  -ASFR25=0C80h-0CEFh -ASFR26=0D00h-0D6Fh -ASFR27=0D80h-0DEFh \
  -ASFR28=0E00h-0E6Fh -ASFR29=0E80h-0EEFh -ASFR30=0F00h-0F6Fh \
  -ASFR31=0F80h-0FEFh -ACONFIG=08007h-08008h -DCONFIG=2 \
  -AIDLOC=08000h-08003h -DIDLOC=2 -AEEDATA=00h-0FFh/0F000h \
  -peeprom_data=EEDATA -DEEDATA=2 -DCODE=2 -DSTRCODE=2 -DSTRING=2 -DCONST=2 \
  -DENTRY=2 -preset_vec=00h,intentry=04h,sivt,init,end_init -ppowerup=CODE \
  -pcinit=CODE -pfunctab=ENTRY -k \
  C:\Users\rodri\AppData\Local\Temp\xcAsre0.\driver_tmp_15.o \
  dist/default/debug\projeto_final_EE_gp1.debug.o 

Object code version is 3.11

Machine type is 16F1827



                Name                               Link     Load   Length Selector   Space Scale
C:\Users\rodri\AppData\Local\Temp\xcAsre0.\driver_tmp_15.o
                end_init                             62       62        2        8       0
                reset_vec                             0        0        2        0       0
                config                             8007     8007        2        0       4
dist/default/debug\projeto_final_EE_gp1.debug.o
                cinit                                64       64       22        8       0
                intentry                              4        4       5E        8       0
                config                             8007     8007        2        0       4
                text68                              CAA      CAA       1A     1954       0
                text67                              B26      B26        4     164C       0
                text66                              B1E      B1E        1     163C       0
                text65                              B2A      B2A        4     1654       0
                text64                              D74      D74       22     1AE8       0
                text63                              B1F      B1F        1     163E       0
                text62                              C63      C63       17     18C6       0
                text61                              46B      46B       AE        8       0
                text60                              C4D      C4D       16     189A       0
                text59                                2        2        1        0       0
                text58                              C15      C15       12     182A       0
                text57                              C91      C91       19     1922       0
                text56                              2C1      2C1      1AA        8       0
                text55                              D96      D96       23     1B2C       0
                text54                               86       86      23B        8       0
                text53                              784      784       71        8       0
                text52                              519      519       AB        8       0
                text51                              6F6      6F6       8E        8       0
                text50                                3        3        1        6       0
                text49                              BE6      BE6        F     17CC       0
                text48                              B2E      B2E        4     165C       0
                text47                              FAC      FAC       54     1F58       0
                text46                              F25      F25       42     1E4A       0
                text45                              DB9      DB9       23     1B72       0
                text44                              E2C      E2C       3C     1C58       0
                text43                              D35      D35       1F     1A6A       0
                text42                              5C4      5C4       A0        8       0
                text41                              BC2      BC2        A     1784       0
                text40                              7FF      7FF        1        8       0
                text39                              BF5      BF5        F     17EA       0
                text38                              DDC      DDC       25     1BB8       0
                text37                              B3A      B3A        5     1674       0
                text36                              D17      D17       1E     1A2E       0
                text35                              EE4      EE4       41     1DC8       0
                text33                              CC4      CC4       1B     1988       0
                text32                              B6A      B6A        8     16D4       0
                text31                              B3F      B3F        6     167E       0
                text30                              B45      B45        6     168A       0
                text29                              BD8      BD8        E     17B0       0
                text28                              B7A      B7A        9     16F4       0
                text27                              B83      B83        9     1706       0
                text26                              B8C      B8C        9     1718       0
                text25                              B95      B95        9     172A       0
                text24                              B9E      B9E        9     173C       0
                text23                              EA5      EA5       3F     1D4A       0
                text22                              B32      B32        4     1664       0
                text21                              B63      B63        7     16C6       0
                text20                              C7A      C7A       17     18F4       0
                text19                              BA7      BA7        9     174E       0
                text18                              C27      C27       13     184E       0
                text17                              BB0      BB0        9     1760       0
                text16                              CDF      CDF       1C     19BE       0
                text15                              B72      B72        8     16E4       0
                text14                              7F5      7F5        A        8       0
                text13                              BB9      BB9        9     1772       0
                text12                              C3A      C3A       13     1874       0
                text11                              B36      B36        4     166C       0
                text10                              E01      E01       2B     1C02       0
                text9                               B4B      B4B        6     1696       0
                text8                               B20      B20        3     1640       0
                text7                               B51      B51        6     16A2       0
                text6                               B23      B23        3     1646       0
                text5                               CFB      CFB       1C     19F6       0
                text4                               E68      E68       3D     1CD0       0
                text3                               D54      D54       20     1AA8       0
                text2                               664      664       92        8       0
                text1                               C04      C04       11     1808       0
                maintext                            F67      F67       45     1ECE       0
                cstackBANK0                          20       20       4E       20       1
                cstackCOMMON                         70       70        E       70       1
                cstackBANK1                          D2       D2       12       A0       1
                clrtext                             B57      B57        6     16AE       0
                inittext                            B5D      B5D        6     16BA       0
                bssBANK2                            120      120       24      120       1
                dataBANK1                            E4       E4        C       A0       1
                bssBANK1                             A0       A0       32       A0       1
                bssBANK0                             6E       6E        2       20       1
                nvBANK2                             144      144       12      120       1
                idataBANK1                          BCC      BCC        C     1798       0

TOTAL           Name                               Link     Load   Length     Space
        CLASS   CODE           
                end_init                             62       62        2         0
                cinit                                64       64       22         0
                intentry                              4        4       5E         0
                reset_vec                             0        0        2         0
                text68                              CAA      CAA       1A         0
                text67                              B26      B26        4         0
                text66                              B1E      B1E        1         0
                text65                              B2A      B2A        4         0
                text64                              D74      D74       22         0
                text63                              B1F      B1F        1         0
                text62                              C63      C63       17         0
                text61                              46B      46B       AE         0
                text60                              C4D      C4D       16         0
                text59                                2        2        1         0
                text58                              C15      C15       12         0
                text57                              C91      C91       19         0
                text56                              2C1      2C1      1AA         0
                text55                              D96      D96       23         0
                text54                               86       86      23B         0
                text53                              784      784       71         0
                text52                              519      519       AB         0
                text51                              6F6      6F6       8E         0
                text50                                3        3        1         0
                text49                              BE6      BE6        F         0
                text48                              B2E      B2E        4         0
                text47                              FAC      FAC       54         0
                text46                              F25      F25       42         0
                text45                              DB9      DB9       23         0
                text44                              E2C      E2C       3C         0
                text43                              D35      D35       1F         0
                text42                              5C4      5C4       A0         0
                text41                              BC2      BC2        A         0
                text40                              7FF      7FF        1         0
                text39                              BF5      BF5        F         0
                text38                              DDC      DDC       25         0
                text37                              B3A      B3A        5         0
                text36                              D17      D17       1E         0
                text35                              EE4      EE4       41         0
                text33                              CC4      CC4       1B         0
                text32                              B6A      B6A        8         0
                text31                              B3F      B3F        6         0
                text30                              B45      B45        6         0
                text29                              BD8      BD8        E         0
                text28                              B7A      B7A        9         0
                text27                              B83      B83        9         0
                text26                              B8C      B8C        9         0
                text25                              B95      B95        9         0
                text24                              B9E      B9E        9         0
                text23                              EA5      EA5       3F         0
                text22                              B32      B32        4         0
                text21                              B63      B63        7         0
                text20                              C7A      C7A       17         0
                text19                              BA7      BA7        9         0
                text18                              C27      C27       13         0
                text17                              BB0      BB0        9         0
                text16                              CDF      CDF       1C         0
                text15                              B72      B72        8         0
                text14                              7F5      7F5        A         0
                text13                              BB9      BB9        9         0
                text12                              C3A      C3A       13         0
                text11                              B36      B36        4         0
                text10                              E01      E01       2B         0
                text9                               B4B      B4B        6         0
                text8                               B20      B20        3         0
                text7                               B51      B51        6         0
                text6                               B23      B23        3         0
                text5                               CFB      CFB       1C         0
                text4                               E68      E68       3D         0
                text3                               D54      D54       20         0
                text2                               664      664       92         0
                text1                               C04      C04       11         0
                maintext                            F67      F67       45         0
                clrtext                             B57      B57        6         0
                inittext                            B5D      B5D        6         0
                idataBANK1                          BCC      BCC        C         0

        CLASS   STRCODE        

        CLASS   STRING         

        CLASS   CONST          

        CLASS   ENTRY          

        CLASS   COMMON         
                cstackCOMMON                         70       70        E         1

        CLASS   BANK0          
                cstackBANK0                          20       20       4E         1
                bssBANK0                             6E       6E        2         1

        CLASS   BANK1          
                cstackBANK1                          D2       D2       12         1
                dataBANK1                            E4       E4        C         1
                bssBANK1                             A0       A0       32         1

        CLASS   BANK2          
                bssBANK2                            120      120       24         1
                nvBANK2                             144      144       12         1

        CLASS   BANK3          

        CLASS   BANK4          

        CLASS   BIGRAM         

        CLASS   RAM            

        CLASS   ABS1           
                abs_s1                               7E       7E        2         1

        CLASS   SFR0           

        CLASS   SFR1           

        CLASS   SFR2           

        CLASS   SFR3           

        CLASS   SFR4           

        CLASS   SFR5           

        CLASS   SFR6           

        CLASS   SFR7           

        CLASS   SFR8           

        CLASS   SFR9           

        CLASS   SFR10          

        CLASS   SFR11          

        CLASS   SFR12          

        CLASS   SFR13          

        CLASS   SFR14          

        CLASS   SFR15          

        CLASS   SFR16          

        CLASS   SFR17          

        CLASS   SFR18          

        CLASS   SFR19          

        CLASS   SFR20          

        CLASS   SFR21          

        CLASS   SFR22          

        CLASS   SFR23          

        CLASS   SFR24          

        CLASS   SFR25          

        CLASS   SFR26          

        CLASS   SFR27          

        CLASS   SFR28          

        CLASS   SFR29          

        CLASS   SFR30          

        CLASS   SFR31          

        CLASS   CONFIG         
                config                             8007     8007        2         4

        CLASS   IDLOC          

        CLASS   EEDATA         

        CLASS   BANK31         

        CLASS   BANK30         

        CLASS   BANK29         

        CLASS   BANK28         

        CLASS   BANK27         

        CLASS   BANK26         

        CLASS   BANK25         

        CLASS   BANK24         

        CLASS   BANK23         

        CLASS   BANK22         

        CLASS   BANK21         

        CLASS   BANK20         

        CLASS   BANK19         

        CLASS   BANK18         

        CLASS   BANK17         

        CLASS   BANK16         

        CLASS   BANK15         

        CLASS   BANK14         

        CLASS   BANK13         

        CLASS   BANK12         

        CLASS   BANK11         

        CLASS   BANK10         

        CLASS   BANK9          

        CLASS   BANK8          

        CLASS   BANK7          

        CLASS   BANK6          

        CLASS   BANK5          

        CLASS   HEAP           

        CLASS   STACK          



SEGMENTS        Name                           Load    Length   Top    Selector   Space  Class     Delta

                reset_vec                      000000  000003  000003         0       0  CODE        2
                text50                         000003  000001  000004         6       0  CODE        2
                intentry                       000004  0007FC  000800         8       0  CODE        2
                cstackBANK0                    000020  000050  000070        20       1  BANK0       1
                cstackCOMMON                   000070  00000E  00007E        70       1  COMMON      1
                bssBANK1                       0000A0  000050  0000F0        A0       1  BANK1       1
                bssBANK2                       000120  000036  000156       120       1  BANK2       1
                text66                         000B1E  000001  000B1F      163C       0  CODE        2
                text63                         000B1F  000001  000B20      163E       0  CODE        2
                text8                          000B20  000003  000B23      1640       0  CODE        2
                text6                          000B23  000003  000B26      1646       0  CODE        2
                text67                         000B26  000004  000B2A      164C       0  CODE        2
                text65                         000B2A  000004  000B2E      1654       0  CODE        2
                text48                         000B2E  000004  000B32      165C       0  CODE        2
                text22                         000B32  000004  000B36      1664       0  CODE        2
                text11                         000B36  000004  000B3A      166C       0  CODE        2
                text37                         000B3A  000005  000B3F      1674       0  CODE        2
                text31                         000B3F  000006  000B45      167E       0  CODE        2
                text30                         000B45  000006  000B4B      168A       0  CODE        2
                text9                          000B4B  000006  000B51      1696       0  CODE        2
                text7                          000B51  000006  000B57      16A2       0  CODE        2
                clrtext                        000B57  000006  000B5D      16AE       0  CODE        2
                inittext                       000B5D  000006  000B63      16BA       0  CODE        2
                text21                         000B63  000007  000B6A      16C6       0  CODE        2
                text32                         000B6A  000008  000B72      16D4       0  CODE        2
                text15                         000B72  000008  000B7A      16E4       0  CODE        2
                text28                         000B7A  000009  000B83      16F4       0  CODE        2
                text27                         000B83  000009  000B8C      1706       0  CODE        2
                text26                         000B8C  000009  000B95      1718       0  CODE        2
                text25                         000B95  000009  000B9E      172A       0  CODE        2
                text24                         000B9E  000009  000BA7      173C       0  CODE        2
                text19                         000BA7  000009  000BB0      174E       0  CODE        2
                text17                         000BB0  000009  000BB9      1760       0  CODE        2
                text13                         000BB9  000009  000BC2      1772       0  CODE        2
                text41                         000BC2  00000A  000BCC      1784       0  CODE        2
                idataBANK1                     000BCC  00000C  000BD8      1798       0  CODE        2
                text29                         000BD8  00000E  000BE6      17B0       0  CODE        2
                text49                         000BE6  00000F  000BF5      17CC       0  CODE        2
                text39                         000BF5  00000F  000C04      17EA       0  CODE        2
                text1                          000C04  000011  000C15      1808       0  CODE        2
                text58                         000C15  000012  000C27      182A       0  CODE        2
                text18                         000C27  000013  000C3A      184E       0  CODE        2
                text12                         000C3A  000013  000C4D      1874       0  CODE        2
                text60                         000C4D  000016  000C63      189A       0  CODE        2
                text62                         000C63  000017  000C7A      18C6       0  CODE        2
                text20                         000C7A  000017  000C91      18F4       0  CODE        2
                text57                         000C91  000019  000CAA      1922       0  CODE        2
                text68                         000CAA  00001A  000CC4      1954       0  CODE        2
                text33                         000CC4  00001B  000CDF      1988       0  CODE        2
                text16                         000CDF  00001C  000CFB      19BE       0  CODE        2
                text5                          000CFB  00001C  000D17      19F6       0  CODE        2
                text36                         000D17  00001E  000D35      1A2E       0  CODE        2
                text43                         000D35  00001F  000D54      1A6A       0  CODE        2
                text3                          000D54  000020  000D74      1AA8       0  CODE        2
                text64                         000D74  000022  000D96      1AE8       0  CODE        2
                text55                         000D96  000023  000DB9      1B2C       0  CODE        2
                text45                         000DB9  000023  000DDC      1B72       0  CODE        2
                text38                         000DDC  000025  000E01      1BB8       0  CODE        2
                text10                         000E01  00002B  000E2C      1C02       0  CODE        2
                text44                         000E2C  00003C  000E68      1C58       0  CODE        2
                text4                          000E68  00003D  000EA5      1CD0       0  CODE        2
                text23                         000EA5  00003F  000EE4      1D4A       0  CODE        2
                text35                         000EE4  000041  000F25      1DC8       0  CODE        2
                text46                         000F25  000042  000F67      1E4A       0  CODE        2
                maintext                       000F67  000045  000FAC      1ECE       0  CODE        2
                text47                         000FAC  000054  001000      1F58       0  CODE        2


UNUSED ADDRESS RANGES

        Name                Unused          Largest block    Delta
        BANK2            00156-0016F              1A           1
        BANK3            001A0-001EF              50           1
        BANK4            00220-0024F              30           1
        BIGRAM           02000-0216F             170           1
        CODE             00800-00B1D             31E           2
        CONST            00800-00B1D             100           2
        EEDATA           0F000-0F0FF             100           2
        ENTRY            00800-00B1D             100           2
        IDLOC            08000-08003               4           2
        RAM              00156-0016F              1A           1
                         001A0-001EF              50
                         00220-0024F              30
        SFR0             00000-0001F              20           1
        SFR1             00080-0009F              20           1
        SFR10            00500-0056F              70           1
        SFR11            00580-005EF              70           1
        SFR12            00600-0066F              70           1
        SFR13            00680-006EF              70           1
        SFR14            00700-0076F              70           1
        SFR15            00780-007EF              70           1
        SFR16            00800-0086F              70           1
        SFR17            00880-008EF              70           1
        SFR18            00900-0096F              70           1
        SFR19            00980-009EF              70           1
        SFR2             00100-0011F              20           1
        SFR20            00A00-00A6F              70           1
        SFR21            00A80-00AEF              70           1
        SFR22            00B00-00B6F              70           1
        SFR23            00B80-00BEF              70           1
        SFR24            00C00-00C6F              70           1
        SFR25            00C80-00CEF              70           1
        SFR26            00D00-00D6F              70           1
        SFR27            00D80-00DEF              70           1
        SFR28            00E00-00E6F              70           1
        SFR29            00E80-00EEF              70           1
        SFR3             00180-0019F              20           1
        SFR30            00F00-00F6F              70           1
        SFR31            00F80-00FEF              70           1
        SFR4             00200-0021F              20           1
        SFR5             00280-002EF              70           1
        SFR6             00300-0036F              70           1
        SFR7             00380-003EF              70           1
        SFR8             00400-0046F              70           1
        SFR9             00480-004EF              70           1
        STRCODE          00800-00B1D             31E           2
        STRING           00800-00B1D             100           2

                                  Symbol Table

?_ADC_GetConversion                            cstackBANK1  000D2
?_TMR1_ReadTimer                               cstackCOMMON 00070
?__Umul8_16                                    cstackCOMMON 00070
?___fldiv                                      cstackBANK0  00048
?___flmul                                      cstackBANK0  0002E
?___fltol                                      cstackBANK0  00062
?___lwdiv                                      cstackBANK1  000D8
?___wmul                                       cstackBANK1  000D2
?___xxtofl                                     cstackBANK0  00020
?i1___lwdiv                                    cstackCOMMON 00076
?i1___wmul                                     cstackCOMMON 00070
ADC_GetConversion@channel                      cstackBANK1  000D5
EPWM1_LoadDutyValue@dutyValue                  cstackBANK1  000D2
EUSART_Read@readValue                          cstackCOMMON 00071
EUSART_SetErrorHandler@interruptHandler        cstackBANK1  000D2
EUSART_SetFramingErrorHandler@interruptHandler cstackBANK1  000D2
EUSART_SetOverrunErrorHandler@interruptHandler cstackBANK1  000D2
EUSART_SetRxInterruptHandler@interruptHandler  cstackBANK1  000D2
EUSART_SetTxInterruptHandler@interruptHandler  cstackBANK1  000D2
TMR0_SetInterruptHandler@InterruptHandler      cstackBANK1  000D2
TMR1_ReadTimer@readVal                         cstackCOMMON 00077
TMR1_ReadTimer@readValHigh                     cstackCOMMON 00079
TMR1_ReadTimer@readValLow                      cstackCOMMON 0007A
TMR1_SetGateInterruptHandler@InterruptHandler  cstackBANK1  000D2
TMR4_LoadPeriodRegister@periodVal              cstackBANK1  000D2
TMR4_ReadTimer@readVal                         cstackBANK1  000D2
TMR6_SetInterruptHandler@InterruptHandler      cstackBANK1  000D2
_ADCON0                                        (abs)        0009D
_ADCON0bits                                    (abs)        0009D
_ADCON1                                        (abs)        0009E
_ADC_GetConversion                             text33       00CC4
_ADC_Initialize                                text32       00B6A
_ADRESH                                        (abs)        0009C
_ADRESL                                        (abs)        0009B
_ANSELA                                        (abs)        0018C
_ANSELB                                        (abs)        0018D
_APFCON0                                       (abs)        0011D
_APFCON1                                       (abs)        0011E
_BAUDCON                                       (abs)        0019F
_BORCON                                        (abs)        00116
_CCP1CON                                       (abs)        00293
_CCPR1H                                        (abs)        00292
_CCPR1L                                        (abs)        00291
_CCPTMRS0bits                                  (abs)        0029E
_CM1CON0                                       (abs)        00111
_CM1CON1                                       (abs)        00112
_CMOUTbits                                     (abs)        00115
_CMP1_GetOutputStatus                          text48       00B2E
_CMP1_Initialize                               text31       00B3F
_DACCON0                                       (abs)        00118
_DACCON1                                       (abs)        00119
_DAC_Initialize                                text30       00B45
_ECCP1AS                                       (abs)        00295
_EPWM1_Initialize                              text29       00BD8
_EPWM1_LoadDutyValue                           text5        00CFB
_EUSART_DefaultErrorHandler                    text67       00B26
_EUSART_DefaultFramingErrorHandler             text66       00B1E
_EUSART_DefaultOverrunErrorHandler             text65       00B2A
_EUSART_ErrorHandler                           nvBANK2      0014C
_EUSART_FramingErrorHandler                    nvBANK2      00150
_EUSART_Initialize                             text23       00EA5
_EUSART_OverrunErrorHandler                    nvBANK2      0014E
_EUSART_Read                                   text38       00DDC
_EUSART_Receive_ISR                            text35       00EE4
_EUSART_RxDataHandler                          text68       00CAA
_EUSART_RxDefaultInterruptHandler              nvBANK2      00152
_EUSART_SetErrorHandler                        text28       00B7A
_EUSART_SetFramingErrorHandler                 text27       00B83
_EUSART_SetOverrunErrorHandler                 text26       00B8C
_EUSART_SetRxInterruptHandler                  text25       00B95
_EUSART_SetTxInterruptHandler                  text24       00B9E
_EUSART_Transmit_ISR                           text64       00D74
_EUSART_TxDefaultInterruptHandler              nvBANK2      00154
_FVRCON                                        (abs)        00117
_FVRCONbits                                    (abs)        00117
_FVR_Initialize                                text22       00B32
_INTCONbits                                    (abs)        0000B
_INTERRUPT_InterruptManager                    intentry     00004
_LATA                                          (abs)        0010C
_LATAbits                                      (abs)        0010C
_LATB                                          (abs)        0010D
_OPTION_REG                                    (abs)        00095
_OPTION_REGbits                                (abs)        00095
_OSCCON                                        (abs)        00099
_OSCILLATOR_Initialize                         text21       00B63
_OSCTUNE                                       (abs)        00098
_PIE1bits                                      (abs)        00091
_PIE3bits                                      (abs)        00093
_PIN_MANAGER_IOC                               text63       00B1F
_PIN_MANAGER_Initialize                        text20       00C7A
_PIR1bits                                      (abs)        00011
_PIR3bits                                      (abs)        00013
_PR2                                           (abs)        0001B
_PR4                                           (abs)        00416
_PR6                                           (abs)        0041D
_PSTR1CON                                      (abs)        00296
_PWM1CON                                       (abs)        00294
_RCREG                                         (abs)        00199
_RCSTA                                         (abs)        0019D
_RCSTAbits                                     (abs)        0019D
_Rx_ctrl                                       bssBANK1     000C8
_SPBRGH                                        (abs)        0019C
_SPBRGL                                        (abs)        0019B
_SYSTEM_Initialize                             text10       00E01
_T1CON                                         (abs)        00018
_T1CONbits                                     (abs)        00018
_T1GCON                                        (abs)        00019
_T1GCONbits                                    (abs)        00019
_T2CON                                         (abs)        0001C
_T2CONbits                                     (abs)        0001C
_T4CON                                         (abs)        00417
_T4CONbits                                     (abs)        00417
_T6CON                                         (abs)        0041E
_T6CONbits                                     (abs)        0041E
_TMR0                                          (abs)        00015
_TMR0_DefaultInterruptHandler                  text59       00002
_TMR0_ISR                                      text58       00C15
_TMR0_Initialize                               text18       00C27
_TMR0_InterruptHandler                         nvBANK2      0014A
_TMR0_Reload                                   text37       00B3A
_TMR0_SetInterruptHandler                      text19       00BA7
_TMR1H                                         (abs)        00017
_TMR1L                                         (abs)        00016
_TMR1_DefaultGateInterruptHandler              text50       00003
_TMR1_GATE_ISR                                 text49       00BE6
_TMR1_GateInterruptHandler                     nvBANK2      00146
_TMR1_Initialize                               text16       00CDF
_TMR1_ReadTimer                                text57       00C91
_TMR1_SetGateInterruptHandler                  text17       00BB0
_TMR2                                          (abs)        0001A
_TMR2_Initialize                               text15       00B72
_TMR4                                          (abs)        00415
_TMR4_Initialize                               text14       007F5
_TMR4_LoadPeriodRegister                       text7        00B51
_TMR4_ReadTimer                                text9        00B4B
_TMR4_StartTimer                               text6        00B23
_TMR4_StopTimer                                text8        00B20
_TMR6                                          (abs)        0041C
_TMR6_DefaultInterruptHandler                  text40       007FF
_TMR6_ISR                                      text39       00BF5
_TMR6_Initialize                               text12       00C3A
_TMR6_InterruptHandler                         nvBANK2      00148
_TMR6_SetInterruptHandler                      text13       00BB9
_TRISA                                         (abs)        0008C
_TRISB                                         (abs)        0008D
_TXREG                                         (abs)        0019A
_TXSTA                                         (abs)        0019E
_TXSTAbits                                     (abs)        0019E
_WDTCON                                        (abs)        00097
_WDT_Initialize                                text11       00B36
_WPUA                                          (abs)        0020C
_WPUB                                          (abs)        0020D
__H__absolute__                                __absolute__ 00000
__Habs1                                        abs1         00000
__Hbank0                                       bank0        00000
__Hbank1                                       bank1        00000
__Hbank10                                      bank10       00000
__Hbank11                                      bank11       00000
__Hbank12                                      bank12       00000
__Hbank13                                      bank13       00000
__Hbank14                                      bank14       00000
__Hbank15                                      bank15       00000
__Hbank16                                      bank16       00000
__Hbank17                                      bank17       00000
__Hbank18                                      bank18       00000
__Hbank19                                      bank19       00000
__Hbank2                                       bank2        00000
__Hbank20                                      bank20       00000
__Hbank21                                      bank21       00000
__Hbank22                                      bank22       00000
__Hbank23                                      bank23       00000
__Hbank24                                      bank24       00000
__Hbank25                                      bank25       00000
__Hbank26                                      bank26       00000
__Hbank27                                      bank27       00000
__Hbank28                                      bank28       00000
__Hbank29                                      bank29       00000
__Hbank3                                       bank3        00000
__Hbank30                                      bank30       00000
__Hbank31                                      bank31       00000
__Hbank4                                       bank4        00000
__Hbank5                                       bank5        00000
__Hbank6                                       bank6        00000
__Hbank7                                       bank7        00000
__Hbank8                                       bank8        00000
__Hbank9                                       bank9        00000
__Hbigram                                      bigram       00000
__HbssBANK0                                    bssBANK0     00000
__HbssBANK1                                    bssBANK1     00000
__HbssBANK2                                    bssBANK2     00000
__Hcinit                                       cinit        00086
__Hclrtext                                     clrtext      00000
__Hcode                                        code         00000
__Hcommon                                      common       00000
__Hconfig                                      config       08009
__HcstackBANK0                                 cstackBANK0  00000
__HcstackBANK1                                 cstackBANK1  00000
__HcstackCOMMON                                cstackCOMMON 00000
__HdataBANK1                                   dataBANK1    00000
__Heeprom_data                                 eeprom_data  00000
__Hend_init                                    end_init     00064
__Hfunctab                                     functab      00000
__Hheap                                        heap         00000
__HidataBANK1                                  idataBANK1   00000
__Hinit                                        init         00062
__Hinittext                                    inittext     00000
__Hintentry                                    intentry     00062
__Hmaintext                                    maintext     00000
__HnvBANK2                                     nvBANK2      00000
__Hpowerup                                     powerup      00000
__Hram                                         ram          00000
__Hreset_vec                                   reset_vec    00002
__Hsfr0                                        sfr0         00000
__Hsfr1                                        sfr1         00000
__Hsfr10                                       sfr10        00000
__Hsfr11                                       sfr11        00000
__Hsfr12                                       sfr12        00000
__Hsfr13                                       sfr13        00000
__Hsfr14                                       sfr14        00000
__Hsfr15                                       sfr15        00000
__Hsfr16                                       sfr16        00000
__Hsfr17                                       sfr17        00000
__Hsfr18                                       sfr18        00000
__Hsfr19                                       sfr19        00000
__Hsfr2                                        sfr2         00000
__Hsfr20                                       sfr20        00000
__Hsfr21                                       sfr21        00000
__Hsfr22                                       sfr22        00000
__Hsfr23                                       sfr23        00000
__Hsfr24                                       sfr24        00000
__Hsfr25                                       sfr25        00000
__Hsfr26                                       sfr26        00000
__Hsfr27                                       sfr27        00000
__Hsfr28                                       sfr28        00000
__Hsfr29                                       sfr29        00000
__Hsfr3                                        sfr3         00000
__Hsfr30                                       sfr30        00000
__Hsfr31                                       sfr31        00000
__Hsfr4                                        sfr4         00000
__Hsfr5                                        sfr5         00000
__Hsfr6                                        sfr6         00000
__Hsfr7                                        sfr7         00000
__Hsfr8                                        sfr8         00000
__Hsfr9                                        sfr9         00000
__Hsivt                                        sivt         00062
__Hspace_0                                     (abs)        01000
__Hspace_1                                     (abs)        00156
__Hspace_2                                     (abs)        00000
__Hspace_3                                     (abs)        00000
__Hspace_4                                     (abs)        10010
__Hstack                                       stack        00000
__Hstrings                                     strings      00000
__Htext                                        text         00000
__L__absolute__                                __absolute__ 00000
__Labs1                                        abs1         00000
__Lbank0                                       bank0        00000
__Lbank1                                       bank1        00000
__Lbank10                                      bank10       00000
__Lbank11                                      bank11       00000
__Lbank12                                      bank12       00000
__Lbank13                                      bank13       00000
__Lbank14                                      bank14       00000
__Lbank15                                      bank15       00000
__Lbank16                                      bank16       00000
__Lbank17                                      bank17       00000
__Lbank18                                      bank18       00000
__Lbank19                                      bank19       00000
__Lbank2                                       bank2        00000
__Lbank20                                      bank20       00000
__Lbank21                                      bank21       00000
__Lbank22                                      bank22       00000
__Lbank23                                      bank23       00000
__Lbank24                                      bank24       00000
__Lbank25                                      bank25       00000
__Lbank26                                      bank26       00000
__Lbank27                                      bank27       00000
__Lbank28                                      bank28       00000
__Lbank29                                      bank29       00000
__Lbank3                                       bank3        00000
__Lbank30                                      bank30       00000
__Lbank31                                      bank31       00000
__Lbank4                                       bank4        00000
__Lbank5                                       bank5        00000
__Lbank6                                       bank6        00000
__Lbank7                                       bank7        00000
__Lbank8                                       bank8        00000
__Lbank9                                       bank9        00000
__Lbigram                                      bigram       00000
__LbssBANK0                                    bssBANK0     00000
__LbssBANK1                                    bssBANK1     00000
__LbssBANK2                                    bssBANK2     00000
__Lcinit                                       cinit        00064
__Lclrtext                                     clrtext      00000
__Lcode                                        code         00000
__Lcommon                                      common       00000
__Lconfig                                      config       00000
__LcstackBANK0                                 cstackBANK0  00000
__LcstackBANK1                                 cstackBANK1  00000
__LcstackCOMMON                                cstackCOMMON 00000
__LdataBANK1                                   dataBANK1    00000
__Leeprom_data                                 eeprom_data  00000
__Lend_init                                    end_init     00062
__Lfunctab                                     functab      00000
__Lheap                                        heap         00000
__LidataBANK1                                  idataBANK1   00000
__Linit                                        init         00062
__Linittext                                    inittext     00000
__Lintentry                                    intentry     00004
__Lmaintext                                    maintext     00000
__LnvBANK2                                     nvBANK2      00000
__Lpowerup                                     powerup      00000
__Lram                                         ram          00000
__Lreset_vec                                   reset_vec    00000
__Lsfr0                                        sfr0         00000
__Lsfr1                                        sfr1         00000
__Lsfr10                                       sfr10        00000
__Lsfr11                                       sfr11        00000
__Lsfr12                                       sfr12        00000
__Lsfr13                                       sfr13        00000
__Lsfr14                                       sfr14        00000
__Lsfr15                                       sfr15        00000
__Lsfr16                                       sfr16        00000
__Lsfr17                                       sfr17        00000
__Lsfr18                                       sfr18        00000
__Lsfr19                                       sfr19        00000
__Lsfr2                                        sfr2         00000
__Lsfr20                                       sfr20        00000
__Lsfr21                                       sfr21        00000
__Lsfr22                                       sfr22        00000
__Lsfr23                                       sfr23        00000
__Lsfr24                                       sfr24        00000
__Lsfr25                                       sfr25        00000
__Lsfr26                                       sfr26        00000
__Lsfr27                                       sfr27        00000
__Lsfr28                                       sfr28        00000
__Lsfr29                                       sfr29        00000
__Lsfr3                                        sfr3         00000
__Lsfr30                                       sfr30        00000
__Lsfr31                                       sfr31        00000
__Lsfr4                                        sfr4         00000
__Lsfr5                                        sfr5         00000
__Lsfr6                                        sfr6         00000
__Lsfr7                                        sfr7         00000
__Lsfr8                                        sfr8         00000
__Lsfr9                                        sfr9         00000
__Lsivt                                        sivt         00062
__Lspace_0                                     (abs)        00000
__Lspace_1                                     (abs)        00000
__Lspace_2                                     (abs)        00000
__Lspace_3                                     (abs)        00000
__Lspace_4                                     (abs)        00000
__Lstack                                       stack        00000
__Lstrings                                     strings      00000
__Ltext                                        text         00000
__S0                                           (abs)        01000
__S1                                           (abs)        00156
__S3                                           (abs)        00000
__Umul8_16                                     text55       00D96
__Umul8_16@multiplicand                        cstackCOMMON 00070
__Umul8_16@multiplier                          cstackCOMMON 00078
__Umul8_16@product                             cstackCOMMON 00074
__Umul8_16@word_mpld                           cstackCOMMON 00076
___fldiv                                       text56       002C1
___fldiv@a                                     cstackBANK0  00048
___fldiv@aexp                                  cstackBANK0  00061
___fldiv@b                                     cstackBANK0  0004C
___fldiv@bexp                                  cstackBANK0  00060
___fldiv@grs                                   cstackBANK0  0005C
___fldiv@new_exp                               cstackBANK0  0005A
___fldiv@rem                                   cstackBANK0  00055
___fldiv@sign                                  cstackBANK0  00059
___flmul                                       text54       00086
___flmul@a                                     cstackBANK0  00032
___flmul@aexp                                  cstackBANK0  00040
___flmul@b                                     cstackBANK0  0002E
___flmul@bexp                                  cstackBANK0  00041
___flmul@grs                                   cstackBANK0  0003C
___flmul@prod                                  cstackBANK0  00042
___flmul@sign                                  cstackBANK0  0003B
___flmul@temp                                  cstackBANK0  00046
___fltol                                       text53       00784
___fltol@exp1                                  cstackCOMMON 0007C
___fltol@f1                                    cstackBANK0  00062
___fltol@sign1                                 cstackCOMMON 0007B
___heap_hi                                     (abs)        00000
___heap_lo                                     (abs)        00000
___int_sp                                      stack        00000
___int_stack_hi                                stack        00000
___int_stack_lo                                stack        00000
___latbits                                     (abs)        00001
___lwdiv                                       text4        00E68
___lwdiv@counter                               cstackBANK1  000DF
___lwdiv@dividend                              cstackBANK1  000DA
___lwdiv@divisor                               cstackBANK1  000D8
___lwdiv@quotient                              cstackBANK1  000DD
___sp                                          stack        00000
___stack_hi                                    stack        00000
___stack_lo                                    stack        00000
___stackhi                                     (abs)        00000
___stacklo                                     (abs)        00000
___wmul                                        text3        00D54
___wmul@multiplicand                           cstackBANK1  000D4
___wmul@multiplier                             cstackBANK1  000D2
___wmul@product                                cstackBANK1  000D6
___xxtofl                                      text52       00519
___xxtofl@arg                                  cstackBANK0  0002A
___xxtofl@exp                                  cstackBANK0  00029
___xxtofl@sign                                 cstackBANK0  00028
___xxtofl@val                                  cstackBANK0  00020
__end_of_ADC_GetConversion                     text33       00CDF
__end_of_ADC_Initialize                        text32       00B72
__end_of_CMP1_GetOutputStatus                  text48       00B32
__end_of_CMP1_Initialize                       text31       00B45
__end_of_DAC_Initialize                        text30       00B4B
__end_of_EPWM1_Initialize                      text29       00BE6
__end_of_EPWM1_LoadDutyValue                   text5        00D17
__end_of_EUSART_DefaultErrorHandler            text67       00B2A
__end_of_EUSART_DefaultFramingErrorHandler     text66       00B1F
__end_of_EUSART_DefaultOverrunErrorHandler     text65       00B2E
__end_of_EUSART_Initialize                     text23       00EE4
__end_of_EUSART_Read                           text38       00E01
__end_of_EUSART_Receive_ISR                    text35       00F25
__end_of_EUSART_RxDataHandler                  text68       00CC4
__end_of_EUSART_SetErrorHandler                text28       00B83
__end_of_EUSART_SetFramingErrorHandler         text27       00B8C
__end_of_EUSART_SetOverrunErrorHandler         text26       00B95
__end_of_EUSART_SetRxInterruptHandler          text25       00B9E
__end_of_EUSART_SetTxInterruptHandler          text24       00BA7
__end_of_EUSART_Transmit_ISR                   text64       00D96
__end_of_FVR_Initialize                        text22       00B36
__end_of_INTERRUPT_InterruptManager            intentry     00062
__end_of_OSCILLATOR_Initialize                 text21       00B6A
__end_of_PIN_MANAGER_IOC                       text63       00B20
__end_of_PIN_MANAGER_Initialize                text20       00C91
__end_of_SYSTEM_Initialize                     text10       00E2C
__end_of_TMR0_DefaultInterruptHandler          text59       00003
__end_of_TMR0_ISR                              text58       00C27
__end_of_TMR0_Initialize                       text18       00C3A
__end_of_TMR0_Reload                           text37       00B3F
__end_of_TMR0_SetInterruptHandler              text19       00BB0
__end_of_TMR1_DefaultGateInterruptHandler      text50       00004
__end_of_TMR1_GATE_ISR                         text49       00BF5
__end_of_TMR1_Initialize                       text16       00CFB
__end_of_TMR1_ReadTimer                        text57       00CAA
__end_of_TMR1_SetGateInterruptHandler          text17       00BB9
__end_of_TMR2_Initialize                       text15       00B7A
__end_of_TMR4_Initialize                       text14       007FF
__end_of_TMR4_LoadPeriodRegister               text7        00B57
__end_of_TMR4_ReadTimer                        text9        00B51
__end_of_TMR4_StartTimer                       text6        00B26
__end_of_TMR4_StopTimer                        text8        00B23
__end_of_TMR6_DefaultInterruptHandler          text40       00800
__end_of_TMR6_ISR                              text39       00C04
__end_of_TMR6_Initialize                       text12       00C4D
__end_of_TMR6_SetInterruptHandler              text13       00BC2
__end_of_WDT_Initialize                        text11       00B3A
__end_of__Umul8_16                             text55       00DB9
__end_of___fldiv                               text56       0046B
__end_of___flmul                               text54       002C1
__end_of___fltol                               text53       007F5
__end_of___lwdiv                               text4        00EA5
__end_of___wmul                                text3        00D74
__end_of___xxtofl                              text52       005C4
__end_of__initialization                       cinit        00082
__end_of_analisa_Rx                            text61       00519
__end_of_controlchoose                         text1        00C15
__end_of_daUmPasso                             text46       00F67
__end_of_definePassoMotor                      text47       01000
__end_of_end_Rx                                text60       00C63
__end_of_fluxControlChoice                     text41       00BCC
__end_of_fluxcontrol                           text42       00664
__end_of_fluxpos                               text45       00DDC
__end_of_main                                  maintext     00FAC
__end_of_mede_height                           text51       00784
__end_of_pwmcontrol                            text2        006F6
__end_of_receive                               text36       00D35
__end_ofi1_EPWM1_LoadDutyValue                 text62       00C7A
__end_ofi1___lwdiv                             text44       00E68
__end_ofi1___wmul                              text43       00D54
__initialization                               cinit        00064
__pbssBANK0                                    bssBANK0     0006E
__pbssBANK1                                    bssBANK1     000A0
__pbssBANK2                                    bssBANK2     00120
__pcstackBANK0                                 cstackBANK0  00020
__pcstackBANK1                                 cstackBANK1  000D2
__pcstackCOMMON                                cstackCOMMON 00070
__pdataBANK1                                   dataBANK1    000E4
__pidataBANK1                                  idataBANK1   00BCC
__pintentry                                    intentry     00004
__pmaintext                                    maintext     00F67
__pnvBANK2                                     nvBANK2      00144
__ptext1                                       text1        00C04
__ptext10                                      text10       00E01
__ptext11                                      text11       00B36
__ptext12                                      text12       00C3A
__ptext13                                      text13       00BB9
__ptext14                                      text14       007F5
__ptext15                                      text15       00B72
__ptext16                                      text16       00CDF
__ptext17                                      text17       00BB0
__ptext18                                      text18       00C27
__ptext19                                      text19       00BA7
__ptext2                                       text2        00664
__ptext20                                      text20       00C7A
__ptext21                                      text21       00B63
__ptext22                                      text22       00B32
__ptext23                                      text23       00EA5
__ptext24                                      text24       00B9E
__ptext25                                      text25       00B95
__ptext26                                      text26       00B8C
__ptext27                                      text27       00B83
__ptext28                                      text28       00B7A
__ptext29                                      text29       00BD8
__ptext3                                       text3        00D54
__ptext30                                      text30       00B45
__ptext31                                      text31       00B3F
__ptext32                                      text32       00B6A
__ptext33                                      text33       00CC4
__ptext35                                      text35       00EE4
__ptext36                                      text36       00D17
__ptext37                                      text37       00B3A
__ptext38                                      text38       00DDC
__ptext39                                      text39       00BF5
__ptext4                                       text4        00E68
__ptext40                                      text40       007FF
__ptext41                                      text41       00BC2
__ptext42                                      text42       005C4
__ptext43                                      text43       00D35
__ptext44                                      text44       00E2C
__ptext45                                      text45       00DB9
__ptext46                                      text46       00F25
__ptext47                                      text47       00FAC
__ptext48                                      text48       00B2E
__ptext49                                      text49       00BE6
__ptext5                                       text5        00CFB
__ptext50                                      text50       00003
__ptext51                                      text51       006F6
__ptext52                                      text52       00519
__ptext53                                      text53       00784
__ptext54                                      text54       00086
__ptext55                                      text55       00D96
__ptext56                                      text56       002C1
__ptext57                                      text57       00C91
__ptext58                                      text58       00C15
__ptext59                                      text59       00002
__ptext6                                       text6        00B23
__ptext60                                      text60       00C4D
__ptext61                                      text61       0046B
__ptext62                                      text62       00C63
__ptext63                                      text63       00B1F
__ptext64                                      text64       00D74
__ptext65                                      text65       00B2A
__ptext66                                      text66       00B1E
__ptext67                                      text67       00B26
__ptext68                                      text68       00CAA
__ptext7                                       text7        00B51
__ptext8                                       text8        00B20
__ptext9                                       text9        00B4B
_adc_temp                                      nvBANK2      00144
_analisa_Rx                                    text61       0046B
_balldist                                      bssBANK1     000BA
_ballset                                       bssBANK1     000B8
_bufferRx                                      bssBANK1     000A0
_controlchoice                                 dataBANK1    000EF
_controlchoose                                 text1        00C04
_countRx                                       bssBANK1     000C6
_count_40ms                                    bssBANK1     000C5
_daUmPasso                                     text46       00F25
_dc                                            bssBANK1     000AC
_definePassoMotor                              text47       00FAC
_end_Rx                                        text60       00C4D
_error                                         bssBANK1     000BC
_eusartRxBuffer                                bssBANK2     00128
_eusartRxCount                                 bssBANK1     000CC
_eusartRxHead                                  bssBANK1     000CE
_eusartRxLastError                             bssBANK1     000CB
_eusartRxStatusBuffer                          bssBANK2     00120
_eusartRxTail                                  bssBANK1     000CD
_eusartTxBuffer                                bssBANK2     00130
_eusartTxBufferRemaining                       bssBANK1     000CF
_eusartTxHead                                  bssBANK1     000D1
_eusartTxTail                                  bssBANK1     000D0
_fim_curso                                     bssBANK1     000C3
_float_temp                                    bssBANK2     00138
_flux                                          bssBANK1     000B6
_fluxControlChoice                             text41       00BC2
_fluxcontrol                                   text42       005C4
_fluxcontrol$2075                              cstackBANK0  00022
_fluxpos                                       text45       00DB9
_func_mode                                     bssBANK1     000C7
_height                                        bssBANK1     000AA
_incPos                                        dataBANK1    000EE
_kif                                           dataBANK1    000EA
_kpf                                           dataBANK1    000EC
_main                                          maintext     00F67
_mede_height                                   text51       006F6
_output                                        bssBANK1     000B2
_outputsum                                     bssBANK1     000B4
_passo                                         bssBANK1     000C4
_position                                      bssBANK1     000A8
_pwmcontrol                                    text2        00664
_pwmcontrol$2053                               cstackBANK1  000E2
_receive                                       text36       00D17
_sp_height                                     bssBANK1     000AE
_sp_position                                   bssBANK2     00140
_tempo_voo                                     bssBANK2     0013C
_timecontrol                                   bssBANK1     000C9
_timer0ReloadVal                               bssBANK1     000CA
_timer1ReloadVal                               bssBANK1     000BE
_vRx                                           bssBANK0     0006E
_vTx                                           bssBANK1     000B0
btemp                                          (abs)        0007E
clear_ram0                                     clrtext      00B57
daUmPasso@sentido                              cstackCOMMON 00074
definePassoMotor@passo                         cstackCOMMON 00071
definePassoMotor@sentido                       cstackCOMMON 00070
end_of_initialization                          cinit        00082
i1EPWM1_LoadDutyValue@dutyValue                cstackCOMMON 00070
i1_EPWM1_LoadDutyValue                         text62       00C63
i1___lwdiv                                     text44       00E2C
i1___lwdiv@counter                             cstackCOMMON 0007D
i1___lwdiv@dividend                            cstackCOMMON 00078
i1___lwdiv@divisor                             cstackCOMMON 00076
i1___lwdiv@quotient                            cstackCOMMON 0007B
i1___wmul                                      text43       00D35
i1___wmul@multiplicand                         cstackCOMMON 00072
i1___wmul@multiplier                           cstackCOMMON 00070
i1___wmul@product                              cstackCOMMON 00074
init_ram                                       inittext     00B5D
int$flags                                      (abs)        0007E
intlevel0                                      functab      00000
intlevel1                                      functab      00000
intlevel2                                      functab      00000
intlevel3                                      functab      00000
intlevel4                                      functab      00000
intlevel5                                      functab      00000
reset_vec                                      reset_vec    00000
start                                          init         00062
start_initialization                           cinit        00064
wtemp0                                         (abs)        0007E


MODULE INFORMATION

Module		Function		Class		Link	Load	Size
C:\Program Files\Microchip\xc8\v2.46\pic\sources\c99\common\fltol.c
		___fltol       		CODE           	0784	0000	113

C:\Program Files\Microchip\xc8\v2.46\pic\sources\c99\common\fltol.c estimated size: 113

C:\Program Files\Microchip\xc8\v2.46\pic\sources\c99\common\Umul8_16.c
		__Umul8_16     		CODE           	0D96	0000	35

C:\Program Files\Microchip\xc8\v2.46\pic\sources\c99\common\Umul8_16.c estimated size: 35

mcc_generated_files/cmp1.c
		_CMP1_Initialize		CODE           	0B3F	0000	6
		_CMP1_GetOutputStatus		CODE           	0B2E	0000	4

mcc_generated_files/cmp1.c estimated size: 10

mcc_generated_files/tmr6.c
		_TMR6_ISR      		CODE           	0BF5	0000	15
		_TMR6_Initialize		CODE           	0C3A	0000	19
		_TMR6_SetInterruptHandler		CODE           	0BB9	0000	9
		_TMR6_DefaultInterruptHandler		CODE           	07FF	0000	1

mcc_generated_files/tmr6.c estimated size: 44

mcc_generated_files/fvr.c
		_FVR_Initialize		CODE           	0B32	0000	4

mcc_generated_files/fvr.c estimated size: 4

mcc_generated_files/tmr4.c
		_TMR4_LoadPeriodRegister		CODE           	0B51	0000	6
		_TMR4_Initialize		CODE           	07F5	0000	10
		_TMR4_StopTimer		CODE           	0B20	0000	3
		_TMR4_StartTimer		CODE           	0B23	0000	3
		_TMR4_ReadTimer		CODE           	0B4B	0000	6

mcc_generated_files/tmr4.c estimated size: 28

C:\Program Files\Microchip\xc8\v2.46\pic\sources\c99\common\lwdiv.c
		___lwdiv       		CODE           	0E68	0000	61

C:\Program Files\Microchip\xc8\v2.46\pic\sources\c99\common\lwdiv.c estimated size: 61

mcc_generated_files/tmr2.c
		_TMR2_Initialize		CODE           	0B72	0000	8

mcc_generated_files/tmr2.c estimated size: 8

mcc_generated_files/interrupt_manager.c
		_INTERRUPT_InterruptManager		CODE           	0004	0000	94

mcc_generated_files/interrupt_manager.c estimated size: 94

C:\Program Files\Microchip\xc8\v2.46\pic\sources\c99\common\xxtofl.c
		___xxtofl      		CODE           	0519	0000	171

C:\Program Files\Microchip\xc8\v2.46\pic\sources\c99\common\xxtofl.c estimated size: 171

mcc_generated_files/tmr0.c
		_TMR0_SetInterruptHandler		CODE           	0BA7	0000	9
		_TMR0_Reload   		CODE           	0B3A	0000	5
		_TMR0_DefaultInterruptHandler		CODE           	0002	0000	1
		_TMR0_ISR      		CODE           	0C15	0000	18
		_TMR0_Initialize		CODE           	0C27	0000	19

mcc_generated_files/tmr0.c estimated size: 52

mcc_generated_files/pin_manager.c
		_PIN_MANAGER_Initialize		CODE           	0C7A	0000	23
		_PIN_MANAGER_IOC		CODE           	0B1F	0000	1

mcc_generated_files/pin_manager.c estimated size: 24

C:\Program Files\Microchip\xc8\v2.46\pic\sources\c99\common\sprcmul.c
		___flmul       		CODE           	0086	0000	571

C:\Program Files\Microchip\xc8\v2.46\pic\sources\c99\common\sprcmul.c estimated size: 571

C:\Program Files\Microchip\xc8\v2.46\pic\sources\c99\common\sprcdiv.c
		___fldiv       		CODE           	02C1	0000	426

C:\Program Files\Microchip\xc8\v2.46\pic\sources\c99\common\sprcdiv.c estimated size: 426

mcc_generated_files/adc.c
		_ADC_Initialize		CODE           	0B6A	0000	8
		_ADC_GetConversion		CODE           	0CC4	0000	27

mcc_generated_files/adc.c estimated size: 35

shared
		i1_EPWM1_LoadDutyValue		CODE           	0C63	0000	23
		i1___lwdiv     		CODE           	0E2C	0000	60
		i1___wmul      		CODE           	0D35	0000	31
		__initialization		CODE           	0064	0000	30

shared estimated size: 144

C:\Program Files\Microchip\xc8\v2.46\pic\sources\c99\common\Umul16.c
		___wmul        		CODE           	0D54	0000	32

C:\Program Files\Microchip\xc8\v2.46\pic\sources\c99\common\Umul16.c estimated size: 32

mcc_generated_files/mcc.c
		_WDT_Initialize		CODE           	0B36	0000	4
		_OSCILLATOR_Initialize		CODE           	0B63	0000	7
		_SYSTEM_Initialize		CODE           	0E01	0000	43

mcc_generated_files/mcc.c estimated size: 54

mcc_generated_files/tmr1.c
		_TMR1_Initialize		CODE           	0CDF	0000	28
		_TMR1_ReadTimer		CODE           	0C91	0000	25
		_TMR1_SetGateInterruptHandler		CODE           	0BB0	0000	9
		_TMR1_GATE_ISR 		CODE           	0BE6	0000	15
		_TMR1_DefaultGateInterruptHandler		CODE           	0003	0000	1

mcc_generated_files/tmr1.c estimated size: 78

mcc_generated_files/epwm1.c
		_EPWM1_LoadDutyValue		CODE           	0CFB	0000	28
		_EPWM1_Initialize		CODE           	0BD8	0000	14

mcc_generated_files/epwm1.c estimated size: 42

mcc_generated_files/eusart.c
		_EUSART_SetRxInterruptHandler		CODE           	0B95	0000	9
		_EUSART_SetTxInterruptHandler		CODE           	0B9E	0000	9
		_EUSART_Read   		CODE           	0DDC	0000	37
		_EUSART_DefaultOverrunErrorHandler		CODE           	0B2A	0000	4
		_EUSART_DefaultErrorHandler		CODE           	0B26	0000	4
		_EUSART_Transmit_ISR		CODE           	0D74	0000	34
		_EUSART_Initialize		CODE           	0EA5	0000	63
		_EUSART_SetFramingErrorHandler		CODE           	0B83	0000	9
		_EUSART_SetErrorHandler		CODE           	0B7A	0000	9
		_EUSART_SetOverrunErrorHandler		CODE           	0B8C	0000	9
		_EUSART_Receive_ISR		CODE           	0EE4	0000	65
		_EUSART_RxDataHandler		CODE           	0CAA	0000	26
		_EUSART_DefaultFramingErrorHandler		CODE           	0B1E	0000	1

mcc_generated_files/eusart.c estimated size: 279

mcc_generated_files/dac.c
		_DAC_Initialize		CODE           	0B45	0000	6

mcc_generated_files/dac.c estimated size: 6

main.c
		_mede_height   		CODE           	06F6	0000	142
		_main          		CODE           	0F67	0000	69
		_analisa_Rx    		CODE           	046B	0000	174
		_end_Rx        		CODE           	0C4D	0000	22
		_fluxControlChoice		CODE           	0BC2	0000	10
		_fluxpos       		CODE           	0DB9	0000	35
		_controlchoose 		CODE           	0C04	0000	17
		_daUmPasso     		CODE           	0F25	0000	66
		_receive       		CODE           	0D17	0000	30
		_definePassoMotor		CODE           	0FAC	0000	84
		_fluxcontrol   		CODE           	05C4	0000	160
		_pwmcontrol    		CODE           	0664	0000	146

main.c estimated size: 955

