Microchip MPLAB XC8 Compiler V2.46

Linker command line:

-W-3 --edf=/opt/microchip/xc8/v2.46/pic/dat/20240104201356_en.msgs -cn \
  -h+dist/default/debug/projeto_final_EE_gp1.X.debug.sym \
  --cmf=dist/default/debug/projeto_final_EE_gp1.X.debug.cmf -z -Q16F1827 \
  -o/tmp/xcXEeKLGJ/driver_tmp_3.o --defsym=__MPLAB_BUILD=1 \
  --fixupoverflow=error \
  -Mdist/default/debug/projeto_final_EE_gp1.X.debug.map \
  --md=/tmp/xcXEeKLGJ/driver_tmp_0.dat -E1 -ver=XC8 Compiler --acfsm=1493 \
  -ACODE=00h-07FFhx2 -ASTRCODE=00h-0FFFh -ASTRING=00h-0FFhx16 \
  -ACONST=00h-0FFhx16 -AENTRY=00h-0FFhx16 -ACOMMON=070h-07Fh \
  -ABANK0=020h-06Fh -ABANK1=0A0h-0EFh -ABANK2=0120h-016Fh \
  -ABANK3=01A0h-01EFh -ABANK4=0220h-024Fh -ABIGRAM=02000h-0216Fh \
  -ARAM=020h-06Fh,0A0h-0EFh,0120h-016Fh,01A0h-01EFh,0220h-024Fh \
  -AABS1=020h-07Fh,0A0h-0EFh,0120h-016Fh,01A0h-01EFh,0220h-024Fh \
  -ASFR0=00h-01Fh -ASFR1=080h-09Fh -ASFR2=0100h-011Fh -ASFR3=0180h-019Fh \
  -ASFR4=0200h-021Fh -ASFR5=0280h-02EFh -ASFR6=0300h-036Fh \
  -ASFR7=0380h-03EFh -ASFR8=0400h-046Fh -ASFR9=0480h-04EFh \
  -ASFR10=0500h-056Fh -ASFR11=0580h-05EFh -ASFR12=0600h-066Fh \
  -ASFR13=0680h-06EFh -ASFR14=0700h-076Fh -ASFR15=0780h-07EFh \
  -ASFR16=0800h-086Fh -ASFR17=0880h-08EFh -ASFR18=0900h-096Fh \
  -ASFR19=0980h-09EFh -ASFR20=0A00h-0A6Fh -ASFR21=0A80h-0AEFh \
  -ASFR22=0B00h-0B6Fh -ASFR23=0B80h-0BEFh -ASFR24=0C00h-0C6Fh \
  -ASFR25=0C80h-0CEFh -ASFR26=0D00h-0D6Fh -ASFR27=0D80h-0DEFh \
  -ASFR28=0E00h-0E6Fh -ASFR29=0E80h-0EEFh -ASFR30=0F00h-0F6Fh \
  -ASFR31=0F80h-0FEFh -ACONFIG=08007h-08008h -DCONFIG=2 \
  -AIDLOC=08000h-08003h -DIDLOC=2 -AEEDATA=00h-0FFh/0F000h \
  -peeprom_data=EEDATA -DEEDATA=2 -DCODE=2 -DSTRCODE=2 -DSTRING=2 -DCONST=2 \
  -DENTRY=2 -preset_vec=00h,intentry=04h,sivt,init,end_init -ppowerup=CODE \
  -pcinit=CODE -pfunctab=ENTRY -k /tmp/xcXEeKLGJ/driver_tmp_15.o \
  dist/default/debug/projeto_final_EE_gp1.X.debug.o 

Object code version is 3.11

Machine type is 16F1827



                Name                               Link     Load   Length Selector   Space Scale
/tmp/xcXEeKLGJ/driver_tmp_15.o
                end_init                             13       13        2        8       0
                reset_vec                             0        0        2        0       0
                config                             8007     8007        2        0       4
dist/default/debug/projeto_final_EE_gp1.X.debug.o
                cinit                                15       15       20        8       0
                intentry                              4        4        F        8       0
                config                             8007     8007        2        0       4
                text35                              3BC      3BC        1        8       0
                text33                              2A0      2A0       1B        8       0
                text32                              355      355        8        8       0
                text31                              39A      39A        6        8       0
                text30                              394      394        6        8       0
                text29                              32A      32A        E        8       0
                text28                              38E      38E        6        8       0
                text27                              388      388        6        8       0
                text26                              382      382        6        8       0
                text25                              37C      37C        6        8       0
                text24                              376      376        6        8       0
                text23                              1B0      1B0       3D        8       0
                text22                              3B2      3B2        4        8       0
                text21                              35D      35D        7        8       0
                text20                              2EC      2EC       17        8       0
                text19                              370      370        6        8       0
                text18                              318      318       12        8       0
                text17                              34D      34D        8        8       0
                text16                              343      343        A        8       0
                text15                              3AE      3AE        4        8       0
                text14                              25C      25C       25        8       0
                text13                              3A5      3A5        5        8       0
                text12                              3B9      3B9        3        8       0
                text11                              3A0      3A0        5        8       0
                text10                              3B6      3B6        3        8       0
                text9                               1ED      1ED       3C        8       0
                text8                               281      281       1F        8       0
                text7                                35       35       94        8       0
                text6                               2D5      2D5       17        8       0
                text5                                C9       C9       8F        8       0
                text4                               303      303       15        8       0
                text3                               3AA      3AA        4        8       0
                text2                               158      158       58        8       0
                text1                               2BB      2BB       1A        8       0
                maintext                            229      229       33        8       0
                cstackBANK0                          6B       6B        4       20       1
                cstackCOMMON                         70       70        E       70       1
                clrtext                             36A      36A        6        8       0
                inittext                            364      364        6        8       0
                bssBANK1                             A0       A0       10       A0       1
                dataBANK0                            5A       5A        B       20       1
                bssBANK0                             20       20       3A       20       1
                nvBANK1                              B0       B0        6       A0       1
                nvBANK0                              65       65        6       20       1
                idataBANK0                          338      338        B        8       0

TOTAL           Name                               Link     Load   Length     Space
        CLASS   CODE           
                end_init                             13       13        2         0
                cinit                                15       15       20         0
                intentry                              4        4        F         0
                reset_vec                             0        0        2         0
                text35                              3BC      3BC        1         0
                text33                              2A0      2A0       1B         0
                text32                              355      355        8         0
                text31                              39A      39A        6         0
                text30                              394      394        6         0
                text29                              32A      32A        E         0
                text28                              38E      38E        6         0
                text27                              388      388        6         0
                text26                              382      382        6         0
                text25                              37C      37C        6         0
                text24                              376      376        6         0
                text23                              1B0      1B0       3D         0
                text22                              3B2      3B2        4         0
                text21                              35D      35D        7         0
                text20                              2EC      2EC       17         0
                text19                              370      370        6         0
                text18                              318      318       12         0
                text17                              34D      34D        8         0
                text16                              343      343        A         0
                text15                              3AE      3AE        4         0
                text14                              25C      25C       25         0
                text13                              3A5      3A5        5         0
                text12                              3B9      3B9        3         0
                text11                              3A0      3A0        5         0
                text10                              3B6      3B6        3         0
                text9                               1ED      1ED       3C         0
                text8                               281      281       1F         0
                text7                                35       35       94         0
                text6                               2D5      2D5       17         0
                text5                                C9       C9       8F         0
                text4                               303      303       15         0
                text3                               3AA      3AA        4         0
                text2                               158      158       58         0
                text1                               2BB      2BB       1A         0
                maintext                            229      229       33         0
                clrtext                             36A      36A        6         0
                inittext                            364      364        6         0
                idataBANK0                          338      338        B         0

        CLASS   STRCODE        

        CLASS   STRING         

        CLASS   CONST          

        CLASS   ENTRY          

        CLASS   COMMON         
                cstackCOMMON                         70       70        E         1

        CLASS   BANK0          
                cstackBANK0                          6B       6B        4         1
                dataBANK0                            5A       5A        B         1
                bssBANK0                             20       20       3A         1
                nvBANK0                              65       65        6         1

        CLASS   BANK1          
                bssBANK1                             A0       A0       10         1
                nvBANK1                              B0       B0        6         1

        CLASS   BANK2          

        CLASS   BANK3          

        CLASS   BANK4          

        CLASS   BIGRAM         

        CLASS   RAM            

        CLASS   ABS1           
                abs_s1                               7E       7E        2         1

        CLASS   SFR0           

        CLASS   SFR1           

        CLASS   SFR2           

        CLASS   SFR3           

        CLASS   SFR4           

        CLASS   SFR5           

        CLASS   SFR6           

        CLASS   SFR7           

        CLASS   SFR8           

        CLASS   SFR9           

        CLASS   SFR10          

        CLASS   SFR11          

        CLASS   SFR12          

        CLASS   SFR13          

        CLASS   SFR14          

        CLASS   SFR15          

        CLASS   SFR16          

        CLASS   SFR17          

        CLASS   SFR18          

        CLASS   SFR19          

        CLASS   SFR20          

        CLASS   SFR21          

        CLASS   SFR22          

        CLASS   SFR23          

        CLASS   SFR24          

        CLASS   SFR25          

        CLASS   SFR26          

        CLASS   SFR27          

        CLASS   SFR28          

        CLASS   SFR29          

        CLASS   SFR30          

        CLASS   SFR31          

        CLASS   CONFIG         
                config                             8007     8007        2         4

        CLASS   IDLOC          

        CLASS   EEDATA         

        CLASS   BANK31         

        CLASS   BANK30         

        CLASS   BANK29         

        CLASS   BANK28         

        CLASS   BANK27         

        CLASS   BANK26         

        CLASS   BANK25         

        CLASS   BANK24         

        CLASS   BANK23         

        CLASS   BANK22         

        CLASS   BANK21         

        CLASS   BANK20         

        CLASS   BANK19         

        CLASS   BANK18         

        CLASS   BANK17         

        CLASS   BANK16         

        CLASS   BANK15         

        CLASS   BANK14         

        CLASS   BANK13         

        CLASS   BANK12         

        CLASS   BANK11         

        CLASS   BANK10         

        CLASS   BANK9          

        CLASS   BANK8          

        CLASS   BANK7          

        CLASS   BANK6          

        CLASS   BANK5          

        CLASS   HEAP           

        CLASS   STACK          



SEGMENTS        Name                           Load    Length   Top    Selector   Space  Class     Delta

                reset_vec                      000000  000002  000002         0       0  CODE        2
                intentry                       000004  0003B9  0003BD         8       0  CODE        2
                bssBANK1                       0000A0  000016  0000B6        A0       1  BANK1       1
                cstackCOMMON                   000070  00000E  00007E        70       1  COMMON      1
                bssBANK0                       000020  00004F  00006F        20       1  BANK0       1


UNUSED ADDRESS RANGES

        Name                Unused          Largest block    Delta
        BANK0            0006F-0006F               1           1
        BANK1            000B6-000EF              3A           1
        BANK2            00120-0016F              50           1
        BANK3            001A0-001EF              50           1
        BANK4            00220-0024F              30           1
        BIGRAM           02000-0216F             170           1
        CODE             00002-00003               2           2
                         003BD-00FFF             443
        CONST            00002-00003               2           2
                         003BD-00FFF             100
        EEDATA           0F000-0F0FF             100           2
        ENTRY            00002-00003               2           2
                         003BD-00FFF             100
        IDLOC            08000-08003               4           2
        RAM              0006F-0006F               1           1
                         000B6-000EF              3A
                         00120-0016F              50
                         001A0-001EF              50
                         00220-0024F              30
        SFR0             00000-0001F              20           1
        SFR1             00080-0009F              20           1
        SFR10            00500-0056F              70           1
        SFR11            00580-005EF              70           1
        SFR12            00600-0066F              70           1
        SFR13            00680-006EF              70           1
        SFR14            00700-0076F              70           1
        SFR15            00780-007EF              70           1
        SFR16            00800-0086F              70           1
        SFR17            00880-008EF              70           1
        SFR18            00900-0096F              70           1
        SFR19            00980-009EF              70           1
        SFR2             00100-0011F              20           1
        SFR20            00A00-00A6F              70           1
        SFR21            00A80-00AEF              70           1
        SFR22            00B00-00B6F              70           1
        SFR23            00B80-00BEF              70           1
        SFR24            00C00-00C6F              70           1
        SFR25            00C80-00CEF              70           1
        SFR26            00D00-00D6F              70           1
        SFR27            00D80-00DEF              70           1
        SFR28            00E00-00E6F              70           1
        SFR29            00E80-00EEF              70           1
        SFR3             00180-0019F              20           1
        SFR30            00F00-00F6F              70           1
        SFR31            00F80-00FEF              70           1
        SFR4             00200-0021F              20           1
        SFR5             00280-002EF              70           1
        SFR6             00300-0036F              70           1
        SFR7             00380-003EF              70           1
        SFR8             00400-0046F              70           1
        SFR9             00480-004EF              70           1
        STRCODE          00002-00003               2           2
                         003BD-00FFF             C43
        STRING           00002-00003               2           2
                         003BD-00FFF             100

                                  Symbol Table

?_ADC_GetConversion                            cstackCOMMON 00070
?___lwdiv                                      cstackCOMMON 00076
?___wmul                                       cstackCOMMON 00070
ADC_GetConversion@channel                      cstackCOMMON 00073
EPWM1_LoadDutyValue@dutyValue                  cstackCOMMON 00070
EUSART_SetErrorHandler@interruptHandler        cstackCOMMON 00070
EUSART_SetFramingErrorHandler@interruptHandler cstackCOMMON 00070
EUSART_SetOverrunErrorHandler@interruptHandler cstackCOMMON 00070
EUSART_SetRxInterruptHandler@interruptHandler  cstackCOMMON 00070
EUSART_SetTxInterruptHandler@interruptHandler  cstackCOMMON 00070
TMR0_ISR@CountCallBack                         bssBANK0     0004C
TMR0_SetInterruptHandler@InterruptHandler      cstackCOMMON 00070
TMR4_LoadPeriodRegister@periodVal              cstackCOMMON 00070
TMR4_ReadTimer@readVal                         cstackCOMMON 00070
_ADCON0                                        (abs)        0009D
_ADCON0bits                                    (abs)        0009D
_ADCON1                                        (abs)        0009E
_ADC_GetConversion                             text33       002A0
_ADC_Initialize                                text32       00355
_ADRESH                                        (abs)        0009C
_ADRESL                                        (abs)        0009B
_ANSELA                                        (abs)        0018C
_ANSELB                                        (abs)        0018D
_APFCON0                                       (abs)        0011D
_APFCON1                                       (abs)        0011E
_BAUDCON                                       (abs)        0019F
_BORCON                                        (abs)        00116
_CCP1CON                                       (abs)        00293
_CCPR1H                                        (abs)        00292
_CCPR1L                                        (abs)        00291
_CCPTMRS0bits                                  (abs)        0029E
_CM1CON0                                       (abs)        00111
_CM1CON1                                       (abs)        00112
_CMOUTbits                                     (abs)        00115
_CMP1_GetOutputStatus                          text3        003AA
_CMP1_Initialize                               text31       0039A
_DACCON0                                       (abs)        00118
_DACCON1                                       (abs)        00119
_DAC_Initialize                                text30       00394
_ECCP1AS                                       (abs)        00295
_EPWM1_Initialize                              text29       0032A
_EPWM1_LoadDutyValue                           text6        002D5
_EUSART_DefaultErrorHandler                    (abs)        00000
_EUSART_DefaultFramingErrorHandler             (abs)        00000
_EUSART_DefaultOverrunErrorHandler             (abs)        00000
_EUSART_ErrorHandler                           nvBANK1      000B0
_EUSART_FramingErrorHandler                    nvBANK0      00069
_EUSART_Initialize                             text23       001B0
_EUSART_OverrunErrorHandler                    nvBANK0      00067
_EUSART_Receive_ISR                            (abs)        00000
_EUSART_RxDefaultInterruptHandler              nvBANK1      000B2
_EUSART_SetErrorHandler                        text28       0038E
_EUSART_SetFramingErrorHandler                 text27       00388
_EUSART_SetOverrunErrorHandler                 text26       00382
_EUSART_SetRxInterruptHandler                  text25       0037C
_EUSART_SetTxInterruptHandler                  text24       00376
_EUSART_Transmit_ISR                           (abs)        00000
_EUSART_TxDefaultInterruptHandler              nvBANK1      000B4
_FVRCON                                        (abs)        00117
_FVRCONbits                                    (abs)        00117
_FVR_Initialize                                text22       003B2
_INTCONbits                                    (abs)        0000B
_INTERRUPT_InterruptManager                    intentry     00004
_LATA                                          (abs)        0010C
_LATAbits                                      (abs)        0010C
_LATB                                          (abs)        0010D
_OPTION_REG                                    (abs)        00095
_OPTION_REGbits                                (abs)        00095
_OSCCON                                        (abs)        00099
_OSCILLATOR_Initialize                         text21       0035D
_OSCTUNE                                       (abs)        00098
_PIE1bits                                      (abs)        00091
_PIN_MANAGER_IOC                               text35       003BC
_PIN_MANAGER_Initialize                        text20       002EC
_PIR1bits                                      (abs)        00011
_PIR3bits                                      (abs)        00013
_PR2                                           (abs)        0001B
_PR4                                           (abs)        00416
_PSTR1CON                                      (abs)        00296
_PWM1CON                                       (abs)        00294
_RCREG                                         (abs)        00199
_RCSTA                                         (abs)        0019D
_RCSTAbits                                     (abs)        0019D
_SPBRGH                                        (abs)        0019C
_SPBRGL                                        (abs)        0019B
_SYSTEM_Initialize                             text14       0025C
_T2CON                                         (abs)        0001C
_T2CONbits                                     (abs)        0001C
_T4CON                                         (abs)        00417
_T4CONbits                                     (abs)        00417
_TMR0                                          (abs)        00015
_TMR0_DefaultInterruptHandler                  (abs)        00000
_TMR0_Initialize                               text18       00318
_TMR0_InterruptHandler                         nvBANK0      00065
_TMR0_SetInterruptHandler                      text19       00370
_TMR2                                          (abs)        0001A
_TMR2_Initialize                               text17       0034D
_TMR4                                          (abs)        00415
_TMR4_Initialize                               text16       00343
_TMR4_LoadPeriodRegister                       text11       003A0
_TMR4_ReadTimer                                text13       003A5
_TMR4_StartTimer                               text10       003B6
_TMR4_StopTimer                                text12       003B9
_TRISA                                         (abs)        0008C
_TRISB                                         (abs)        0008D
_TXREG                                         (abs)        0019A
_TXSTA                                         (abs)        0019E
_TXSTAbits                                     (abs)        0019E
_WDTCON                                        (abs)        00097
_WDT_Initialize                                text15       003AE
_WPUA                                          (abs)        0020C
_WPUB                                          (abs)        0020D
__H__absolute__                                __absolute__ 00000
__Habs1                                        abs1         00000
__Hbank0                                       bank0        00000
__Hbank1                                       bank1        00000
__Hbank10                                      bank10       00000
__Hbank11                                      bank11       00000
__Hbank12                                      bank12       00000
__Hbank13                                      bank13       00000
__Hbank14                                      bank14       00000
__Hbank15                                      bank15       00000
__Hbank16                                      bank16       00000
__Hbank17                                      bank17       00000
__Hbank18                                      bank18       00000
__Hbank19                                      bank19       00000
__Hbank2                                       bank2        00000
__Hbank20                                      bank20       00000
__Hbank21                                      bank21       00000
__Hbank22                                      bank22       00000
__Hbank23                                      bank23       00000
__Hbank24                                      bank24       00000
__Hbank25                                      bank25       00000
__Hbank26                                      bank26       00000
__Hbank27                                      bank27       00000
__Hbank28                                      bank28       00000
__Hbank29                                      bank29       00000
__Hbank3                                       bank3        00000
__Hbank30                                      bank30       00000
__Hbank31                                      bank31       00000
__Hbank4                                       bank4        00000
__Hbank5                                       bank5        00000
__Hbank6                                       bank6        00000
__Hbank7                                       bank7        00000
__Hbank8                                       bank8        00000
__Hbank9                                       bank9        00000
__Hbigram                                      bigram       00000
__HbssBANK0                                    bssBANK0     00000
__HbssBANK1                                    bssBANK1     00000
__Hcinit                                       cinit        00035
__Hclrtext                                     clrtext      00000
__Hcode                                        code         00000
__Hcommon                                      common       00000
__Hconfig                                      config       08009
__HcstackBANK0                                 cstackBANK0  00000
__HcstackCOMMON                                cstackCOMMON 00000
__HdataBANK0                                   dataBANK0    00000
__Heeprom_data                                 eeprom_data  00000
__Hend_init                                    end_init     00015
__Hfunctab                                     functab      00000
__Hheap                                        heap         00000
__HidataBANK0                                  idataBANK0   00000
__Hinit                                        init         00013
__Hinittext                                    inittext     00000
__Hintentry                                    intentry     00013
__Hmaintext                                    maintext     00000
__HnvBANK0                                     nvBANK0      00000
__HnvBANK1                                     nvBANK1      00000
__Hpowerup                                     powerup      00000
__Hram                                         ram          00000
__Hreset_vec                                   reset_vec    00002
__Hsfr0                                        sfr0         00000
__Hsfr1                                        sfr1         00000
__Hsfr10                                       sfr10        00000
__Hsfr11                                       sfr11        00000
__Hsfr12                                       sfr12        00000
__Hsfr13                                       sfr13        00000
__Hsfr14                                       sfr14        00000
__Hsfr15                                       sfr15        00000
__Hsfr16                                       sfr16        00000
__Hsfr17                                       sfr17        00000
__Hsfr18                                       sfr18        00000
__Hsfr19                                       sfr19        00000
__Hsfr2                                        sfr2         00000
__Hsfr20                                       sfr20        00000
__Hsfr21                                       sfr21        00000
__Hsfr22                                       sfr22        00000
__Hsfr23                                       sfr23        00000
__Hsfr24                                       sfr24        00000
__Hsfr25                                       sfr25        00000
__Hsfr26                                       sfr26        00000
__Hsfr27                                       sfr27        00000
__Hsfr28                                       sfr28        00000
__Hsfr29                                       sfr29        00000
__Hsfr3                                        sfr3         00000
__Hsfr30                                       sfr30        00000
__Hsfr31                                       sfr31        00000
__Hsfr4                                        sfr4         00000
__Hsfr5                                        sfr5         00000
__Hsfr6                                        sfr6         00000
__Hsfr7                                        sfr7         00000
__Hsfr8                                        sfr8         00000
__Hsfr9                                        sfr9         00000
__Hsivt                                        sivt         00013
__Hspace_0                                     (abs)        003BD
__Hspace_1                                     (abs)        000B6
__Hspace_2                                     (abs)        00000
__Hspace_3                                     (abs)        00000
__Hspace_4                                     (abs)        10010
__Hstack                                       stack        00000
__Hstrings                                     strings      00000
__Htext                                        text         00000
__L__absolute__                                __absolute__ 00000
__Labs1                                        abs1         00000
__Lbank0                                       bank0        00000
__Lbank1                                       bank1        00000
__Lbank10                                      bank10       00000
__Lbank11                                      bank11       00000
__Lbank12                                      bank12       00000
__Lbank13                                      bank13       00000
__Lbank14                                      bank14       00000
__Lbank15                                      bank15       00000
__Lbank16                                      bank16       00000
__Lbank17                                      bank17       00000
__Lbank18                                      bank18       00000
__Lbank19                                      bank19       00000
__Lbank2                                       bank2        00000
__Lbank20                                      bank20       00000
__Lbank21                                      bank21       00000
__Lbank22                                      bank22       00000
__Lbank23                                      bank23       00000
__Lbank24                                      bank24       00000
__Lbank25                                      bank25       00000
__Lbank26                                      bank26       00000
__Lbank27                                      bank27       00000
__Lbank28                                      bank28       00000
__Lbank29                                      bank29       00000
__Lbank3                                       bank3        00000
__Lbank30                                      bank30       00000
__Lbank31                                      bank31       00000
__Lbank4                                       bank4        00000
__Lbank5                                       bank5        00000
__Lbank6                                       bank6        00000
__Lbank7                                       bank7        00000
__Lbank8                                       bank8        00000
__Lbank9                                       bank9        00000
__Lbigram                                      bigram       00000
__LbssBANK0                                    bssBANK0     00000
__LbssBANK1                                    bssBANK1     00000
__Lcinit                                       cinit        00015
__Lclrtext                                     clrtext      00000
__Lcode                                        code         00000
__Lcommon                                      common       00000
__Lconfig                                      config       00000
__LcstackBANK0                                 cstackBANK0  00000
__LcstackCOMMON                                cstackCOMMON 00000
__LdataBANK0                                   dataBANK0    00000
__Leeprom_data                                 eeprom_data  00000
__Lend_init                                    end_init     00013
__Lfunctab                                     functab      00000
__Lheap                                        heap         00000
__LidataBANK0                                  idataBANK0   00000
__Linit                                        init         00013
__Linittext                                    inittext     00000
__Lintentry                                    intentry     00004
__Lmaintext                                    maintext     00000
__LnvBANK0                                     nvBANK0      00000
__LnvBANK1                                     nvBANK1      00000
__Lpowerup                                     powerup      00000
__Lram                                         ram          00000
__Lreset_vec                                   reset_vec    00000
__Lsfr0                                        sfr0         00000
__Lsfr1                                        sfr1         00000
__Lsfr10                                       sfr10        00000
__Lsfr11                                       sfr11        00000
__Lsfr12                                       sfr12        00000
__Lsfr13                                       sfr13        00000
__Lsfr14                                       sfr14        00000
__Lsfr15                                       sfr15        00000
__Lsfr16                                       sfr16        00000
__Lsfr17                                       sfr17        00000
__Lsfr18                                       sfr18        00000
__Lsfr19                                       sfr19        00000
__Lsfr2                                        sfr2         00000
__Lsfr20                                       sfr20        00000
__Lsfr21                                       sfr21        00000
__Lsfr22                                       sfr22        00000
__Lsfr23                                       sfr23        00000
__Lsfr24                                       sfr24        00000
__Lsfr25                                       sfr25        00000
__Lsfr26                                       sfr26        00000
__Lsfr27                                       sfr27        00000
__Lsfr28                                       sfr28        00000
__Lsfr29                                       sfr29        00000
__Lsfr3                                        sfr3         00000
__Lsfr30                                       sfr30        00000
__Lsfr31                                       sfr31        00000
__Lsfr4                                        sfr4         00000
__Lsfr5                                        sfr5         00000
__Lsfr6                                        sfr6         00000
__Lsfr7                                        sfr7         00000
__Lsfr8                                        sfr8         00000
__Lsfr9                                        sfr9         00000
__Lsivt                                        sivt         00013
__Lspace_0                                     (abs)        00000
__Lspace_1                                     (abs)        00000
__Lspace_2                                     (abs)        00000
__Lspace_3                                     (abs)        00000
__Lspace_4                                     (abs)        00000
__Lstack                                       stack        00000
__Lstrings                                     strings      00000
__Ltext                                        text         00000
__S0                                           (abs)        003BD
__S1                                           (abs)        000B6
__S3                                           (abs)        00000
___heap_hi                                     (abs)        00000
___heap_lo                                     (abs)        00000
___int_sp                                      stack        00000
___int_stack_hi                                stack        00000
___int_stack_lo                                stack        00000
___latbits                                     (abs)        00001
___lwdiv                                       text9        001ED
___lwdiv@counter                               cstackCOMMON 0007D
___lwdiv@dividend                              cstackCOMMON 00078
___lwdiv@divisor                               cstackCOMMON 00076
___lwdiv@quotient                              cstackCOMMON 0007B
___sp                                          stack        00000
___stack_hi                                    stack        00000
___stack_lo                                    stack        00000
___stackhi                                     (abs)        00000
___stacklo                                     (abs)        00000
___wmul                                        text8        00281
___wmul@multiplicand                           cstackCOMMON 00072
___wmul@multiplier                             cstackCOMMON 00070
___wmul@product                                cstackCOMMON 00074
__end_of_ADC_GetConversion                     text33       002BB
__end_of_ADC_Initialize                        text32       0035D
__end_of_CMP1_GetOutputStatus                  text3        003AE
__end_of_CMP1_Initialize                       text31       003A0
__end_of_DAC_Initialize                        text30       0039A
__end_of_EPWM1_Initialize                      text29       00338
__end_of_EPWM1_LoadDutyValue                   text6        002EC
__end_of_EUSART_Initialize                     text23       001ED
__end_of_EUSART_SetErrorHandler                text28       00394
__end_of_EUSART_SetFramingErrorHandler         text27       0038E
__end_of_EUSART_SetOverrunErrorHandler         text26       00388
__end_of_EUSART_SetRxInterruptHandler          text25       00382
__end_of_EUSART_SetTxInterruptHandler          text24       0037C
__end_of_FVR_Initialize                        text22       003B6
__end_of_INTERRUPT_InterruptManager            intentry     00013
__end_of_OSCILLATOR_Initialize                 text21       00364
__end_of_PIN_MANAGER_IOC                       text35       003BD
__end_of_PIN_MANAGER_Initialize                text20       00303
__end_of_SYSTEM_Initialize                     text14       00281
__end_of_TMR0_Initialize                       text18       0032A
__end_of_TMR0_SetInterruptHandler              text19       00376
__end_of_TMR2_Initialize                       text17       00355
__end_of_TMR4_Initialize                       text16       0034D
__end_of_TMR4_LoadPeriodRegister               text11       003A5
__end_of_TMR4_ReadTimer                        text13       003AA
__end_of_TMR4_StartTimer                       text10       003B9
__end_of_TMR4_StopTimer                        text12       003BC
__end_of_WDT_Initialize                        text15       003B2
__end_of___lwdiv                               text9        00229
__end_of___wmul                                text8        002A0
__end_of__initialization                       cinit        00031
__end_of_controlchoose                         text4        00318
__end_of_encontraFimCurso                      text1        002D5
__end_of_fluxcontrol                           text7        000C9
__end_of_main                                  maintext     0025C
__end_of_meioPasso                             text2        001B0
__end_of_pwmcontrol                            text5        00158
__initialization                               cinit        00015
__pbssBANK0                                    bssBANK0     00020
__pbssBANK1                                    bssBANK1     000A0
__pcstackBANK0                                 cstackBANK0  0006B
__pcstackCOMMON                                cstackCOMMON 00070
__pdataBANK0                                   dataBANK0    0005A
__pidataBANK0                                  idataBANK0   00338
__pintentry                                    intentry     00004
__pmaintext                                    maintext     00229
__pnvBANK0                                     nvBANK0      00065
__pnvBANK1                                     nvBANK1      000B0
__ptext1                                       text1        002BB
__ptext10                                      text10       003B6
__ptext11                                      text11       003A0
__ptext12                                      text12       003B9
__ptext13                                      text13       003A5
__ptext14                                      text14       0025C
__ptext15                                      text15       003AE
__ptext16                                      text16       00343
__ptext17                                      text17       0034D
__ptext18                                      text18       00318
__ptext19                                      text19       00370
__ptext2                                       text2        00158
__ptext20                                      text20       002EC
__ptext21                                      text21       0035D
__ptext22                                      text22       003B2
__ptext23                                      text23       001B0
__ptext24                                      text24       00376
__ptext25                                      text25       0037C
__ptext26                                      text26       00382
__ptext27                                      text27       00388
__ptext28                                      text28       0038E
__ptext29                                      text29       0032A
__ptext3                                       text3        003AA
__ptext30                                      text30       00394
__ptext31                                      text31       0039A
__ptext32                                      text32       00355
__ptext33                                      text33       002A0
__ptext35                                      text35       003BC
__ptext4                                       text4        00303
__ptext5                                       text5        000C9
__ptext6                                       text6        002D5
__ptext7                                       text7        00035
__ptext8                                       text8        00281
__ptext9                                       text9        001ED
_adc_temp                                      bssBANK0     00034
_ballset                                       bssBANK0     00044
_bufferRx                                      bssBANK0     00020
_controlchoice                                 dataBANK0    00064
_controlchoose                                 text4        00303
_countRx                                       bssBANK0     00050
_dRx                                           bssBANK0     00038
_dTx                                           bssBANK0     0003A
_dcRx                                          bssBANK0     00036
_encontraFimCurso                              text1        002BB
_envia_Tx                                      (abs)        00000
_error                                         bssBANK0     00048
_eusartRxBuffer                                bssBANK1     000A0
_eusartRxCount                                 bssBANK0     00054
_eusartRxHead                                  bssBANK0     00056
_eusartRxLastError                             bssBANK0     00053
_eusartRxStatusBuffer                          bssBANK0     00028
_eusartRxTail                                  bssBANK0     00055
_eusartTxBuffer                                bssBANK1     000A8
_eusartTxBufferRemaining                       bssBANK0     00057
_eusartTxHead                                  bssBANK0     00059
_eusartTxTail                                  bssBANK0     00058
_float_temp                                    bssBANK0     00030
_fluxcontrol                                   text7        00035
_fluxcontrol$1752                              cstackBANK0  0006D
_main                                          maintext     00229
_meioPasso                                     text2        00158
_output                                        bssBANK0     0003E
_outputsum                                     bssBANK0     00040
_pas                                           bssBANK0     0004E
_position                                      bssBANK0     0004F
_pwmcontrol                                    text5        000C9
_pwmcontrol$1753                               cstackBANK0  0006D
_receive                                       (abs)        00000
_tTx                                           bssBANK0     0003C
_timecontrol                                   bssBANK0     00051
_timer0ReloadVal                               bssBANK0     00052
btemp                                          (abs)        0007E
clear_ram0                                     clrtext      0036A
end_of_initialization                          cinit        00031
init_ram                                       inittext     00364
int$flags                                      (abs)        0007E
intlevel0                                      functab      00000
intlevel1                                      functab      00000
intlevel2                                      functab      00000
intlevel3                                      functab      00000
intlevel4                                      functab      00000
intlevel5                                      functab      00000
meioPasso@sentido                              cstackCOMMON 00070
reset_vec                                      reset_vec    00000
start                                          init         00013
start_initialization                           cinit        00015
wtemp0                                         (abs)        0007E


MODULE INFORMATION

Module		Function		Class		Link	Load	Size
mcc_generated_files/cmp1.c
		_CMP1_Initialize		CODE           	039A	0000	6
		_CMP1_GetOutputStatus		CODE           	03AA	0000	4

mcc_generated_files/cmp1.c estimated size: 10

mcc_generated_files/fvr.c
		_FVR_Initialize		CODE           	03B2	0000	4

mcc_generated_files/fvr.c estimated size: 4

mcc_generated_files/tmr4.c
		_TMR4_LoadPeriodRegister		CODE           	03A0	0000	5
		_TMR4_Initialize		CODE           	0343	0000	10
		_TMR4_StopTimer		CODE           	03B9	0000	3
		_TMR4_StartTimer		CODE           	03B6	0000	3
		_TMR4_ReadTimer		CODE           	03A5	0000	5

mcc_generated_files/tmr4.c estimated size: 26

/opt/microchip/xc8/v2.46/pic/sources/c99/common/Umul16.c
		___wmul        		CODE           	0281	0000	31

/opt/microchip/xc8/v2.46/pic/sources/c99/common/Umul16.c estimated size: 31

mcc_generated_files/tmr2.c
		_TMR2_Initialize		CODE           	034D	0000	8

mcc_generated_files/tmr2.c estimated size: 8

mcc_generated_files/interrupt_manager.c
		_INTERRUPT_InterruptManager		CODE           	0004	0000	15

mcc_generated_files/interrupt_manager.c estimated size: 15

mcc_generated_files/tmr0.c
		_TMR0_SetInterruptHandler		CODE           	0370	0000	6
		_TMR0_Initialize		CODE           	0318	0000	18

mcc_generated_files/tmr0.c estimated size: 24

mcc_generated_files/pin_manager.c
		_PIN_MANAGER_Initialize		CODE           	02EC	0000	23
		_PIN_MANAGER_IOC		CODE           	03BC	0000	1

mcc_generated_files/pin_manager.c estimated size: 24

/opt/microchip/xc8/v2.46/pic/sources/c99/common/lwdiv.c
		___lwdiv       		CODE           	01ED	0000	60

/opt/microchip/xc8/v2.46/pic/sources/c99/common/lwdiv.c estimated size: 60

mcc_generated_files/adc.c
		_ADC_Initialize		CODE           	0355	0000	8
		_ADC_GetConversion		CODE           	02A0	0000	27

mcc_generated_files/adc.c estimated size: 35

shared
		__initialization		CODE           	0015	0000	28

shared estimated size: 28

mcc_generated_files/mcc.c
		_WDT_Initialize		CODE           	03AE	0000	4
		_OSCILLATOR_Initialize		CODE           	035D	0000	7
		_SYSTEM_Initialize		CODE           	025C	0000	37

mcc_generated_files/mcc.c estimated size: 48

mcc_generated_files/epwm1.c
		_EPWM1_LoadDutyValue		CODE           	02D5	0000	23
		_EPWM1_Initialize		CODE           	032A	0000	14

mcc_generated_files/epwm1.c estimated size: 37

mcc_generated_files/eusart.c
		_EUSART_SetRxInterruptHandler		CODE           	037C	0000	6
		_EUSART_SetTxInterruptHandler		CODE           	0376	0000	6
		_EUSART_Initialize		CODE           	01B0	0000	61
		_EUSART_SetFramingErrorHandler		CODE           	0388	0000	6
		_EUSART_SetErrorHandler		CODE           	038E	0000	6
		_EUSART_SetOverrunErrorHandler		CODE           	0382	0000	6

mcc_generated_files/eusart.c estimated size: 91

mcc_generated_files/dac.c
		_DAC_Initialize		CODE           	0394	0000	6

mcc_generated_files/dac.c estimated size: 6

main.c
		_main          		CODE           	0229	0000	51
		_controlchoose 		CODE           	0303	0000	21
		_meioPasso     		CODE           	0158	0000	88
		_fluxcontrol   		CODE           	0035	0000	148
		_encontraFimCurso		CODE           	02BB	0000	26
		_pwmcontrol    		CODE           	00C9	0000	143

main.c estimated size: 477

