Microchip MPLAB XC8 Compiler V2.46

Linker command line:

-W-3 --edf=/opt/microchip/xc8/v2.46/pic/dat/20240104201356_en.msgs -cn \
  -h+dist/default/debug/projeto_final_EE_gp1.X.debug.sym \
  --cmf=dist/default/debug/projeto_final_EE_gp1.X.debug.cmf -z -Q16F1827 \
  -o/tmp/xcXLeEdDn/driver_tmp_3.o --defsym=__MPLAB_BUILD=1 \
  --fixupoverflow=error \
  -Mdist/default/debug/projeto_final_EE_gp1.X.debug.map \
  --md=/tmp/xcXLeEdDn/driver_tmp_0.dat -E1 -ver=XC8 Compiler --acfsm=1493 \
  -ACODE=00h-07FFhx2 -ASTRCODE=00h-0FFFh -ASTRING=00h-0FFhx16 \
  -ACONST=00h-0FFhx16 -AENTRY=00h-0FFhx16 -ACOMMON=070h-07Fh \
  -ABANK0=020h-06Fh -ABANK1=0A0h-0EFh -ABANK2=0120h-016Fh \
  -ABANK3=01A0h-01EFh -ABANK4=0220h-024Fh -ABIGRAM=02000h-0216Fh \
  -ARAM=020h-06Fh,0A0h-0EFh,0120h-016Fh,01A0h-01EFh,0220h-024Fh \
  -AABS1=020h-07Fh,0A0h-0EFh,0120h-016Fh,01A0h-01EFh,0220h-024Fh \
  -ASFR0=00h-01Fh -ASFR1=080h-09Fh -ASFR2=0100h-011Fh -ASFR3=0180h-019Fh \
  -ASFR4=0200h-021Fh -ASFR5=0280h-02EFh -ASFR6=0300h-036Fh \
  -ASFR7=0380h-03EFh -ASFR8=0400h-046Fh -ASFR9=0480h-04EFh \
  -ASFR10=0500h-056Fh -ASFR11=0580h-05EFh -ASFR12=0600h-066Fh \
  -ASFR13=0680h-06EFh -ASFR14=0700h-076Fh -ASFR15=0780h-07EFh \
  -ASFR16=0800h-086Fh -ASFR17=0880h-08EFh -ASFR18=0900h-096Fh \
  -ASFR19=0980h-09EFh -ASFR20=0A00h-0A6Fh -ASFR21=0A80h-0AEFh \
  -ASFR22=0B00h-0B6Fh -ASFR23=0B80h-0BEFh -ASFR24=0C00h-0C6Fh \
  -ASFR25=0C80h-0CEFh -ASFR26=0D00h-0D6Fh -ASFR27=0D80h-0DEFh \
  -ASFR28=0E00h-0E6Fh -ASFR29=0E80h-0EEFh -ASFR30=0F00h-0F6Fh \
  -ASFR31=0F80h-0FEFh -ACONFIG=08007h-08008h -DCONFIG=2 \
  -AIDLOC=08000h-08003h -DIDLOC=2 -AEEDATA=00h-0FFh/0F000h \
  -peeprom_data=EEDATA -DEEDATA=2 -DCODE=2 -DSTRCODE=2 -DSTRING=2 -DCONST=2 \
  -DENTRY=2 -preset_vec=00h,intentry=04h,sivt,init,end_init -ppowerup=CODE \
  -pcinit=CODE -pfunctab=ENTRY -k /tmp/xcXLeEdDn/driver_tmp_15.o \
  dist/default/debug/projeto_final_EE_gp1.X.debug.o 

Object code version is 3.11

Machine type is 16F1827



                Name                               Link     Load   Length Selector   Space Scale
/tmp/xcXLeEdDn/driver_tmp_15.o
                end_init                             13       13        2        8       0
                reset_vec                             0        0        2        0       0
                config                             8007     8007        2        0       4
dist/default/debug/projeto_final_EE_gp1.X.debug.o
                cinit                                15       15       20        8       0
                intentry                              4        4        F        8       0
                config                             8007     8007        2        0       4
                text31                              31F      31F        1        8       0
                text29                              2BC      2BC        8        8       0
                text28                              301      301        6        8       0
                text27                              2FB      2FB        6        8       0
                text26                              291      291        E        8       0
                text25                              2F5      2F5        6        8       0
                text24                              2EF      2EF        6        8       0
                text23                              2E9      2E9        6        8       0
                text22                              2E3      2E3        6        8       0
                text21                              2DD      2DD        6        8       0
                text20                              158      158       3D        8       0
                text19                              315      315        4        8       0
                text18                              2C4      2C4        7        8       0
                text17                              253      253       17        8       0
                text16                              2D7      2D7        6        8       0
                text15                              27F      27F       12        8       0
                text14                              2B4      2B4        8        8       0
                text13                              2AA      2AA        A        8       0
                text12                              311      311        4        8       0
                text11                              1F8      1F8       25        8       0
                text10                              30C      30C        5        8       0
                text9                               31C      31C        3        8       0
                text8                               307      307        5        8       0
                text7                               319      319        3        8       0
                text6                               195      195       3C        8       0
                text5                               21D      21D       1F        8       0
                text4                                35       35       94        8       0
                text3                               23C      23C       17        8       0
                text2                                C9       C9       8F        8       0
                text1                               26A      26A       15        8       0
                maintext                            1D1      1D1       27        8       0
                cstackBANK0                          6B       6B        4       20       1
                cstackCOMMON                         70       70        E       70       1
                clrtext                             2D1      2D1        6        8       0
                inittext                            2CB      2CB        6        8       0
                bssBANK1                             A8       A8        8       A0       1
                dataBANK0                            5C       5C        B       20       1
                bssBANK0                             20       20       3C       20       1
                nvBANK1                              A0       A0        8       A0       1
                nvBANK0                              67       67        4       20       1
                idataBANK0                          29F      29F        B        8       0

TOTAL           Name                               Link     Load   Length     Space
        CLASS   CODE           
                end_init                             13       13        2         0
                cinit                                15       15       20         0
                intentry                              4        4        F         0
                reset_vec                             0        0        2         0
                text31                              31F      31F        1         0
                text29                              2BC      2BC        8         0
                text28                              301      301        6         0
                text27                              2FB      2FB        6         0
                text26                              291      291        E         0
                text25                              2F5      2F5        6         0
                text24                              2EF      2EF        6         0
                text23                              2E9      2E9        6         0
                text22                              2E3      2E3        6         0
                text21                              2DD      2DD        6         0
                text20                              158      158       3D         0
                text19                              315      315        4         0
                text18                              2C4      2C4        7         0
                text17                              253      253       17         0
                text16                              2D7      2D7        6         0
                text15                              27F      27F       12         0
                text14                              2B4      2B4        8         0
                text13                              2AA      2AA        A         0
                text12                              311      311        4         0
                text11                              1F8      1F8       25         0
                text10                              30C      30C        5         0
                text9                               31C      31C        3         0
                text8                               307      307        5         0
                text7                               319      319        3         0
                text6                               195      195       3C         0
                text5                               21D      21D       1F         0
                text4                                35       35       94         0
                text3                               23C      23C       17         0
                text2                                C9       C9       8F         0
                text1                               26A      26A       15         0
                maintext                            1D1      1D1       27         0
                clrtext                             2D1      2D1        6         0
                inittext                            2CB      2CB        6         0
                idataBANK0                          29F      29F        B         0

        CLASS   STRCODE        

        CLASS   STRING         

        CLASS   CONST          

        CLASS   ENTRY          

        CLASS   COMMON         
                cstackCOMMON                         70       70        E         1

        CLASS   BANK0          
                cstackBANK0                          6B       6B        4         1
                dataBANK0                            5C       5C        B         1
                bssBANK0                             20       20       3C         1
                nvBANK0                              67       67        4         1

        CLASS   BANK1          
                bssBANK1                             A8       A8        8         1
                nvBANK1                              A0       A0        8         1

        CLASS   BANK2          

        CLASS   BANK3          

        CLASS   BANK4          

        CLASS   BIGRAM         

        CLASS   RAM            

        CLASS   ABS1           
                abs_s1                               7E       7E        2         1

        CLASS   SFR0           

        CLASS   SFR1           

        CLASS   SFR2           

        CLASS   SFR3           

        CLASS   SFR4           

        CLASS   SFR5           

        CLASS   SFR6           

        CLASS   SFR7           

        CLASS   SFR8           

        CLASS   SFR9           

        CLASS   SFR10          

        CLASS   SFR11          

        CLASS   SFR12          

        CLASS   SFR13          

        CLASS   SFR14          

        CLASS   SFR15          

        CLASS   SFR16          

        CLASS   SFR17          

        CLASS   SFR18          

        CLASS   SFR19          

        CLASS   SFR20          

        CLASS   SFR21          

        CLASS   SFR22          

        CLASS   SFR23          

        CLASS   SFR24          

        CLASS   SFR25          

        CLASS   SFR26          

        CLASS   SFR27          

        CLASS   SFR28          

        CLASS   SFR29          

        CLASS   SFR30          

        CLASS   SFR31          

        CLASS   CONFIG         
                config                             8007     8007        2         4

        CLASS   IDLOC          

        CLASS   EEDATA         

        CLASS   BANK31         

        CLASS   BANK30         

        CLASS   BANK29         

        CLASS   BANK28         

        CLASS   BANK27         

        CLASS   BANK26         

        CLASS   BANK25         

        CLASS   BANK24         

        CLASS   BANK23         

        CLASS   BANK22         

        CLASS   BANK21         

        CLASS   BANK20         

        CLASS   BANK19         

        CLASS   BANK18         

        CLASS   BANK17         

        CLASS   BANK16         

        CLASS   BANK15         

        CLASS   BANK14         

        CLASS   BANK13         

        CLASS   BANK12         

        CLASS   BANK11         

        CLASS   BANK10         

        CLASS   BANK9          

        CLASS   BANK8          

        CLASS   BANK7          

        CLASS   BANK6          

        CLASS   BANK5          

        CLASS   HEAP           

        CLASS   STACK          



SEGMENTS        Name                           Load    Length   Top    Selector   Space  Class     Delta

                reset_vec                      000000  000002  000002         0       0  CODE        2
                intentry                       000004  00031C  000320         8       0  CODE        2
                nvBANK1                        0000A0  000010  0000B0        A0       1  BANK1       1
                cstackCOMMON                   000070  00000E  00007E        70       1  COMMON      1
                bssBANK0                       000020  00004F  00006F        20       1  BANK0       1


UNUSED ADDRESS RANGES

        Name                Unused          Largest block    Delta
        BANK0            0006F-0006F               1           1
        BANK1            000B0-000EF              40           1
        BANK2            00120-0016F              50           1
        BANK3            001A0-001EF              50           1
        BANK4            00220-0024F              30           1
        BIGRAM           02000-0216F             170           1
        CODE             00002-00003               2           2
                         00320-00FFF             4E0
        CONST            00002-00003               2           2
                         00320-00FFF             100
        EEDATA           0F000-0F0FF             100           2
        ENTRY            00002-00003               2           2
                         00320-00FFF             100
        IDLOC            08000-08003               4           2
        RAM              0006F-0006F               1           1
                         000B0-000EF              40
                         00120-0016F              50
                         001A0-001EF              50
                         00220-0024F              30
        SFR0             00000-0001F              20           1
        SFR1             00080-0009F              20           1
        SFR10            00500-0056F              70           1
        SFR11            00580-005EF              70           1
        SFR12            00600-0066F              70           1
        SFR13            00680-006EF              70           1
        SFR14            00700-0076F              70           1
        SFR15            00780-007EF              70           1
        SFR16            00800-0086F              70           1
        SFR17            00880-008EF              70           1
        SFR18            00900-0096F              70           1
        SFR19            00980-009EF              70           1
        SFR2             00100-0011F              20           1
        SFR20            00A00-00A6F              70           1
        SFR21            00A80-00AEF              70           1
        SFR22            00B00-00B6F              70           1
        SFR23            00B80-00BEF              70           1
        SFR24            00C00-00C6F              70           1
        SFR25            00C80-00CEF              70           1
        SFR26            00D00-00D6F              70           1
        SFR27            00D80-00DEF              70           1
        SFR28            00E00-00E6F              70           1
        SFR29            00E80-00EEF              70           1
        SFR3             00180-0019F              20           1
        SFR30            00F00-00F6F              70           1
        SFR31            00F80-00FEF              70           1
        SFR4             00200-0021F              20           1
        SFR5             00280-002EF              70           1
        SFR6             00300-0036F              70           1
        SFR7             00380-003EF              70           1
        SFR8             00400-0046F              70           1
        SFR9             00480-004EF              70           1
        STRCODE          00002-00003               2           2
                         00320-00FFF             CE0
        STRING           00002-00003               2           2
                         00320-00FFF             100

                                  Symbol Table

?___lwdiv                                      cstackCOMMON 00076
?___wmul                                       cstackCOMMON 00070
EPWM1_LoadDutyValue@dutyValue                  cstackCOMMON 00070
EUSART_SetErrorHandler@interruptHandler        cstackCOMMON 00070
EUSART_SetFramingErrorHandler@interruptHandler cstackCOMMON 00070
EUSART_SetOverrunErrorHandler@interruptHandler cstackCOMMON 00070
EUSART_SetRxInterruptHandler@interruptHandler  cstackCOMMON 00070
EUSART_SetTxInterruptHandler@interruptHandler  cstackCOMMON 00070
TMR0_ISR@CountCallBack                         bssBANK0     0004E
TMR0_SetInterruptHandler@InterruptHandler      cstackCOMMON 00070
TMR4_LoadPeriodRegister@periodVal              cstackCOMMON 00070
TMR4_ReadTimer@readVal                         cstackCOMMON 00070
_ADCON0                                        (abs)        0009D
_ADCON0bits                                    (abs)        0009D
_ADCON1                                        (abs)        0009E
_ADC_Initialize                                text29       002BC
_ADRESH                                        (abs)        0009C
_ADRESL                                        (abs)        0009B
_ANSELA                                        (abs)        0018C
_ANSELB                                        (abs)        0018D
_APFCON0                                       (abs)        0011D
_APFCON1                                       (abs)        0011E
_BAUDCON                                       (abs)        0019F
_BORCON                                        (abs)        00116
_CCP1CON                                       (abs)        00293
_CCPR1H                                        (abs)        00292
_CCPR1L                                        (abs)        00291
_CCPTMRS0bits                                  (abs)        0029E
_CM1CON0                                       (abs)        00111
_CM1CON1                                       (abs)        00112
_CMOUTbits                                     (abs)        00115
_CMP1_Initialize                               text28       00301
_DACCON0                                       (abs)        00118
_DACCON1                                       (abs)        00119
_DAC_Initialize                                text27       002FB
_ECCP1AS                                       (abs)        00295
_EPWM1_Initialize                              text26       00291
_EPWM1_LoadDutyValue                           text3        0023C
_EUSART_DefaultErrorHandler                    (abs)        00000
_EUSART_DefaultFramingErrorHandler             (abs)        00000
_EUSART_DefaultOverrunErrorHandler             (abs)        00000
_EUSART_ErrorHandler                           nvBANK1      000A0
_EUSART_FramingErrorHandler                    nvBANK0      00069
_EUSART_Initialize                             text20       00158
_EUSART_OverrunErrorHandler                    nvBANK1      000A2
_EUSART_Receive_ISR                            (abs)        00000
_EUSART_RxDefaultInterruptHandler              nvBANK1      000A4
_EUSART_SetErrorHandler                        text25       002F5
_EUSART_SetFramingErrorHandler                 text24       002EF
_EUSART_SetOverrunErrorHandler                 text23       002E9
_EUSART_SetRxInterruptHandler                  text22       002E3
_EUSART_SetTxInterruptHandler                  text21       002DD
_EUSART_Transmit_ISR                           (abs)        00000
_EUSART_TxDefaultInterruptHandler              nvBANK1      000A6
_FVRCON                                        (abs)        00117
_FVRCONbits                                    (abs)        00117
_FVR_Initialize                                text19       00315
_INTCONbits                                    (abs)        0000B
_INTERRUPT_InterruptManager                    intentry     00004
_LATA                                          (abs)        0010C
_LATAbits                                      (abs)        0010C
_LATB                                          (abs)        0010D
_OPTION_REG                                    (abs)        00095
_OPTION_REGbits                                (abs)        00095
_OSCCON                                        (abs)        00099
_OSCILLATOR_Initialize                         text18       002C4
_OSCTUNE                                       (abs)        00098
_PIE1bits                                      (abs)        00091
_PIN_MANAGER_IOC                               text31       0031F
_PIN_MANAGER_Initialize                        text17       00253
_PIR1bits                                      (abs)        00011
_PIR3bits                                      (abs)        00013
_PR2                                           (abs)        0001B
_PR4                                           (abs)        00416
_PSTR1CON                                      (abs)        00296
_PWM1CON                                       (abs)        00294
_RCREG                                         (abs)        00199
_RCSTA                                         (abs)        0019D
_RCSTAbits                                     (abs)        0019D
_SPBRGH                                        (abs)        0019C
_SPBRGL                                        (abs)        0019B
_SYSTEM_Initialize                             text11       001F8
_T2CON                                         (abs)        0001C
_T2CONbits                                     (abs)        0001C
_T4CON                                         (abs)        00417
_T4CONbits                                     (abs)        00417
_TMR0                                          (abs)        00015
_TMR0_DefaultInterruptHandler                  (abs)        00000
_TMR0_Initialize                               text15       0027F
_TMR0_InterruptHandler                         nvBANK0      00067
_TMR0_SetInterruptHandler                      text16       002D7
_TMR2                                          (abs)        0001A
_TMR2_Initialize                               text14       002B4
_TMR4                                          (abs)        00415
_TMR4_Initialize                               text13       002AA
_TMR4_LoadPeriodRegister                       text8        00307
_TMR4_ReadTimer                                text10       0030C
_TMR4_StartTimer                               text7        00319
_TMR4_StopTimer                                text9        0031C
_TRISA                                         (abs)        0008C
_TRISB                                         (abs)        0008D
_TXREG                                         (abs)        0019A
_TXSTA                                         (abs)        0019E
_TXSTAbits                                     (abs)        0019E
_WDTCON                                        (abs)        00097
_WDT_Initialize                                text12       00311
_WPUA                                          (abs)        0020C
_WPUB                                          (abs)        0020D
__H__absolute__                                __absolute__ 00000
__Habs1                                        abs1         00000
__Hbank0                                       bank0        00000
__Hbank1                                       bank1        00000
__Hbank10                                      bank10       00000
__Hbank11                                      bank11       00000
__Hbank12                                      bank12       00000
__Hbank13                                      bank13       00000
__Hbank14                                      bank14       00000
__Hbank15                                      bank15       00000
__Hbank16                                      bank16       00000
__Hbank17                                      bank17       00000
__Hbank18                                      bank18       00000
__Hbank19                                      bank19       00000
__Hbank2                                       bank2        00000
__Hbank20                                      bank20       00000
__Hbank21                                      bank21       00000
__Hbank22                                      bank22       00000
__Hbank23                                      bank23       00000
__Hbank24                                      bank24       00000
__Hbank25                                      bank25       00000
__Hbank26                                      bank26       00000
__Hbank27                                      bank27       00000
__Hbank28                                      bank28       00000
__Hbank29                                      bank29       00000
__Hbank3                                       bank3        00000
__Hbank30                                      bank30       00000
__Hbank31                                      bank31       00000
__Hbank4                                       bank4        00000
__Hbank5                                       bank5        00000
__Hbank6                                       bank6        00000
__Hbank7                                       bank7        00000
__Hbank8                                       bank8        00000
__Hbank9                                       bank9        00000
__Hbigram                                      bigram       00000
__HbssBANK0                                    bssBANK0     00000
__HbssBANK1                                    bssBANK1     00000
__Hcinit                                       cinit        00035
__Hclrtext                                     clrtext      00000
__Hcode                                        code         00000
__Hcommon                                      common       00000
__Hconfig                                      config       08009
__HcstackBANK0                                 cstackBANK0  00000
__HcstackCOMMON                                cstackCOMMON 00000
__HdataBANK0                                   dataBANK0    00000
__Heeprom_data                                 eeprom_data  00000
__Hend_init                                    end_init     00015
__Hfunctab                                     functab      00000
__Hheap                                        heap         00000
__HidataBANK0                                  idataBANK0   00000
__Hinit                                        init         00013
__Hinittext                                    inittext     00000
__Hintentry                                    intentry     00013
__Hmaintext                                    maintext     00000
__HnvBANK0                                     nvBANK0      00000
__HnvBANK1                                     nvBANK1      00000
__Hpowerup                                     powerup      00000
__Hram                                         ram          00000
__Hreset_vec                                   reset_vec    00002
__Hsfr0                                        sfr0         00000
__Hsfr1                                        sfr1         00000
__Hsfr10                                       sfr10        00000
__Hsfr11                                       sfr11        00000
__Hsfr12                                       sfr12        00000
__Hsfr13                                       sfr13        00000
__Hsfr14                                       sfr14        00000
__Hsfr15                                       sfr15        00000
__Hsfr16                                       sfr16        00000
__Hsfr17                                       sfr17        00000
__Hsfr18                                       sfr18        00000
__Hsfr19                                       sfr19        00000
__Hsfr2                                        sfr2         00000
__Hsfr20                                       sfr20        00000
__Hsfr21                                       sfr21        00000
__Hsfr22                                       sfr22        00000
__Hsfr23                                       sfr23        00000
__Hsfr24                                       sfr24        00000
__Hsfr25                                       sfr25        00000
__Hsfr26                                       sfr26        00000
__Hsfr27                                       sfr27        00000
__Hsfr28                                       sfr28        00000
__Hsfr29                                       sfr29        00000
__Hsfr3                                        sfr3         00000
__Hsfr30                                       sfr30        00000
__Hsfr31                                       sfr31        00000
__Hsfr4                                        sfr4         00000
__Hsfr5                                        sfr5         00000
__Hsfr6                                        sfr6         00000
__Hsfr7                                        sfr7         00000
__Hsfr8                                        sfr8         00000
__Hsfr9                                        sfr9         00000
__Hsivt                                        sivt         00013
__Hspace_0                                     (abs)        00320
__Hspace_1                                     (abs)        000B0
__Hspace_2                                     (abs)        00000
__Hspace_3                                     (abs)        00000
__Hspace_4                                     (abs)        10010
__Hstack                                       stack        00000
__Hstrings                                     strings      00000
__Htext                                        text         00000
__L__absolute__                                __absolute__ 00000
__Labs1                                        abs1         00000
__Lbank0                                       bank0        00000
__Lbank1                                       bank1        00000
__Lbank10                                      bank10       00000
__Lbank11                                      bank11       00000
__Lbank12                                      bank12       00000
__Lbank13                                      bank13       00000
__Lbank14                                      bank14       00000
__Lbank15                                      bank15       00000
__Lbank16                                      bank16       00000
__Lbank17                                      bank17       00000
__Lbank18                                      bank18       00000
__Lbank19                                      bank19       00000
__Lbank2                                       bank2        00000
__Lbank20                                      bank20       00000
__Lbank21                                      bank21       00000
__Lbank22                                      bank22       00000
__Lbank23                                      bank23       00000
__Lbank24                                      bank24       00000
__Lbank25                                      bank25       00000
__Lbank26                                      bank26       00000
__Lbank27                                      bank27       00000
__Lbank28                                      bank28       00000
__Lbank29                                      bank29       00000
__Lbank3                                       bank3        00000
__Lbank30                                      bank30       00000
__Lbank31                                      bank31       00000
__Lbank4                                       bank4        00000
__Lbank5                                       bank5        00000
__Lbank6                                       bank6        00000
__Lbank7                                       bank7        00000
__Lbank8                                       bank8        00000
__Lbank9                                       bank9        00000
__Lbigram                                      bigram       00000
__LbssBANK0                                    bssBANK0     00000
__LbssBANK1                                    bssBANK1     00000
__Lcinit                                       cinit        00015
__Lclrtext                                     clrtext      00000
__Lcode                                        code         00000
__Lcommon                                      common       00000
__Lconfig                                      config       00000
__LcstackBANK0                                 cstackBANK0  00000
__LcstackCOMMON                                cstackCOMMON 00000
__LdataBANK0                                   dataBANK0    00000
__Leeprom_data                                 eeprom_data  00000
__Lend_init                                    end_init     00013
__Lfunctab                                     functab      00000
__Lheap                                        heap         00000
__LidataBANK0                                  idataBANK0   00000
__Linit                                        init         00013
__Linittext                                    inittext     00000
__Lintentry                                    intentry     00004
__Lmaintext                                    maintext     00000
__LnvBANK0                                     nvBANK0      00000
__LnvBANK1                                     nvBANK1      00000
__Lpowerup                                     powerup      00000
__Lram                                         ram          00000
__Lreset_vec                                   reset_vec    00000
__Lsfr0                                        sfr0         00000
__Lsfr1                                        sfr1         00000
__Lsfr10                                       sfr10        00000
__Lsfr11                                       sfr11        00000
__Lsfr12                                       sfr12        00000
__Lsfr13                                       sfr13        00000
__Lsfr14                                       sfr14        00000
__Lsfr15                                       sfr15        00000
__Lsfr16                                       sfr16        00000
__Lsfr17                                       sfr17        00000
__Lsfr18                                       sfr18        00000
__Lsfr19                                       sfr19        00000
__Lsfr2                                        sfr2         00000
__Lsfr20                                       sfr20        00000
__Lsfr21                                       sfr21        00000
__Lsfr22                                       sfr22        00000
__Lsfr23                                       sfr23        00000
__Lsfr24                                       sfr24        00000
__Lsfr25                                       sfr25        00000
__Lsfr26                                       sfr26        00000
__Lsfr27                                       sfr27        00000
__Lsfr28                                       sfr28        00000
__Lsfr29                                       sfr29        00000
__Lsfr3                                        sfr3         00000
__Lsfr30                                       sfr30        00000
__Lsfr31                                       sfr31        00000
__Lsfr4                                        sfr4         00000
__Lsfr5                                        sfr5         00000
__Lsfr6                                        sfr6         00000
__Lsfr7                                        sfr7         00000
__Lsfr8                                        sfr8         00000
__Lsfr9                                        sfr9         00000
__Lsivt                                        sivt         00013
__Lspace_0                                     (abs)        00000
__Lspace_1                                     (abs)        00000
__Lspace_2                                     (abs)        00000
__Lspace_3                                     (abs)        00000
__Lspace_4                                     (abs)        00000
__Lstack                                       stack        00000
__Lstrings                                     strings      00000
__Ltext                                        text         00000
__S0                                           (abs)        00320
__S1                                           (abs)        000B0
__S3                                           (abs)        00000
___heap_hi                                     (abs)        00000
___heap_lo                                     (abs)        00000
___int_sp                                      stack        00000
___int_stack_hi                                stack        00000
___int_stack_lo                                stack        00000
___latbits                                     (abs)        00001
___lwdiv                                       text6        00195
___lwdiv@counter                               cstackCOMMON 0007D
___lwdiv@dividend                              cstackCOMMON 00078
___lwdiv@divisor                               cstackCOMMON 00076
___lwdiv@quotient                              cstackCOMMON 0007B
___sp                                          stack        00000
___stack_hi                                    stack        00000
___stack_lo                                    stack        00000
___stackhi                                     (abs)        00000
___stacklo                                     (abs)        00000
___wmul                                        text5        0021D
___wmul@multiplicand                           cstackCOMMON 00072
___wmul@multiplier                             cstackCOMMON 00070
___wmul@product                                cstackCOMMON 00074
__end_of_ADC_Initialize                        text29       002C4
__end_of_CMP1_Initialize                       text28       00307
__end_of_DAC_Initialize                        text27       00301
__end_of_EPWM1_Initialize                      text26       0029F
__end_of_EPWM1_LoadDutyValue                   text3        00253
__end_of_EUSART_Initialize                     text20       00195
__end_of_EUSART_SetErrorHandler                text25       002FB
__end_of_EUSART_SetFramingErrorHandler         text24       002F5
__end_of_EUSART_SetOverrunErrorHandler         text23       002EF
__end_of_EUSART_SetRxInterruptHandler          text22       002E9
__end_of_EUSART_SetTxInterruptHandler          text21       002E3
__end_of_FVR_Initialize                        text19       00319
__end_of_INTERRUPT_InterruptManager            intentry     00013
__end_of_OSCILLATOR_Initialize                 text18       002CB
__end_of_PIN_MANAGER_IOC                       text31       00320
__end_of_PIN_MANAGER_Initialize                text17       0026A
__end_of_SYSTEM_Initialize                     text11       0021D
__end_of_TMR0_Initialize                       text15       00291
__end_of_TMR0_SetInterruptHandler              text16       002DD
__end_of_TMR2_Initialize                       text14       002BC
__end_of_TMR4_Initialize                       text13       002B4
__end_of_TMR4_LoadPeriodRegister               text8        0030C
__end_of_TMR4_ReadTimer                        text10       00311
__end_of_TMR4_StartTimer                       text7        0031C
__end_of_TMR4_StopTimer                        text9        0031F
__end_of_WDT_Initialize                        text12       00315
__end_of___lwdiv                               text6        001D1
__end_of___wmul                                text5        0023C
__end_of__initialization                       cinit        00031
__end_of_controlchoose                         text1        0027F
__end_of_fluxcontrol                           text4        000C9
__end_of_main                                  maintext     001F8
__end_of_pwmcontrol                            text2        00158
__initialization                               cinit        00015
__pbssBANK0                                    bssBANK0     00020
__pbssBANK1                                    bssBANK1     000A8
__pcstackBANK0                                 cstackBANK0  0006B
__pcstackCOMMON                                cstackCOMMON 00070
__pdataBANK0                                   dataBANK0    0005C
__pidataBANK0                                  idataBANK0   0029F
__pintentry                                    intentry     00004
__pmaintext                                    maintext     001D1
__pnvBANK0                                     nvBANK0      00067
__pnvBANK1                                     nvBANK1      000A0
__ptext1                                       text1        0026A
__ptext10                                      text10       0030C
__ptext11                                      text11       001F8
__ptext12                                      text12       00311
__ptext13                                      text13       002AA
__ptext14                                      text14       002B4
__ptext15                                      text15       0027F
__ptext16                                      text16       002D7
__ptext17                                      text17       00253
__ptext18                                      text18       002C4
__ptext19                                      text19       00315
__ptext2                                       text2        000C9
__ptext20                                      text20       00158
__ptext21                                      text21       002DD
__ptext22                                      text22       002E3
__ptext23                                      text23       002E9
__ptext24                                      text24       002EF
__ptext25                                      text25       002F5
__ptext26                                      text26       00291
__ptext27                                      text27       002FB
__ptext28                                      text28       00301
__ptext29                                      text29       002BC
__ptext3                                       text3        0023C
__ptext31                                      text31       0031F
__ptext4                                       text4        00035
__ptext5                                       text5        0021D
__ptext6                                       text6        00195
__ptext7                                       text7        00319
__ptext8                                       text8        00307
__ptext9                                       text9        0031C
_ballset                                       bssBANK0     00046
_bufferRx                                      bssBANK0     00020
_controlchoice                                 dataBANK0    00066
_controlchoose                                 text1        0026A
_countRx                                       bssBANK0     00052
_dRx                                           bssBANK0     0003A
_dTx                                           bssBANK0     0003C
_dcRx                                          bssBANK0     00038
_envia_Tx                                      (abs)        00000
_error                                         bssBANK0     0004A
_eusartRxBuffer                                bssBANK1     000A8
_eusartRxCount                                 bssBANK0     00056
_eusartRxHead                                  bssBANK0     00058
_eusartRxLastError                             bssBANK0     00055
_eusartRxStatusBuffer                          bssBANK0     00028
_eusartRxTail                                  bssBANK0     00057
_eusartTxBuffer                                bssBANK0     00030
_eusartTxBufferRemaining                       bssBANK0     00059
_eusartTxHead                                  bssBANK0     0005B
_eusartTxTail                                  bssBANK0     0005A
_fluxcontrol                                   text4        00035
_fluxcontrol$1740                              cstackBANK0  0006D
_main                                          maintext     001D1
_output                                        bssBANK0     00040
_outputsum                                     bssBANK0     00042
_pas                                           bssBANK0     00050
_position                                      bssBANK0     00051
_pwmcontrol                                    text2        000C9
_pwmcontrol$1741                               cstackBANK0  0006D
_receive                                       (abs)        00000
_tTx                                           bssBANK0     0003E
_timecontrol                                   bssBANK0     00053
_timer0ReloadVal                               bssBANK0     00054
btemp                                          (abs)        0007E
clear_ram0                                     clrtext      002D1
end_of_initialization                          cinit        00031
init_ram                                       inittext     002CB
int$flags                                      (abs)        0007E
intlevel0                                      functab      00000
intlevel1                                      functab      00000
intlevel2                                      functab      00000
intlevel3                                      functab      00000
intlevel4                                      functab      00000
intlevel5                                      functab      00000
reset_vec                                      reset_vec    00000
start                                          init         00013
start_initialization                           cinit        00015
wtemp0                                         (abs)        0007E


MODULE INFORMATION

Module		Function		Class		Link	Load	Size
mcc_generated_files/cmp1.c
		_CMP1_Initialize		CODE           	0301	0000	6

mcc_generated_files/cmp1.c estimated size: 6

mcc_generated_files/fvr.c
		_FVR_Initialize		CODE           	0315	0000	4

mcc_generated_files/fvr.c estimated size: 4

mcc_generated_files/tmr4.c
		_TMR4_LoadPeriodRegister		CODE           	0307	0000	5
		_TMR4_Initialize		CODE           	02AA	0000	10
		_TMR4_StopTimer		CODE           	031C	0000	3
		_TMR4_StartTimer		CODE           	0319	0000	3
		_TMR4_ReadTimer		CODE           	030C	0000	5

mcc_generated_files/tmr4.c estimated size: 26

/opt/microchip/xc8/v2.46/pic/sources/c99/common/Umul16.c
		___wmul        		CODE           	021D	0000	31

/opt/microchip/xc8/v2.46/pic/sources/c99/common/Umul16.c estimated size: 31

mcc_generated_files/tmr2.c
		_TMR2_Initialize		CODE           	02B4	0000	8

mcc_generated_files/tmr2.c estimated size: 8

mcc_generated_files/interrupt_manager.c
		_INTERRUPT_InterruptManager		CODE           	0004	0000	15

mcc_generated_files/interrupt_manager.c estimated size: 15

mcc_generated_files/tmr0.c
		_TMR0_SetInterruptHandler		CODE           	02D7	0000	6
		_TMR0_Initialize		CODE           	027F	0000	18

mcc_generated_files/tmr0.c estimated size: 24

mcc_generated_files/pin_manager.c
		_PIN_MANAGER_Initialize		CODE           	0253	0000	23
		_PIN_MANAGER_IOC		CODE           	031F	0000	1

mcc_generated_files/pin_manager.c estimated size: 24

/opt/microchip/xc8/v2.46/pic/sources/c99/common/lwdiv.c
		___lwdiv       		CODE           	0195	0000	60

/opt/microchip/xc8/v2.46/pic/sources/c99/common/lwdiv.c estimated size: 60

mcc_generated_files/adc.c
		_ADC_Initialize		CODE           	02BC	0000	8

mcc_generated_files/adc.c estimated size: 8

shared
		__initialization		CODE           	0015	0000	28

shared estimated size: 28

mcc_generated_files/mcc.c
		_WDT_Initialize		CODE           	0311	0000	4
		_OSCILLATOR_Initialize		CODE           	02C4	0000	7
		_SYSTEM_Initialize		CODE           	01F8	0000	37

mcc_generated_files/mcc.c estimated size: 48

mcc_generated_files/epwm1.c
		_EPWM1_LoadDutyValue		CODE           	023C	0000	23
		_EPWM1_Initialize		CODE           	0291	0000	14

mcc_generated_files/epwm1.c estimated size: 37

mcc_generated_files/eusart.c
		_EUSART_SetRxInterruptHandler		CODE           	02E3	0000	6
		_EUSART_SetTxInterruptHandler		CODE           	02DD	0000	6
		_EUSART_Initialize		CODE           	0158	0000	61
		_EUSART_SetFramingErrorHandler		CODE           	02EF	0000	6
		_EUSART_SetErrorHandler		CODE           	02F5	0000	6
		_EUSART_SetOverrunErrorHandler		CODE           	02E9	0000	6

mcc_generated_files/eusart.c estimated size: 91

mcc_generated_files/dac.c
		_DAC_Initialize		CODE           	02FB	0000	6

mcc_generated_files/dac.c estimated size: 6

main.c
		_main          		CODE           	01D1	0000	39
		_controlchoose 		CODE           	026A	0000	21
		_fluxcontrol   		CODE           	0035	0000	148
		_pwmcontrol    		CODE           	00C9	0000	143

main.c estimated size: 351

