Microchip MPLAB XC8 Compiler V2.46

Linker command line:

-W-3 \
  --edf=C:\Program Files\Microchip\xc8\v2.46\pic\dat\20240104201356_en.msgs \
  -cn -h+dist/default/debug\projeto_final_EE_gp1.debug.sym \
  --cmf=dist/default/debug\projeto_final_EE_gp1.debug.cmf -z -Q16F1827 \
  -oC:\Users\rodri\AppData\Local\Temp\xcAscbs.\driver_tmp_3.o \
  --defsym=__MPLAB_BUILD=1 --fixupoverflow=error \
  -Mdist/default/debug/projeto_final_EE_gp1.debug.map \
  --md=C:\Users\rodri\AppData\Local\Temp\xcAscbs.\driver_tmp_0.dat -E1 \
  -ver=XC8 Compiler --acfsm=1493 -ACODE=00h-07FFhx2 -ASTRCODE=00h-0FFFh \
  -ASTRING=00h-0FFhx16 -ACONST=00h-0FFhx16 -AENTRY=00h-0FFhx16 \
  -ACOMMON=070h-07Fh -ABANK0=020h-06Fh -ABANK1=0A0h-0EFh \
  -ABANK2=0120h-016Fh -ABANK3=01A0h-01EFh -ABANK4=0220h-024Fh \
  -ABIGRAM=02000h-0216Fh \
  -ARAM=020h-06Fh,0A0h-0EFh,0120h-016Fh,01A0h-01EFh,0220h-024Fh \
  -AABS1=020h-07Fh,0A0h-0EFh,0120h-016Fh,01A0h-01EFh,0220h-024Fh \
  -ASFR0=00h-01Fh -ASFR1=080h-09Fh -ASFR2=0100h-011Fh -ASFR3=0180h-019Fh \
  -ASFR4=0200h-021Fh -ASFR5=0280h-02EFh -ASFR6=0300h-036Fh \
  -ASFR7=0380h-03EFh -ASFR8=0400h-046Fh -ASFR9=0480h-04EFh \
  -ASFR10=0500h-056Fh -ASFR11=0580h-05EFh -ASFR12=0600h-066Fh \
  -ASFR13=0680h-06EFh -ASFR14=0700h-076Fh -ASFR15=0780h-07EFh \
  -ASFR16=0800h-086Fh -ASFR17=0880h-08EFh -ASFR18=0900h-096Fh \
  -ASFR19=0980h-09EFh -ASFR20=0A00h-0A6Fh -ASFR21=0A80h-0AEFh \
  -ASFR22=0B00h-0B6Fh -ASFR23=0B80h-0BEFh -ASFR24=0C00h-0C6Fh \
  -ASFR25=0C80h-0CEFh -ASFR26=0D00h-0D6Fh -ASFR27=0D80h-0DEFh \
  -ASFR28=0E00h-0E6Fh -ASFR29=0E80h-0EEFh -ASFR30=0F00h-0F6Fh \
  -ASFR31=0F80h-0FEFh -ACONFIG=08007h-08008h -DCONFIG=2 \
  -AIDLOC=08000h-08003h -DIDLOC=2 -AEEDATA=00h-0FFh/0F000h \
  -peeprom_data=EEDATA -DEEDATA=2 -DCODE=2 -DSTRCODE=2 -DSTRING=2 -DCONST=2 \
  -DENTRY=2 -preset_vec=00h,intentry=04h,sivt,init,end_init -ppowerup=CODE \
  -pcinit=CODE -pfunctab=ENTRY -k \
  C:\Users\rodri\AppData\Local\Temp\xcAscbs.\driver_tmp_15.o \
  dist/default/debug\projeto_final_EE_gp1.debug.o 

Object code version is 3.11

Machine type is 16F1827



                Name                               Link     Load   Length Selector   Space Scale
C:\Users\rodri\AppData\Local\Temp\xcAscbs.\driver_tmp_15.o
                end_init                             62       62        2        8       0
                reset_vec                             0        0        2        0       0
                config                             8007     8007        2        0       4
dist/default/debug\projeto_final_EE_gp1.debug.o
                cinit                                64       64       28        8       0
                intentry                              4        4       5E        8       0
                config                             8007     8007        2        0       4
                text71                              E04      E04       1A     1C08       0
                text70                              C8A      C8A        4     1914       0
                text69                              C7B      C7B        1     18F6       0
                text68                              C8E      C8E        4     191C       0
                text67                              EC9      EC9       22     1D92       0
                text66                              C7C      C7C        1     18F8       0
                text65                              DBD      DBD       17     1B7A       0
                text64                              40C      40C       94        8       0
                text63                              DA7      DA7       16     1B4E       0
                text62                              C7D      C7D        1     18FA       0
                text61                              D5B      D5B       12     1AB6       0
                text60                              DEB      DEB       19     1BD6       0
                text59                              EEB      EEB       23     1DD6       0
                text58                               8C       8C      23B        8       0
                text57                              619      619       71        8       0
                text56                              2C7      2C7       AB        8       0
                text55                              532      532       74        8       0
                text54                                2        2        1        0       0
                text53                              D3D      D3D        F     1A7A       0
                text52                              F33      F33       27     1E66       0
                text51                              5A6      5A6       73        8       0
                text50                              E1E      E1E       1A     1C3C       0
                text49                                3        3        1        6       0
                text48                              D4C      D4C        F     1A98       0
                text47                              F0E      F0E       25     1E1C       0
                text46                              C9E      C9E        5     193C       0
                text45                              E8B      E8B       1E     1D16       0
                text44                              78D      78D       40        8       0
                text42                              E38      E38       1B     1C70       0
                text41                              7F8      7F8        8        8       0
                text40                              CA3      CA3        6     1946       0
                text39                              CA9      CA9        6     1952       0
                text38                              D2F      D2F        E     1A5E       0
                text37                              CFE      CFE        9     19FC       0
                text36                              CAF      CAF        6     195E       0
                text35                              D07      D07        9     1A0E       0
                text34                              CB5      CB5        6     196A       0
                text33                              CBB      CBB        6     1976       0
                text32                              FC1      FC1       3F     1F82       0
                text31                              C92      C92        4     1924       0
                text30                              CF7      CF7        7     19EE       0
                text29                              DD4      DD4       17     1BA8       0
                text28                              CC1      CC1        6     1982       0
                text27                              D7F      D7F       13     1AFE       0
                text26                              CC7      CC7        6     198E       0
                text25                              E53      E53       1C     1CA6       0
                text24                              CCD      CCD        6     199A       0
                text23                              D6D      D6D       12     1ADA       0
                text22                              D10      D10        A     1A20       0
                text21                              D1A      D1A        A     1A34       0
                text20                              C96      C96        4     192C       0
                text19                              7CD      7CD       2B        8       0
                text18                              CD3      CD3        6     19A6       0
                text17                              C7E      C7E        3     18FC       0
                text16                              CD9      CD9        6     19B2       0
                text15                              CDF      CDF        6     19BE       0
                text14                              C81      C81        3     1902       0
                text13                              C84      C84        3     1908       0
                text12                              CE5      CE5        6     19CA       0
                text11                              C87      C87        3     190E       0
                text10                              F84      F84       3D     1F08       0
                text9                               EA9      EA9       20     1D52       0
                text8                               F5A      F5A       2A     1EB4       0
                text7                               372      372       9A        8       0
                text6                               E6F      E6F       1C     1CDE       0
                text5                               4A0      4A0       92        8       0
                text4                               D92      D92       15     1B24       0
                text3                               C9A      C9A        4     1934       0
                text2                               6EE      6EE       5B        8       0
                text1                               749      749       44        8       0
                maintext                            68A      68A       64        8       0
                cstackBANK0                          20       20       34       20       1
                cstackCOMMON                         70       70        E       70       1
                cstackBANK1                          C6       C6       13       A0       1
                clrtext                             CEB      CEB        6     19D6       0
                inittext                            CF1      CF1        6     19E2       0
                bssBANK2                            120      120       18      120       1
                dataBANK1                            E5       E5        B       A0       1
                bssBANK1                             A0       A0       26       A0       1
                bssBANK0                             54       54       1C       20       1
                nvBANK2                             138      138        6      120       1
                nvBANK1                              D9       D9        C       A0       1
                idataBANK1                          D24      D24        B     1A48       0

TOTAL           Name                               Link     Load   Length     Space
        CLASS   CODE           
                end_init                             62       62        2         0
                cinit                                64       64       28         0
                intentry                              4        4       5E         0
                reset_vec                             0        0        2         0
                text71                              E04      E04       1A         0
                text70                              C8A      C8A        4         0
                text69                              C7B      C7B        1         0
                text68                              C8E      C8E        4         0
                text67                              EC9      EC9       22         0
                text66                              C7C      C7C        1         0
                text65                              DBD      DBD       17         0
                text64                              40C      40C       94         0
                text63                              DA7      DA7       16         0
                text62                              C7D      C7D        1         0
                text61                              D5B      D5B       12         0
                text60                              DEB      DEB       19         0
                text59                              EEB      EEB       23         0
                text58                               8C       8C      23B         0
                text57                              619      619       71         0
                text56                              2C7      2C7       AB         0
                text55                              532      532       74         0
                text54                                2        2        1         0
                text53                              D3D      D3D        F         0
                text52                              F33      F33       27         0
                text51                              5A6      5A6       73         0
                text50                              E1E      E1E       1A         0
                text49                                3        3        1         0
                text48                              D4C      D4C        F         0
                text47                              F0E      F0E       25         0
                text46                              C9E      C9E        5         0
                text45                              E8B      E8B       1E         0
                text44                              78D      78D       40         0
                text42                              E38      E38       1B         0
                text41                              7F8      7F8        8         0
                text40                              CA3      CA3        6         0
                text39                              CA9      CA9        6         0
                text38                              D2F      D2F        E         0
                text37                              CFE      CFE        9         0
                text36                              CAF      CAF        6         0
                text35                              D07      D07        9         0
                text34                              CB5      CB5        6         0
                text33                              CBB      CBB        6         0
                text32                              FC1      FC1       3F         0
                text31                              C92      C92        4         0
                text30                              CF7      CF7        7         0
                text29                              DD4      DD4       17         0
                text28                              CC1      CC1        6         0
                text27                              D7F      D7F       13         0
                text26                              CC7      CC7        6         0
                text25                              E53      E53       1C         0
                text24                              CCD      CCD        6         0
                text23                              D6D      D6D       12         0
                text22                              D10      D10        A         0
                text21                              D1A      D1A        A         0
                text20                              C96      C96        4         0
                text19                              7CD      7CD       2B         0
                text18                              CD3      CD3        6         0
                text17                              C7E      C7E        3         0
                text16                              CD9      CD9        6         0
                text15                              CDF      CDF        6         0
                text14                              C81      C81        3         0
                text13                              C84      C84        3         0
                text12                              CE5      CE5        6         0
                text11                              C87      C87        3         0
                text10                              F84      F84       3D         0
                text9                               EA9      EA9       20         0
                text8                               F5A      F5A       2A         0
                text7                               372      372       9A         0
                text6                               E6F      E6F       1C         0
                text5                               4A0      4A0       92         0
                text4                               D92      D92       15         0
                text3                               C9A      C9A        4         0
                text2                               6EE      6EE       5B         0
                text1                               749      749       44         0
                maintext                            68A      68A       64         0
                clrtext                             CEB      CEB        6         0
                inittext                            CF1      CF1        6         0
                idataBANK1                          D24      D24        B         0

        CLASS   STRCODE        

        CLASS   STRING         

        CLASS   CONST          

        CLASS   ENTRY          

        CLASS   COMMON         
                cstackCOMMON                         70       70        E         1

        CLASS   BANK0          
                cstackBANK0                          20       20       34         1
                bssBANK0                             54       54       1C         1

        CLASS   BANK1          
                cstackBANK1                          C6       C6       13         1
                dataBANK1                            E5       E5        B         1
                bssBANK1                             A0       A0       26         1
                nvBANK1                              D9       D9        C         1

        CLASS   BANK2          
                bssBANK2                            120      120       18         1
                nvBANK2                             138      138        6         1

        CLASS   BANK3          

        CLASS   BANK4          

        CLASS   BIGRAM         

        CLASS   RAM            

        CLASS   ABS1           
                abs_s1                               7E       7E        2         1

        CLASS   SFR0           

        CLASS   SFR1           

        CLASS   SFR2           

        CLASS   SFR3           

        CLASS   SFR4           

        CLASS   SFR5           

        CLASS   SFR6           

        CLASS   SFR7           

        CLASS   SFR8           

        CLASS   SFR9           

        CLASS   SFR10          

        CLASS   SFR11          

        CLASS   SFR12          

        CLASS   SFR13          

        CLASS   SFR14          

        CLASS   SFR15          

        CLASS   SFR16          

        CLASS   SFR17          

        CLASS   SFR18          

        CLASS   SFR19          

        CLASS   SFR20          

        CLASS   SFR21          

        CLASS   SFR22          

        CLASS   SFR23          

        CLASS   SFR24          

        CLASS   SFR25          

        CLASS   SFR26          

        CLASS   SFR27          

        CLASS   SFR28          

        CLASS   SFR29          

        CLASS   SFR30          

        CLASS   SFR31          

        CLASS   CONFIG         
                config                             8007     8007        2         4

        CLASS   IDLOC          

        CLASS   EEDATA         

        CLASS   BANK31         

        CLASS   BANK30         

        CLASS   BANK29         

        CLASS   BANK28         

        CLASS   BANK27         

        CLASS   BANK26         

        CLASS   BANK25         

        CLASS   BANK24         

        CLASS   BANK23         

        CLASS   BANK22         

        CLASS   BANK21         

        CLASS   BANK20         

        CLASS   BANK19         

        CLASS   BANK18         

        CLASS   BANK17         

        CLASS   BANK16         

        CLASS   BANK15         

        CLASS   BANK14         

        CLASS   BANK13         

        CLASS   BANK12         

        CLASS   BANK11         

        CLASS   BANK10         

        CLASS   BANK9          

        CLASS   BANK8          

        CLASS   BANK7          

        CLASS   BANK6          

        CLASS   BANK5          

        CLASS   HEAP           

        CLASS   STACK          



SEGMENTS        Name                           Load    Length   Top    Selector   Space  Class     Delta

                reset_vec                      000000  000003  000003         0       0  CODE        2
                text49                         000003  000001  000004         6       0  CODE        2
                intentry                       000004  0007FC  000800         8       0  CODE        2
                cstackBANK0                    000020  000050  000070        20       1  BANK0       1
                cstackCOMMON                   000070  00000E  00007E        70       1  COMMON      1
                bssBANK1                       0000A0  000050  0000F0        A0       1  BANK1       1
                bssBANK2                       000120  00001E  00013E       120       1  BANK2       1
                text69                         000C7B  000001  000C7C      18F6       0  CODE        2
                text66                         000C7C  000001  000C7D      18F8       0  CODE        2
                text62                         000C7D  000001  000C7E      18FA       0  CODE        2
                text17                         000C7E  000003  000C81      18FC       0  CODE        2
                text14                         000C81  000003  000C84      1902       0  CODE        2
                text13                         000C84  000003  000C87      1908       0  CODE        2
                text11                         000C87  000003  000C8A      190E       0  CODE        2
                text70                         000C8A  000004  000C8E      1914       0  CODE        2
                text68                         000C8E  000004  000C92      191C       0  CODE        2
                text31                         000C92  000004  000C96      1924       0  CODE        2
                text20                         000C96  000004  000C9A      192C       0  CODE        2
                text3                          000C9A  000004  000C9E      1934       0  CODE        2
                text46                         000C9E  000005  000CA3      193C       0  CODE        2
                text40                         000CA3  000006  000CA9      1946       0  CODE        2
                text39                         000CA9  000006  000CAF      1952       0  CODE        2
                text36                         000CAF  000006  000CB5      195E       0  CODE        2
                text34                         000CB5  000006  000CBB      196A       0  CODE        2
                text33                         000CBB  000006  000CC1      1976       0  CODE        2
                text28                         000CC1  000006  000CC7      1982       0  CODE        2
                text26                         000CC7  000006  000CCD      198E       0  CODE        2
                text24                         000CCD  000006  000CD3      199A       0  CODE        2
                text18                         000CD3  000006  000CD9      19A6       0  CODE        2
                text16                         000CD9  000006  000CDF      19B2       0  CODE        2
                text15                         000CDF  000006  000CE5      19BE       0  CODE        2
                text12                         000CE5  000006  000CEB      19CA       0  CODE        2
                clrtext                        000CEB  000006  000CF1      19D6       0  CODE        2
                inittext                       000CF1  000006  000CF7      19E2       0  CODE        2
                text30                         000CF7  000007  000CFE      19EE       0  CODE        2
                text37                         000CFE  000009  000D07      19FC       0  CODE        2
                text35                         000D07  000009  000D10      1A0E       0  CODE        2
                text22                         000D10  00000A  000D1A      1A20       0  CODE        2
                text21                         000D1A  00000A  000D24      1A34       0  CODE        2
                idataBANK1                     000D24  00000B  000D2F      1A48       0  CODE        2
                text38                         000D2F  00000E  000D3D      1A5E       0  CODE        2
                text53                         000D3D  00000F  000D4C      1A7A       0  CODE        2
                text48                         000D4C  00000F  000D5B      1A98       0  CODE        2
                text61                         000D5B  000012  000D6D      1AB6       0  CODE        2
                text23                         000D6D  000012  000D7F      1ADA       0  CODE        2
                text27                         000D7F  000013  000D92      1AFE       0  CODE        2
                text4                          000D92  000015  000DA7      1B24       0  CODE        2
                text63                         000DA7  000016  000DBD      1B4E       0  CODE        2
                text65                         000DBD  000017  000DD4      1B7A       0  CODE        2
                text29                         000DD4  000017  000DEB      1BA8       0  CODE        2
                text60                         000DEB  000019  000E04      1BD6       0  CODE        2
                text71                         000E04  00001A  000E1E      1C08       0  CODE        2
                text50                         000E1E  00001A  000E38      1C3C       0  CODE        2
                text42                         000E38  00001B  000E53      1C70       0  CODE        2
                text25                         000E53  00001C  000E6F      1CA6       0  CODE        2
                text6                          000E6F  00001C  000E8B      1CDE       0  CODE        2
                text45                         000E8B  00001E  000EA9      1D16       0  CODE        2
                text9                          000EA9  000020  000EC9      1D52       0  CODE        2
                text67                         000EC9  000022  000EEB      1D92       0  CODE        2
                text59                         000EEB  000023  000F0E      1DD6       0  CODE        2
                text47                         000F0E  000025  000F33      1E1C       0  CODE        2
                text52                         000F33  000027  000F5A      1E66       0  CODE        2
                text8                          000F5A  00002A  000F84      1EB4       0  CODE        2
                text10                         000F84  00003D  000FC1      1F08       0  CODE        2
                text32                         000FC1  00003F  001000      1F82       0  CODE        2


UNUSED ADDRESS RANGES

        Name                Unused          Largest block    Delta
        BANK2            0013E-0016F              32           1
        BANK3            001A0-001EF              50           1
        BANK4            00220-0024F              30           1
        BIGRAM           02000-0216F             170           1
        CODE             00800-00C7A             47B           2
        CONST            00800-00C7A             100           2
        EEDATA           0F000-0F0FF             100           2
        ENTRY            00800-00C7A             100           2
        IDLOC            08000-08003               4           2
        RAM              0013E-0016F              32           1
                         001A0-001EF              50
                         00220-0024F              30
        SFR0             00000-0001F              20           1
        SFR1             00080-0009F              20           1
        SFR10            00500-0056F              70           1
        SFR11            00580-005EF              70           1
        SFR12            00600-0066F              70           1
        SFR13            00680-006EF              70           1
        SFR14            00700-0076F              70           1
        SFR15            00780-007EF              70           1
        SFR16            00800-0086F              70           1
        SFR17            00880-008EF              70           1
        SFR18            00900-0096F              70           1
        SFR19            00980-009EF              70           1
        SFR2             00100-0011F              20           1
        SFR20            00A00-00A6F              70           1
        SFR21            00A80-00AEF              70           1
        SFR22            00B00-00B6F              70           1
        SFR23            00B80-00BEF              70           1
        SFR24            00C00-00C6F              70           1
        SFR25            00C80-00CEF              70           1
        SFR26            00D00-00D6F              70           1
        SFR27            00D80-00DEF              70           1
        SFR28            00E00-00E6F              70           1
        SFR29            00E80-00EEF              70           1
        SFR3             00180-0019F              20           1
        SFR30            00F00-00F6F              70           1
        SFR31            00F80-00FEF              70           1
        SFR4             00200-0021F              20           1
        SFR5             00280-002EF              70           1
        SFR6             00300-0036F              70           1
        SFR7             00380-003EF              70           1
        SFR8             00400-0046F              70           1
        SFR9             00480-004EF              70           1
        STRCODE          00800-00C7A             47B           2
        STRING           00800-00C7A             100           2

                                  Symbol Table

?_ADC_GetConversion                            cstackBANK1  000C6
?_TMR1_ReadTimer                               cstackCOMMON 00070
?__Umul8_16                                    cstackCOMMON 00070
?___flmul                                      cstackBANK0  0002E
?___fltol                                      cstackBANK0  00048
?___lwdiv                                      cstackBANK1  000CC
?___wmul                                       cstackBANK1  000C6
?___xxtofl                                     cstackBANK0  00020
ADC_GetConversion@channel                      cstackBANK1  000C9
EPWM1_LoadDutyValue@dutyValue                  cstackBANK1  000C6
EUSART_Read@readValue                          cstackCOMMON 00071
EUSART_SetErrorHandler@interruptHandler        cstackBANK1  000C6
EUSART_SetFramingErrorHandler@interruptHandler cstackBANK1  000C6
EUSART_SetOverrunErrorHandler@interruptHandler cstackBANK1  000C6
EUSART_SetRxInterruptHandler@interruptHandler  cstackBANK1  000C6
EUSART_SetTxInterruptHandler@interruptHandler  cstackBANK1  000C6
EUSART_Write@txData                            cstackCOMMON 00071
TMR0_SetInterruptHandler@InterruptHandler      cstackBANK1  000C6
TMR1_ReadTimer@readVal                         cstackCOMMON 00077
TMR1_ReadTimer@readValHigh                     cstackCOMMON 00079
TMR1_ReadTimer@readValLow                      cstackCOMMON 0007A
TMR1_SetGateInterruptHandler@InterruptHandler  cstackBANK1  000C6
TMR2_SetInterruptHandler@InterruptHandler      cstackBANK1  000C6
TMR4_LoadPeriodRegister@periodVal              cstackBANK1  000C6
TMR4_ReadTimer@readVal                         cstackBANK1  000C6
TMR6_LoadPeriodRegister@periodVal              cstackBANK1  000C6
TMR6_ReadTimer@readVal                         cstackBANK1  000C6
_ADCON0                                        (abs)        0009D
_ADCON0bits                                    (abs)        0009D
_ADCON1                                        (abs)        0009E
_ADC_GetConversion                             text42       00E38
_ADC_Initialize                                text41       007F8
_ADRESH                                        (abs)        0009C
_ADRESL                                        (abs)        0009B
_ANSELA                                        (abs)        0018C
_ANSELB                                        (abs)        0018D
_APFCON0                                       (abs)        0011D
_APFCON1                                       (abs)        0011E
_BAUDCON                                       (abs)        0019F
_BORCON                                        (abs)        00116
_CCP1CON                                       (abs)        00293
_CCPR1H                                        (abs)        00292
_CCPR1L                                        (abs)        00291
_CCPTMRS0bits                                  (abs)        0029E
_CM1CON0                                       (abs)        00111
_CM1CON1                                       (abs)        00112
_CMOUTbits                                     (abs)        00115
_CMP1_GetOutputStatus                          text3        00C9A
_CMP1_Initialize                               text40       00CA3
_DACCON0                                       (abs)        00118
_DACCON1                                       (abs)        00119
_DAC_Initialize                                text39       00CA9
_ECCP1AS                                       (abs)        00295
_EPWM1_Initialize                              text38       00D2F
_EPWM1_LoadDutyValue                           text6        00E6F
_EUSART_DefaultErrorHandler                    text70       00C8A
_EUSART_DefaultFramingErrorHandler             text69       00C7B
_EUSART_DefaultOverrunErrorHandler             text68       00C8E
_EUSART_ErrorHandler                           nvBANK2      0013A
_EUSART_FramingErrorHandler                    nvBANK1      000DD
_EUSART_Initialize                             text32       00FC1
_EUSART_OverrunErrorHandler                    nvBANK2      0013C
_EUSART_Read                                   text47       00F0E
_EUSART_Receive_ISR                            text44       0078D
_EUSART_RxDataHandler                          text71       00E04
_EUSART_RxDefaultInterruptHandler              nvBANK1      000E1
_EUSART_SetErrorHandler                        text37       00CFE
_EUSART_SetFramingErrorHandler                 text36       00CAF
_EUSART_SetOverrunErrorHandler                 text35       00D07
_EUSART_SetRxInterruptHandler                  text34       00CB5
_EUSART_SetTxInterruptHandler                  text33       00CBB
_EUSART_Transmit_ISR                           text67       00EC9
_EUSART_TxDefaultInterruptHandler              nvBANK1      000DF
_EUSART_Write                                  text52       00F33
_FVRCON                                        (abs)        00117
_FVRCONbits                                    (abs)        00117
_FVR_Initialize                                text31       00C92
_INTCONbits                                    (abs)        0000B
_INTERRUPT_InterruptManager                    intentry     00004
_LATA                                          (abs)        0010C
_LATAbits                                      (abs)        0010C
_LATB                                          (abs)        0010D
_OPTION_REG                                    (abs)        00095
_OPTION_REGbits                                (abs)        00095
_OSCCON                                        (abs)        00099
_OSCILLATOR_Initialize                         text30       00CF7
_OSCTUNE                                       (abs)        00098
_PIE1bits                                      (abs)        00091
_PIN_MANAGER_IOC                               text66       00C7C
_PIN_MANAGER_Initialize                        text29       00DD4
_PIR1bits                                      (abs)        00011
_PIR3bits                                      (abs)        00013
_PR2                                           (abs)        0001B
_PR4                                           (abs)        00416
_PR6                                           (abs)        0041D
_PSTR1CON                                      (abs)        00296
_PWM1CON                                       (abs)        00294
_RCREG                                         (abs)        00199
_RCSTA                                         (abs)        0019D
_RCSTAbits                                     (abs)        0019D
_Rx_ctrl                                       bssBANK0     0006F
_SPBRGH                                        (abs)        0019C
_SPBRGL                                        (abs)        0019B
_SYSTEM_Initialize                             text19       007CD
_T1CON                                         (abs)        00018
_T1CONbits                                     (abs)        00018
_T1GCON                                        (abs)        00019
_T1GCONbits                                    (abs)        00019
_T2CON                                         (abs)        0001C
_T2CONbits                                     (abs)        0001C
_T4CON                                         (abs)        00417
_T4CONbits                                     (abs)        00417
_T6CON                                         (abs)        0041E
_T6CONbits                                     (abs)        0041E
_TMR0                                          (abs)        00015
_TMR0_DefaultInterruptHandler                  text62       00C7D
_TMR0_ISR                                      text61       00D5B
_TMR0_Initialize                               text27       00D7F
_TMR0_InterruptHandler                         nvBANK1      000DB
_TMR0_Reload                                   text46       00C9E
_TMR0_SetInterruptHandler                      text28       00CC1
_TMR1H                                         (abs)        00017
_TMR1L                                         (abs)        00016
_TMR1_DefaultGateInterruptHandler              text54       00002
_TMR1_GATE_ISR                                 text53       00D3D
_TMR1_GateInterruptHandler                     nvBANK1      000D9
_TMR1_Initialize                               text25       00E53
_TMR1_ReadTimer                                text60       00DEB
_TMR1_SetGateInterruptHandler                  text26       00CC7
_TMR2                                          (abs)        0001A
_TMR2_DefaultInterruptHandler                  text49       00003
_TMR2_ISR                                      text48       00D4C
_TMR2_Initialize                               text23       00D6D
_TMR2_InterruptHandler                         nvBANK1      000E3
_TMR2_SetInterruptHandler                      text24       00CCD
_TMR4                                          (abs)        00415
_TMR4_Initialize                               text22       00D10
_TMR4_LoadPeriodRegister                       text12       00CE5
_TMR4_ReadTimer                                text18       00CD3
_TMR4_StartTimer                               text11       00C87
_TMR4_StopTimer                                text17       00C7E
_TMR6                                          (abs)        0041C
_TMR6_Initialize                               text21       00D1A
_TMR6_LoadPeriodRegister                       text16       00CD9
_TMR6_ReadTimer                                text15       00CDF
_TMR6_StartTimer                               text14       00C81
_TMR6_StopTimer                                text13       00C84
_TRISA                                         (abs)        0008C
_TRISB                                         (abs)        0008D
_TXREG                                         (abs)        0019A
_TXSTA                                         (abs)        0019E
_TXSTAbits                                     (abs)        0019E
_WDTCON                                        (abs)        00097
_WDT_Initialize                                text20       00C96
_WPUA                                          (abs)        0020C
_WPUB                                          (abs)        0020D
__H__absolute__                                __absolute__ 00000
__Habs1                                        abs1         00000
__Hbank0                                       bank0        00000
__Hbank1                                       bank1        00000
__Hbank10                                      bank10       00000
__Hbank11                                      bank11       00000
__Hbank12                                      bank12       00000
__Hbank13                                      bank13       00000
__Hbank14                                      bank14       00000
__Hbank15                                      bank15       00000
__Hbank16                                      bank16       00000
__Hbank17                                      bank17       00000
__Hbank18                                      bank18       00000
__Hbank19                                      bank19       00000
__Hbank2                                       bank2        00000
__Hbank20                                      bank20       00000
__Hbank21                                      bank21       00000
__Hbank22                                      bank22       00000
__Hbank23                                      bank23       00000
__Hbank24                                      bank24       00000
__Hbank25                                      bank25       00000
__Hbank26                                      bank26       00000
__Hbank27                                      bank27       00000
__Hbank28                                      bank28       00000
__Hbank29                                      bank29       00000
__Hbank3                                       bank3        00000
__Hbank30                                      bank30       00000
__Hbank31                                      bank31       00000
__Hbank4                                       bank4        00000
__Hbank5                                       bank5        00000
__Hbank6                                       bank6        00000
__Hbank7                                       bank7        00000
__Hbank8                                       bank8        00000
__Hbank9                                       bank9        00000
__Hbigram                                      bigram       00000
__HbssBANK0                                    bssBANK0     00000
__HbssBANK1                                    bssBANK1     00000
__HbssBANK2                                    bssBANK2     00000
__Hcinit                                       cinit        0008C
__Hclrtext                                     clrtext      00000
__Hcode                                        code         00000
__Hcommon                                      common       00000
__Hconfig                                      config       08009
__HcstackBANK0                                 cstackBANK0  00000
__HcstackBANK1                                 cstackBANK1  00000
__HcstackCOMMON                                cstackCOMMON 00000
__HdataBANK1                                   dataBANK1    00000
__Heeprom_data                                 eeprom_data  00000
__Hend_init                                    end_init     00064
__Hfunctab                                     functab      00000
__Hheap                                        heap         00000
__HidataBANK1                                  idataBANK1   00000
__Hinit                                        init         00062
__Hinittext                                    inittext     00000
__Hintentry                                    intentry     00062
__Hmaintext                                    maintext     00000
__HnvBANK1                                     nvBANK1      00000
__HnvBANK2                                     nvBANK2      00000
__Hpowerup                                     powerup      00000
__Hram                                         ram          00000
__Hreset_vec                                   reset_vec    00002
__Hsfr0                                        sfr0         00000
__Hsfr1                                        sfr1         00000
__Hsfr10                                       sfr10        00000
__Hsfr11                                       sfr11        00000
__Hsfr12                                       sfr12        00000
__Hsfr13                                       sfr13        00000
__Hsfr14                                       sfr14        00000
__Hsfr15                                       sfr15        00000
__Hsfr16                                       sfr16        00000
__Hsfr17                                       sfr17        00000
__Hsfr18                                       sfr18        00000
__Hsfr19                                       sfr19        00000
__Hsfr2                                        sfr2         00000
__Hsfr20                                       sfr20        00000
__Hsfr21                                       sfr21        00000
__Hsfr22                                       sfr22        00000
__Hsfr23                                       sfr23        00000
__Hsfr24                                       sfr24        00000
__Hsfr25                                       sfr25        00000
__Hsfr26                                       sfr26        00000
__Hsfr27                                       sfr27        00000
__Hsfr28                                       sfr28        00000
__Hsfr29                                       sfr29        00000
__Hsfr3                                        sfr3         00000
__Hsfr30                                       sfr30        00000
__Hsfr31                                       sfr31        00000
__Hsfr4                                        sfr4         00000
__Hsfr5                                        sfr5         00000
__Hsfr6                                        sfr6         00000
__Hsfr7                                        sfr7         00000
__Hsfr8                                        sfr8         00000
__Hsfr9                                        sfr9         00000
__Hsivt                                        sivt         00062
__Hspace_0                                     (abs)        01000
__Hspace_1                                     (abs)        0013E
__Hspace_2                                     (abs)        00000
__Hspace_3                                     (abs)        00000
__Hspace_4                                     (abs)        10010
__Hstack                                       stack        00000
__Hstrings                                     strings      00000
__Htext                                        text         00000
__L__absolute__                                __absolute__ 00000
__Labs1                                        abs1         00000
__Lbank0                                       bank0        00000
__Lbank1                                       bank1        00000
__Lbank10                                      bank10       00000
__Lbank11                                      bank11       00000
__Lbank12                                      bank12       00000
__Lbank13                                      bank13       00000
__Lbank14                                      bank14       00000
__Lbank15                                      bank15       00000
__Lbank16                                      bank16       00000
__Lbank17                                      bank17       00000
__Lbank18                                      bank18       00000
__Lbank19                                      bank19       00000
__Lbank2                                       bank2        00000
__Lbank20                                      bank20       00000
__Lbank21                                      bank21       00000
__Lbank22                                      bank22       00000
__Lbank23                                      bank23       00000
__Lbank24                                      bank24       00000
__Lbank25                                      bank25       00000
__Lbank26                                      bank26       00000
__Lbank27                                      bank27       00000
__Lbank28                                      bank28       00000
__Lbank29                                      bank29       00000
__Lbank3                                       bank3        00000
__Lbank30                                      bank30       00000
__Lbank31                                      bank31       00000
__Lbank4                                       bank4        00000
__Lbank5                                       bank5        00000
__Lbank6                                       bank6        00000
__Lbank7                                       bank7        00000
__Lbank8                                       bank8        00000
__Lbank9                                       bank9        00000
__Lbigram                                      bigram       00000
__LbssBANK0                                    bssBANK0     00000
__LbssBANK1                                    bssBANK1     00000
__LbssBANK2                                    bssBANK2     00000
__Lcinit                                       cinit        00064
__Lclrtext                                     clrtext      00000
__Lcode                                        code         00000
__Lcommon                                      common       00000
__Lconfig                                      config       00000
__LcstackBANK0                                 cstackBANK0  00000
__LcstackBANK1                                 cstackBANK1  00000
__LcstackCOMMON                                cstackCOMMON 00000
__LdataBANK1                                   dataBANK1    00000
__Leeprom_data                                 eeprom_data  00000
__Lend_init                                    end_init     00062
__Lfunctab                                     functab      00000
__Lheap                                        heap         00000
__LidataBANK1                                  idataBANK1   00000
__Linit                                        init         00062
__Linittext                                    inittext     00000
__Lintentry                                    intentry     00004
__Lmaintext                                    maintext     00000
__LnvBANK1                                     nvBANK1      00000
__LnvBANK2                                     nvBANK2      00000
__Lpowerup                                     powerup      00000
__Lram                                         ram          00000
__Lreset_vec                                   reset_vec    00000
__Lsfr0                                        sfr0         00000
__Lsfr1                                        sfr1         00000
__Lsfr10                                       sfr10        00000
__Lsfr11                                       sfr11        00000
__Lsfr12                                       sfr12        00000
__Lsfr13                                       sfr13        00000
__Lsfr14                                       sfr14        00000
__Lsfr15                                       sfr15        00000
__Lsfr16                                       sfr16        00000
__Lsfr17                                       sfr17        00000
__Lsfr18                                       sfr18        00000
__Lsfr19                                       sfr19        00000
__Lsfr2                                        sfr2         00000
__Lsfr20                                       sfr20        00000
__Lsfr21                                       sfr21        00000
__Lsfr22                                       sfr22        00000
__Lsfr23                                       sfr23        00000
__Lsfr24                                       sfr24        00000
__Lsfr25                                       sfr25        00000
__Lsfr26                                       sfr26        00000
__Lsfr27                                       sfr27        00000
__Lsfr28                                       sfr28        00000
__Lsfr29                                       sfr29        00000
__Lsfr3                                        sfr3         00000
__Lsfr30                                       sfr30        00000
__Lsfr31                                       sfr31        00000
__Lsfr4                                        sfr4         00000
__Lsfr5                                        sfr5         00000
__Lsfr6                                        sfr6         00000
__Lsfr7                                        sfr7         00000
__Lsfr8                                        sfr8         00000
__Lsfr9                                        sfr9         00000
__Lsivt                                        sivt         00062
__Lspace_0                                     (abs)        00000
__Lspace_1                                     (abs)        00000
__Lspace_2                                     (abs)        00000
__Lspace_3                                     (abs)        00000
__Lspace_4                                     (abs)        00000
__Lstack                                       stack        00000
__Lstrings                                     strings      00000
__Ltext                                        text         00000
__S0                                           (abs)        01000
__S1                                           (abs)        0013E
__S3                                           (abs)        00000
__Umul8_16                                     text59       00EEB
__Umul8_16@multiplicand                        cstackCOMMON 00070
__Umul8_16@multiplier                          cstackCOMMON 00078
__Umul8_16@product                             cstackCOMMON 00074
__Umul8_16@word_mpld                           cstackCOMMON 00076
___flmul                                       text58       0008C
___flmul@a                                     cstackBANK0  00032
___flmul@aexp                                  cstackBANK0  00040
___flmul@b                                     cstackBANK0  0002E
___flmul@bexp                                  cstackBANK0  00041
___flmul@grs                                   cstackBANK0  0003C
___flmul@prod                                  cstackBANK0  00042
___flmul@sign                                  cstackBANK0  0003B
___flmul@temp                                  cstackBANK0  00046
___fltol                                       text57       00619
___fltol@exp1                                  cstackCOMMON 0007C
___fltol@f1                                    cstackBANK0  00048
___fltol@sign1                                 cstackCOMMON 0007B
___heap_hi                                     (abs)        00000
___heap_lo                                     (abs)        00000
___int_sp                                      stack        00000
___int_stack_hi                                stack        00000
___int_stack_lo                                stack        00000
___latbits                                     (abs)        00001
___lwdiv                                       text10       00F84
___lwdiv@counter                               cstackBANK1  000D3
___lwdiv@dividend                              cstackBANK1  000CE
___lwdiv@divisor                               cstackBANK1  000CC
___lwdiv@quotient                              cstackBANK1  000D1
___sp                                          stack        00000
___stack_hi                                    stack        00000
___stack_lo                                    stack        00000
___stackhi                                     (abs)        00000
___stacklo                                     (abs)        00000
___wmul                                        text9        00EA9
___wmul@multiplicand                           cstackBANK1  000C8
___wmul@multiplier                             cstackBANK1  000C6
___wmul@product                                cstackBANK1  000CA
___xxtofl                                      text56       002C7
___xxtofl@arg                                  cstackBANK0  0002A
___xxtofl@exp                                  cstackBANK0  00029
___xxtofl@sign                                 cstackBANK0  00028
___xxtofl@val                                  cstackBANK0  00020
__end_of_ADC_GetConversion                     text42       00E53
__end_of_ADC_Initialize                        text41       00800
__end_of_CMP1_GetOutputStatus                  text3        00C9E
__end_of_CMP1_Initialize                       text40       00CA9
__end_of_DAC_Initialize                        text39       00CAF
__end_of_EPWM1_Initialize                      text38       00D3D
__end_of_EPWM1_LoadDutyValue                   text6        00E8B
__end_of_EUSART_DefaultErrorHandler            text70       00C8E
__end_of_EUSART_DefaultFramingErrorHandler     text69       00C7C
__end_of_EUSART_DefaultOverrunErrorHandler     text68       00C92
__end_of_EUSART_Initialize                     text32       01000
__end_of_EUSART_Read                           text47       00F33
__end_of_EUSART_Receive_ISR                    text44       007CD
__end_of_EUSART_RxDataHandler                  text71       00E1E
__end_of_EUSART_SetErrorHandler                text37       00D07
__end_of_EUSART_SetFramingErrorHandler         text36       00CB5
__end_of_EUSART_SetOverrunErrorHandler         text35       00D10
__end_of_EUSART_SetRxInterruptHandler          text34       00CBB
__end_of_EUSART_SetTxInterruptHandler          text33       00CC1
__end_of_EUSART_Transmit_ISR                   text67       00EEB
__end_of_EUSART_Write                          text52       00F5A
__end_of_FVR_Initialize                        text31       00C96
__end_of_INTERRUPT_InterruptManager            intentry     00062
__end_of_OSCILLATOR_Initialize                 text30       00CFE
__end_of_PIN_MANAGER_IOC                       text66       00C7D
__end_of_PIN_MANAGER_Initialize                text29       00DEB
__end_of_SYSTEM_Initialize                     text19       007F8
__end_of_TMR0_DefaultInterruptHandler          text62       00C7E
__end_of_TMR0_ISR                              text61       00D6D
__end_of_TMR0_Initialize                       text27       00D92
__end_of_TMR0_Reload                           text46       00CA3
__end_of_TMR0_SetInterruptHandler              text28       00CC7
__end_of_TMR1_DefaultGateInterruptHandler      text54       00003
__end_of_TMR1_GATE_ISR                         text53       00D4C
__end_of_TMR1_Initialize                       text25       00E6F
__end_of_TMR1_ReadTimer                        text60       00E04
__end_of_TMR1_SetGateInterruptHandler          text26       00CCD
__end_of_TMR2_DefaultInterruptHandler          text49       00004
__end_of_TMR2_ISR                              text48       00D5B
__end_of_TMR2_Initialize                       text23       00D7F
__end_of_TMR2_SetInterruptHandler              text24       00CD3
__end_of_TMR4_Initialize                       text22       00D1A
__end_of_TMR4_LoadPeriodRegister               text12       00CEB
__end_of_TMR4_ReadTimer                        text18       00CD9
__end_of_TMR4_StartTimer                       text11       00C8A
__end_of_TMR4_StopTimer                        text17       00C81
__end_of_TMR6_Initialize                       text21       00D24
__end_of_TMR6_LoadPeriodRegister               text16       00CDF
__end_of_TMR6_ReadTimer                        text15       00CE5
__end_of_TMR6_StartTimer                       text14       00C84
__end_of_TMR6_StopTimer                        text13       00C87
__end_of_WDT_Initialize                        text20       00C9A
__end_of__Umul8_16                             text59       00F0E
__end_of___flmul                               text58       002C7
__end_of___fltol                               text57       0068A
__end_of___lwdiv                               text10       00FC1
__end_of___wmul                                text9        00EC9
__end_of___xxtofl                              text56       00372
__end_of__initialization                       cinit        00088
__end_of_analisa_Rx                            text64       004A0
__end_of_controlchoose                         text4        00DA7
__end_of_daUmPasso                             text1        0078D
__end_of_definePassoMotor                      text2        00749
__end_of_end_Rx                                text63       00DBD
__end_of_envia_Tx                              text51       00619
__end_of_fluxcontrol                           text7        0040C
__end_of_fluxpos                               text8        00F84
__end_of_main                                  maintext     006EE
__end_of_mede_height                           text55       005A6
__end_of_pwmcontrol                            text5        00532
__end_of_receive                               text45       00EA9
__end_of_trigger_Rx                            text50       00E38
__end_ofi1_EPWM1_LoadDutyValue                 text65       00DD4
__initialization                               cinit        00064
__pbssBANK0                                    bssBANK0     00054
__pbssBANK1                                    bssBANK1     000A0
__pbssBANK2                                    bssBANK2     00120
__pcstackBANK0                                 cstackBANK0  00020
__pcstackBANK1                                 cstackBANK1  000C6
__pcstackCOMMON                                cstackCOMMON 00070
__pdataBANK1                                   dataBANK1    000E5
__pidataBANK1                                  idataBANK1   00D24
__pintentry                                    intentry     00004
__pmaintext                                    maintext     0068A
__pnvBANK1                                     nvBANK1      000D9
__pnvBANK2                                     nvBANK2      00138
__ptext1                                       text1        00749
__ptext10                                      text10       00F84
__ptext11                                      text11       00C87
__ptext12                                      text12       00CE5
__ptext13                                      text13       00C84
__ptext14                                      text14       00C81
__ptext15                                      text15       00CDF
__ptext16                                      text16       00CD9
__ptext17                                      text17       00C7E
__ptext18                                      text18       00CD3
__ptext19                                      text19       007CD
__ptext2                                       text2        006EE
__ptext20                                      text20       00C96
__ptext21                                      text21       00D1A
__ptext22                                      text22       00D10
__ptext23                                      text23       00D6D
__ptext24                                      text24       00CCD
__ptext25                                      text25       00E53
__ptext26                                      text26       00CC7
__ptext27                                      text27       00D7F
__ptext28                                      text28       00CC1
__ptext29                                      text29       00DD4
__ptext3                                       text3        00C9A
__ptext30                                      text30       00CF7
__ptext31                                      text31       00C92
__ptext32                                      text32       00FC1
__ptext33                                      text33       00CBB
__ptext34                                      text34       00CB5
__ptext35                                      text35       00D07
__ptext36                                      text36       00CAF
__ptext37                                      text37       00CFE
__ptext38                                      text38       00D2F
__ptext39                                      text39       00CA9
__ptext4                                       text4        00D92
__ptext40                                      text40       00CA3
__ptext41                                      text41       007F8
__ptext42                                      text42       00E38
__ptext44                                      text44       0078D
__ptext45                                      text45       00E8B
__ptext46                                      text46       00C9E
__ptext47                                      text47       00F0E
__ptext48                                      text48       00D4C
__ptext49                                      text49       00003
__ptext5                                       text5        004A0
__ptext50                                      text50       00E1E
__ptext51                                      text51       005A6
__ptext52                                      text52       00F33
__ptext53                                      text53       00D3D
__ptext54                                      text54       00002
__ptext55                                      text55       00532
__ptext56                                      text56       002C7
__ptext57                                      text57       00619
__ptext58                                      text58       0008C
__ptext59                                      text59       00EEB
__ptext6                                       text6        00E6F
__ptext60                                      text60       00DEB
__ptext61                                      text61       00D5B
__ptext62                                      text62       00C7D
__ptext63                                      text63       00DA7
__ptext64                                      text64       0040C
__ptext65                                      text65       00DBD
__ptext66                                      text66       00C7C
__ptext67                                      text67       00EC9
__ptext68                                      text68       00C8E
__ptext69                                      text69       00C7B
__ptext7                                       text7        00372
__ptext70                                      text70       00C8A
__ptext71                                      text71       00E04
__ptext8                                       text8        00F5A
__ptext9                                       text9        00EA9
_adc_temp                                      nvBANK2      00138
_analisa_Rx                                    text64       0040C
_balldist                                      bssBANK1     000B2
_ballset                                       bssBANK1     000B0
_bufferRx                                      bssBANK0     00054
_controlchoice                                 dataBANK1    000EF
_controlchoose                                 text4        00D92
_countRx                                       bssBANK0     0006D
_count_40ms                                    bssBANK0     0006C
_count_Tx                                      bssBANK0     0006B
_daUmPasso                                     text1        00749
_dc                                            bssBANK0     00060
_definePassoMotor                              text2        006EE
_end_Rx                                        text63       00DA7
_envia_Tx                                      text51       005A6
_error                                         bssBANK1     000B4
_eusartRxBuffer                                bssBANK2     00128
_eusartRxCount                                 bssBANK1     000C0
_eusartRxHead                                  bssBANK1     000C2
_eusartRxLastError                             bssBANK1     000BF
_eusartRxStatusBuffer                          bssBANK2     00120
_eusartRxTail                                  bssBANK1     000C1
_eusartTxBuffer                                bssBANK2     00130
_eusartTxBufferRemaining                       bssBANK1     000C3
_eusartTxHead                                  bssBANK1     000C5
_eusartTxTail                                  bssBANK1     000C4
_fim_curso                                     bssBANK1     000BA
_float_temp                                    bssBANK1     000A0
_flux                                          bssBANK0     00068
_fluxcontrol                                   text7        00372
_fluxcontrol$2026                              cstackBANK1  000D6
_fluxpos                                       text8        00F5A
_func_mode                                     bssBANK0     0006E
_height                                        bssBANK0     0005E
_main                                          maintext     0068A
_mede_height                                   text55       00532
_output                                        bssBANK1     000AA
_outputsum                                     bssBANK1     000AC
_passo                                         bssBANK1     000BB
_position                                      bssBANK0     0005C
_pwmcontrol                                    text5        004A0
_pwmcontrol$2027                               cstackBANK1  000D6
_receive                                       text45       00E8B
_sentido                                       bssBANK1     000BC
_sp_height                                     bssBANK0     00062
_sp_position                                   bssBANK1     000A8
_tempo_voo                                     bssBANK1     000A4
_timecontrol                                   bssBANK1     000BD
_timer0ReloadVal                               bssBANK1     000BE
_timer1ReloadVal                               bssBANK1     000B6
_trigger_Rx                                    text50       00E1E
_vRx                                           bssBANK0     00064
_vTx                                           bssBANK0     00066
btemp                                          (abs)        0007E
clear_ram0                                     clrtext      00CEB
daUmPasso@sentido                              cstackBANK1  000C9
definePassoMotor@passo                         cstackBANK1  000C7
definePassoMotor@sentido                       cstackBANK1  000C6
end_of_initialization                          cinit        00088
i1EPWM1_LoadDutyValue@dutyValue                cstackCOMMON 00070
i1_EPWM1_LoadDutyValue                         text65       00DBD
init_ram                                       inittext     00CF1
int$flags                                      (abs)        0007E
intlevel0                                      functab      00000
intlevel1                                      functab      00000
intlevel2                                      functab      00000
intlevel3                                      functab      00000
intlevel4                                      functab      00000
intlevel5                                      functab      00000
reset_vec                                      reset_vec    00000
start                                          init         00062
start_initialization                           cinit        00064
wtemp0                                         (abs)        0007E


MODULE INFORMATION

Module		Function		Class		Link	Load	Size
C:\Program Files\Microchip\xc8\v2.46\pic\sources\c99\common\fltol.c
		___fltol       		CODE           	0619	0000	113

C:\Program Files\Microchip\xc8\v2.46\pic\sources\c99\common\fltol.c estimated size: 113

C:\Program Files\Microchip\xc8\v2.46\pic\sources\c99\common\Umul8_16.c
		__Umul8_16     		CODE           	0EEB	0000	35

C:\Program Files\Microchip\xc8\v2.46\pic\sources\c99\common\Umul8_16.c estimated size: 35

mcc_generated_files/cmp1.c
		_CMP1_Initialize		CODE           	0CA3	0000	6
		_CMP1_GetOutputStatus		CODE           	0C9A	0000	4

mcc_generated_files/cmp1.c estimated size: 10

mcc_generated_files/tmr6.c
		_TMR6_StartTimer		CODE           	0C81	0000	3
		_TMR6_ReadTimer		CODE           	0CDF	0000	6
		_TMR6_LoadPeriodRegister		CODE           	0CD9	0000	6
		_TMR6_Initialize		CODE           	0D1A	0000	10
		_TMR6_StopTimer		CODE           	0C84	0000	3

mcc_generated_files/tmr6.c estimated size: 28

mcc_generated_files/fvr.c
		_FVR_Initialize		CODE           	0C92	0000	4

mcc_generated_files/fvr.c estimated size: 4

mcc_generated_files/tmr4.c
		_TMR4_LoadPeriodRegister		CODE           	0CE5	0000	6
		_TMR4_Initialize		CODE           	0D10	0000	10
		_TMR4_StopTimer		CODE           	0C7E	0000	3
		_TMR4_StartTimer		CODE           	0C87	0000	3
		_TMR4_ReadTimer		CODE           	0CD3	0000	6

mcc_generated_files/tmr4.c estimated size: 28

C:\Program Files\Microchip\xc8\v2.46\pic\sources\c99\common\lwdiv.c
		___lwdiv       		CODE           	0F84	0000	61

C:\Program Files\Microchip\xc8\v2.46\pic\sources\c99\common\lwdiv.c estimated size: 61

mcc_generated_files/tmr2.c
		_TMR2_ISR      		CODE           	0D4C	0000	15
		_TMR2_Initialize		CODE           	0D6D	0000	18
		_TMR2_SetInterruptHandler		CODE           	0CCD	0000	6
		_TMR2_DefaultInterruptHandler		CODE           	0003	0000	1

mcc_generated_files/tmr2.c estimated size: 40

mcc_generated_files/interrupt_manager.c
		_INTERRUPT_InterruptManager		CODE           	0004	0000	94

mcc_generated_files/interrupt_manager.c estimated size: 94

C:\Program Files\Microchip\xc8\v2.46\pic\sources\c99\common\xxtofl.c
		___xxtofl      		CODE           	02C7	0000	171

C:\Program Files\Microchip\xc8\v2.46\pic\sources\c99\common\xxtofl.c estimated size: 171

mcc_generated_files/tmr0.c
		_TMR0_SetInterruptHandler		CODE           	0CC1	0000	6
		_TMR0_Reload   		CODE           	0C9E	0000	5
		_TMR0_DefaultInterruptHandler		CODE           	0C7D	0000	1
		_TMR0_ISR      		CODE           	0D5B	0000	18
		_TMR0_Initialize		CODE           	0D7F	0000	19

mcc_generated_files/tmr0.c estimated size: 49

mcc_generated_files/pin_manager.c
		_PIN_MANAGER_Initialize		CODE           	0DD4	0000	23
		_PIN_MANAGER_IOC		CODE           	0C7C	0000	1

mcc_generated_files/pin_manager.c estimated size: 24

C:\Program Files\Microchip\xc8\v2.46\pic\sources\c99\common\sprcmul.c
		___flmul       		CODE           	008C	0000	571

C:\Program Files\Microchip\xc8\v2.46\pic\sources\c99\common\sprcmul.c estimated size: 571

mcc_generated_files/adc.c
		_ADC_Initialize		CODE           	07F8	0000	8
		_ADC_GetConversion		CODE           	0E38	0000	27

mcc_generated_files/adc.c estimated size: 35

shared
		i1_EPWM1_LoadDutyValue		CODE           	0DBD	0000	23
		__initialization		CODE           	0064	0000	36

shared estimated size: 59

C:\Program Files\Microchip\xc8\v2.46\pic\sources\c99\common\Umul16.c
		___wmul        		CODE           	0EA9	0000	32

C:\Program Files\Microchip\xc8\v2.46\pic\sources\c99\common\Umul16.c estimated size: 32

mcc_generated_files/mcc.c
		_WDT_Initialize		CODE           	0C96	0000	4
		_OSCILLATOR_Initialize		CODE           	0CF7	0000	7
		_SYSTEM_Initialize		CODE           	07CD	0000	43

mcc_generated_files/mcc.c estimated size: 54

mcc_generated_files/tmr1.c
		_TMR1_Initialize		CODE           	0E53	0000	28
		_TMR1_ReadTimer		CODE           	0DEB	0000	25
		_TMR1_SetGateInterruptHandler		CODE           	0CC7	0000	6
		_TMR1_GATE_ISR 		CODE           	0D3D	0000	15
		_TMR1_DefaultGateInterruptHandler		CODE           	0002	0000	1

mcc_generated_files/tmr1.c estimated size: 75

mcc_generated_files/epwm1.c
		_EPWM1_LoadDutyValue		CODE           	0E6F	0000	28
		_EPWM1_Initialize		CODE           	0D2F	0000	14

mcc_generated_files/epwm1.c estimated size: 42

mcc_generated_files/eusart.c
		_EUSART_SetRxInterruptHandler		CODE           	0CB5	0000	6
		_EUSART_SetTxInterruptHandler		CODE           	0CBB	0000	6
		_EUSART_Read   		CODE           	0F0E	0000	37
		_EUSART_DefaultOverrunErrorHandler		CODE           	0C8E	0000	4
		_EUSART_Write  		CODE           	0F33	0000	39
		_EUSART_DefaultErrorHandler		CODE           	0C8A	0000	4
		_EUSART_Transmit_ISR		CODE           	0EC9	0000	34
		_EUSART_Initialize		CODE           	0FC1	0000	63
		_EUSART_SetFramingErrorHandler		CODE           	0CAF	0000	6
		_EUSART_SetErrorHandler		CODE           	0CFE	0000	9
		_EUSART_SetOverrunErrorHandler		CODE           	0D07	0000	9
		_EUSART_Receive_ISR		CODE           	078D	0000	64
		_EUSART_RxDataHandler		CODE           	0E04	0000	26
		_EUSART_DefaultFramingErrorHandler		CODE           	0C7B	0000	1

mcc_generated_files/eusart.c estimated size: 308

mcc_generated_files/dac.c
		_DAC_Initialize		CODE           	0CA9	0000	6

mcc_generated_files/dac.c estimated size: 6

main.c
		_mede_height   		CODE           	0532	0000	116
		_trigger_Rx    		CODE           	0E1E	0000	26
		_main          		CODE           	068A	0000	100
		_analisa_Rx    		CODE           	040C	0000	148
		_end_Rx        		CODE           	0DA7	0000	22
		_fluxpos       		CODE           	0F5A	0000	42
		_controlchoose 		CODE           	0D92	0000	21
		_daUmPasso     		CODE           	0749	0000	68
		_receive       		CODE           	0E8B	0000	30
		_definePassoMotor		CODE           	06EE	0000	91
		_fluxcontrol   		CODE           	0372	0000	154
		_envia_Tx      		CODE           	05A6	0000	115
		_pwmcontrol    		CODE           	04A0	0000	146

main.c estimated size: 1079

