Microchip MPLAB XC8 Compiler V2.46

Linker command line:

-W-3 \
  --edf=C:\Program Files\Microchip\xc8\v2.46\pic\dat\20240104201356_en.msgs \
  -cn -h+dist/default/debug\Prova.X.debug.sym \
  --cmf=dist/default/debug\Prova.X.debug.cmf -z -Q16F1827 \
  -oC:\Users\LABSIS~1\AppData\Local\Temp\xcBs8ho.1\driver_tmp_3.o \
  --defsym=__MPLAB_BUILD=1 --fixupoverflow=error \
  -Mdist/default/debug/Prova.X.debug.map \
  --md=C:\Users\LABSIS~1\AppData\Local\Temp\xcBs8ho.1\driver_tmp_0.dat -E1 \
  -ver=XC8 Compiler --acfsm=1493 -ACODE=00h-07FFhx2 -ASTRCODE=00h-0FFFh \
  -ASTRING=00h-0FFhx16 -ACONST=00h-0FFhx16 -AENTRY=00h-0FFhx16 \
  -ACOMMON=070h-07Fh -ABANK0=020h-06Fh -ABANK1=0A0h-0EFh \
  -ABANK2=0120h-016Fh -ABANK3=01A0h-01EFh -ABANK4=0220h-024Fh \
  -ABIGRAM=02000h-0216Fh \
  -ARAM=020h-06Fh,0A0h-0EFh,0120h-016Fh,01A0h-01EFh,0220h-024Fh \
  -AABS1=020h-07Fh,0A0h-0EFh,0120h-016Fh,01A0h-01EFh,0220h-024Fh \
  -ASFR0=00h-01Fh -ASFR1=080h-09Fh -ASFR2=0100h-011Fh -ASFR3=0180h-019Fh \
  -ASFR4=0200h-021Fh -ASFR5=0280h-02EFh -ASFR6=0300h-036Fh \
  -ASFR7=0380h-03EFh -ASFR8=0400h-046Fh -ASFR9=0480h-04EFh \
  -ASFR10=0500h-056Fh -ASFR11=0580h-05EFh -ASFR12=0600h-066Fh \
  -ASFR13=0680h-06EFh -ASFR14=0700h-076Fh -ASFR15=0780h-07EFh \
  -ASFR16=0800h-086Fh -ASFR17=0880h-08EFh -ASFR18=0900h-096Fh \
  -ASFR19=0980h-09EFh -ASFR20=0A00h-0A6Fh -ASFR21=0A80h-0AEFh \
  -ASFR22=0B00h-0B6Fh -ASFR23=0B80h-0BEFh -ASFR24=0C00h-0C6Fh \
  -ASFR25=0C80h-0CEFh -ASFR26=0D00h-0D6Fh -ASFR27=0D80h-0DEFh \
  -ASFR28=0E00h-0E6Fh -ASFR29=0E80h-0EEFh -ASFR30=0F00h-0F6Fh \
  -ASFR31=0F80h-0FEFh -ACONFIG=08007h-08008h -DCONFIG=2 \
  -AIDLOC=08000h-08003h -DIDLOC=2 -AEEDATA=00h-0FFh/0F000h \
  -peeprom_data=EEDATA -DEEDATA=2 -DCODE=2 -DSTRCODE=2 -DSTRING=2 -DCONST=2 \
  -DENTRY=2 -preset_vec=00h,intentry=04h,sivt,init,end_init -ppowerup=CODE \
  -pcinit=CODE -pfunctab=ENTRY -k \
  C:\Users\LABSIS~1\AppData\Local\Temp\xcBs8ho.1\driver_tmp_15.o \
  dist/default/debug\Prova.X.debug.o 

Object code version is 3.11

Machine type is 16F1827



                Name                               Link     Load   Length Selector   Space Scale
C:\Users\LABSIS~1\AppData\Local\Temp\xcBs8ho.1\driver_tmp_15.o
                end_init                             13       13        2        8       0
                reset_vec                             0        0        2        0       0
                config                             8007     8007        2        0       4
dist/default/debug\Prova.X.debug.o
                cinit                                15       15       18        8       0
                intentry                              4        4        F        8       0
                config                             8007     8007        2        0       4
                text19                              250      250        1        8       0
                text17                              1F3      1F3        E        8       0
                text16                              229      229        7        8       0
                text15                              1C9      1C9       17        8       0
                text14                              221      221        8        8       0
                text13                              217      217        A        8       0
                text12                              246      246        4        8       0
                text11                              1E0      1E0       13        8       0
                text10                              241      241        5        8       0
                text9                               24D      24D        3        8       0
                text8                               23C      23C        5        8       0
                text7                               24A      24A        3        8       0
                text6                               140      140       3C        8       0
                text5                               17C      17C       1F        8       0
                text4                                BA       BA       86        8       0
                text3                               1B2      1B2       17        8       0
                text2                                2D       2D       8D        8       0
                text1                               20C      20C        B        8       0
                maintext                            19B      19B       17        8       0
                cstackBANK0                          38       38        4       20       1
                cstackCOMMON                         70       70        E       70       1
                clrtext                             236      236        6        8       0
                inittext                            230      230        6        8       0
                dataBANK0                            2D       2D        B       20       1
                bssBANK0                             20       20        D       20       1
                idataBANK0                          201      201        B        8       0

TOTAL           Name                               Link     Load   Length     Space
        CLASS   CODE           
                end_init                             13       13        2         0
                cinit                                15       15       18         0
                intentry                              4        4        F         0
                reset_vec                             0        0        2         0
                text19                              250      250        1         0
                text17                              1F3      1F3        E         0
                text16                              229      229        7         0
                text15                              1C9      1C9       17         0
                text14                              221      221        8         0
                text13                              217      217        A         0
                text12                              246      246        4         0
                text11                              1E0      1E0       13         0
                text10                              241      241        5         0
                text9                               24D      24D        3         0
                text8                               23C      23C        5         0
                text7                               24A      24A        3         0
                text6                               140      140       3C         0
                text5                               17C      17C       1F         0
                text4                                BA       BA       86         0
                text3                               1B2      1B2       17         0
                text2                                2D       2D       8D         0
                text1                               20C      20C        B         0
                maintext                            19B      19B       17         0
                clrtext                             236      236        6         0
                inittext                            230      230        6         0
                idataBANK0                          201      201        B         0

        CLASS   STRCODE        

        CLASS   STRING         

        CLASS   CONST          

        CLASS   ENTRY          

        CLASS   COMMON         
                cstackCOMMON                         70       70        E         1

        CLASS   BANK0          
                cstackBANK0                          38       38        4         1
                dataBANK0                            2D       2D        B         1
                bssBANK0                             20       20        D         1

        CLASS   BANK1          

        CLASS   BANK2          

        CLASS   BANK3          

        CLASS   BANK4          

        CLASS   BIGRAM         

        CLASS   RAM            

        CLASS   ABS1           
                abs_s1                               7E       7E        2         1

        CLASS   SFR0           

        CLASS   SFR1           

        CLASS   SFR2           

        CLASS   SFR3           

        CLASS   SFR4           

        CLASS   SFR5           

        CLASS   SFR6           

        CLASS   SFR7           

        CLASS   SFR8           

        CLASS   SFR9           

        CLASS   SFR10          

        CLASS   SFR11          

        CLASS   SFR12          

        CLASS   SFR13          

        CLASS   SFR14          

        CLASS   SFR15          

        CLASS   SFR16          

        CLASS   SFR17          

        CLASS   SFR18          

        CLASS   SFR19          

        CLASS   SFR20          

        CLASS   SFR21          

        CLASS   SFR22          

        CLASS   SFR23          

        CLASS   SFR24          

        CLASS   SFR25          

        CLASS   SFR26          

        CLASS   SFR27          

        CLASS   SFR28          

        CLASS   SFR29          

        CLASS   SFR30          

        CLASS   SFR31          

        CLASS   CONFIG         
                config                             8007     8007        2         4

        CLASS   IDLOC          

        CLASS   EEDATA         

        CLASS   BANK31         

        CLASS   BANK30         

        CLASS   BANK29         

        CLASS   BANK28         

        CLASS   BANK27         

        CLASS   BANK26         

        CLASS   BANK25         

        CLASS   BANK24         

        CLASS   BANK23         

        CLASS   BANK22         

        CLASS   BANK21         

        CLASS   BANK20         

        CLASS   BANK19         

        CLASS   BANK18         

        CLASS   BANK17         

        CLASS   BANK16         

        CLASS   BANK15         

        CLASS   BANK14         

        CLASS   BANK13         

        CLASS   BANK12         

        CLASS   BANK11         

        CLASS   BANK10         

        CLASS   BANK9          

        CLASS   BANK8          

        CLASS   BANK7          

        CLASS   BANK6          

        CLASS   BANK5          

        CLASS   HEAP           

        CLASS   STACK          



SEGMENTS        Name                           Load    Length   Top    Selector   Space  Class     Delta

                reset_vec                      000000  000002  000002         0       0  CODE        2
                intentry                       000004  00024D  000251         8       0  CODE        2
                bssBANK0                       000020  00001C  00003C        20       1  BANK0       1
                cstackCOMMON                   000070  00000E  00007E        70       1  COMMON      1


UNUSED ADDRESS RANGES

        Name                Unused          Largest block    Delta
        BANK0            0003C-0006F              34           1
        BANK1            000A0-000EF              50           1
        BANK2            00120-0016F              50           1
        BANK3            001A0-001EF              50           1
        BANK4            00220-0024F              30           1
        BIGRAM           02000-0216F             170           1
        CODE             00002-00003               2           2
                         00251-00FFF             5AF
        CONST            00002-00003               2           2
                         00251-00FFF             100
        EEDATA           0F000-0F0FF             100           2
        ENTRY            00002-00003               2           2
                         00251-00FFF             100
        IDLOC            08000-08003               4           2
        RAM              0003C-0006F              34           1
                         000A0-000EF              50
                         00120-0016F              50
                         001A0-001EF              50
                         00220-0024F              30
        SFR0             00000-0001F              20           1
        SFR1             00080-0009F              20           1
        SFR10            00500-0056F              70           1
        SFR11            00580-005EF              70           1
        SFR12            00600-0066F              70           1
        SFR13            00680-006EF              70           1
        SFR14            00700-0076F              70           1
        SFR15            00780-007EF              70           1
        SFR16            00800-0086F              70           1
        SFR17            00880-008EF              70           1
        SFR18            00900-0096F              70           1
        SFR19            00980-009EF              70           1
        SFR2             00100-0011F              20           1
        SFR20            00A00-00A6F              70           1
        SFR21            00A80-00AEF              70           1
        SFR22            00B00-00B6F              70           1
        SFR23            00B80-00BEF              70           1
        SFR24            00C00-00C6F              70           1
        SFR25            00C80-00CEF              70           1
        SFR26            00D00-00D6F              70           1
        SFR27            00D80-00DEF              70           1
        SFR28            00E00-00E6F              70           1
        SFR29            00E80-00EEF              70           1
        SFR3             00180-0019F              20           1
        SFR30            00F00-00F6F              70           1
        SFR31            00F80-00FEF              70           1
        SFR4             00200-0021F              20           1
        SFR5             00280-002EF              70           1
        SFR6             00300-0036F              70           1
        SFR7             00380-003EF              70           1
        SFR8             00400-0046F              70           1
        SFR9             00480-004EF              70           1
        STRCODE          00002-00003               2           2
                         00251-00FFF             DAF
        STRING           00002-00003               2           2
                         00251-00FFF             100

                                  Symbol Table

?___lwdiv                           cstackCOMMON 00076
?___wmul                            cstackCOMMON 00070
EPWM1_LoadDutyValue@dutyValue       cstackCOMMON 00070
TMR4_LoadPeriodRegister@periodVal   cstackCOMMON 00070
TMR4_ReadTimer@readVal              cstackCOMMON 00070
_ANSELA                             (abs)        0018C
_ANSELB                             (abs)        0018D
_APFCON0                            (abs)        0011D
_APFCON1                            (abs)        0011E
_BORCON                             (abs)        00116
_CCP1CON                            (abs)        00293
_CCPR1H                             (abs)        00292
_CCPR1L                             (abs)        00291
_CCPTMRS0bits                       (abs)        0029E
_ECCP1AS                            (abs)        00295
_EPWM1_Initialize                   text17       001F3
_EPWM1_LoadDutyValue                text3        001B2
_INTCONbits                         (abs)        0000B
_INTERRUPT_InterruptManager         intentry     00004
_LATA                               (abs)        0010C
_LATB                               (abs)        0010D
_OPTION_REGbits                     (abs)        00095
_OSCCON                             (abs)        00099
_OSCILLATOR_Initialize              text16       00229
_OSCTUNE                            (abs)        00098
_PIN_MANAGER_IOC                    text19       00250
_PIN_MANAGER_Initialize             text15       001C9
_PIR1bits                           (abs)        00011
_PIR3bits                           (abs)        00013
_PR2                                (abs)        0001B
_PR4                                (abs)        00416
_PSTR1CON                           (abs)        00296
_PWM1CON                            (abs)        00294
_SYSTEM_Initialize                  text11       001E0
_T2CON                              (abs)        0001C
_T2CONbits                          (abs)        0001C
_T4CON                              (abs)        00417
_T4CONbits                          (abs)        00417
_TMR2                               (abs)        0001A
_TMR2_Initialize                    text14       00221
_TMR4                               (abs)        00415
_TMR4_Initialize                    text13       00217
_TMR4_LoadPeriodRegister            text8        0023C
_TMR4_ReadTimer                     text10       00241
_TMR4_StartTimer                    text7        0024A
_TMR4_StopTimer                     text9        0024D
_TRISA                              (abs)        0008C
_TRISB                              (abs)        0008D
_WDTCON                             (abs)        00097
_WDT_Initialize                     text12       00246
_WPUA                               (abs)        0020C
_WPUB                               (abs)        0020D
__H__absolute__                     __absolute__ 00000
__Habs1                             abs1         00000
__Hbank0                            bank0        00000
__Hbank1                            bank1        00000
__Hbank10                           bank10       00000
__Hbank11                           bank11       00000
__Hbank12                           bank12       00000
__Hbank13                           bank13       00000
__Hbank14                           bank14       00000
__Hbank15                           bank15       00000
__Hbank16                           bank16       00000
__Hbank17                           bank17       00000
__Hbank18                           bank18       00000
__Hbank19                           bank19       00000
__Hbank2                            bank2        00000
__Hbank20                           bank20       00000
__Hbank21                           bank21       00000
__Hbank22                           bank22       00000
__Hbank23                           bank23       00000
__Hbank24                           bank24       00000
__Hbank25                           bank25       00000
__Hbank26                           bank26       00000
__Hbank27                           bank27       00000
__Hbank28                           bank28       00000
__Hbank29                           bank29       00000
__Hbank3                            bank3        00000
__Hbank30                           bank30       00000
__Hbank31                           bank31       00000
__Hbank4                            bank4        00000
__Hbank5                            bank5        00000
__Hbank6                            bank6        00000
__Hbank7                            bank7        00000
__Hbank8                            bank8        00000
__Hbank9                            bank9        00000
__Hbigram                           bigram       00000
__HbssBANK0                         bssBANK0     00000
__Hcinit                            cinit        0002D
__Hclrtext                          clrtext      00000
__Hcode                             code         00000
__Hcommon                           common       00000
__Hconfig                           config       08009
__HcstackBANK0                      cstackBANK0  00000
__HcstackCOMMON                     cstackCOMMON 00000
__HdataBANK0                        dataBANK0    00000
__Heeprom_data                      eeprom_data  00000
__Hend_init                         end_init     00015
__Hfunctab                          functab      00000
__Hheap                             heap         00000
__HidataBANK0                       idataBANK0   00000
__Hinit                             init         00013
__Hinittext                         inittext     00000
__Hintentry                         intentry     00013
__Hmaintext                         maintext     00000
__Hpowerup                          powerup      00000
__Hram                              ram          00000
__Hreset_vec                        reset_vec    00002
__Hsfr0                             sfr0         00000
__Hsfr1                             sfr1         00000
__Hsfr10                            sfr10        00000
__Hsfr11                            sfr11        00000
__Hsfr12                            sfr12        00000
__Hsfr13                            sfr13        00000
__Hsfr14                            sfr14        00000
__Hsfr15                            sfr15        00000
__Hsfr16                            sfr16        00000
__Hsfr17                            sfr17        00000
__Hsfr18                            sfr18        00000
__Hsfr19                            sfr19        00000
__Hsfr2                             sfr2         00000
__Hsfr20                            sfr20        00000
__Hsfr21                            sfr21        00000
__Hsfr22                            sfr22        00000
__Hsfr23                            sfr23        00000
__Hsfr24                            sfr24        00000
__Hsfr25                            sfr25        00000
__Hsfr26                            sfr26        00000
__Hsfr27                            sfr27        00000
__Hsfr28                            sfr28        00000
__Hsfr29                            sfr29        00000
__Hsfr3                             sfr3         00000
__Hsfr30                            sfr30        00000
__Hsfr31                            sfr31        00000
__Hsfr4                             sfr4         00000
__Hsfr5                             sfr5         00000
__Hsfr6                             sfr6         00000
__Hsfr7                             sfr7         00000
__Hsfr8                             sfr8         00000
__Hsfr9                             sfr9         00000
__Hsivt                             sivt         00013
__Hspace_0                          (abs)        00251
__Hspace_1                          (abs)        0007E
__Hspace_2                          (abs)        00000
__Hspace_3                          (abs)        00000
__Hspace_4                          (abs)        10010
__Hstack                            stack        00000
__Hstrings                          strings      00000
__Htext                             text         00000
__L__absolute__                     __absolute__ 00000
__Labs1                             abs1         00000
__Lbank0                            bank0        00000
__Lbank1                            bank1        00000
__Lbank10                           bank10       00000
__Lbank11                           bank11       00000
__Lbank12                           bank12       00000
__Lbank13                           bank13       00000
__Lbank14                           bank14       00000
__Lbank15                           bank15       00000
__Lbank16                           bank16       00000
__Lbank17                           bank17       00000
__Lbank18                           bank18       00000
__Lbank19                           bank19       00000
__Lbank2                            bank2        00000
__Lbank20                           bank20       00000
__Lbank21                           bank21       00000
__Lbank22                           bank22       00000
__Lbank23                           bank23       00000
__Lbank24                           bank24       00000
__Lbank25                           bank25       00000
__Lbank26                           bank26       00000
__Lbank27                           bank27       00000
__Lbank28                           bank28       00000
__Lbank29                           bank29       00000
__Lbank3                            bank3        00000
__Lbank30                           bank30       00000
__Lbank31                           bank31       00000
__Lbank4                            bank4        00000
__Lbank5                            bank5        00000
__Lbank6                            bank6        00000
__Lbank7                            bank7        00000
__Lbank8                            bank8        00000
__Lbank9                            bank9        00000
__Lbigram                           bigram       00000
__LbssBANK0                         bssBANK0     00000
__Lcinit                            cinit        00015
__Lclrtext                          clrtext      00000
__Lcode                             code         00000
__Lcommon                           common       00000
__Lconfig                           config       00000
__LcstackBANK0                      cstackBANK0  00000
__LcstackCOMMON                     cstackCOMMON 00000
__LdataBANK0                        dataBANK0    00000
__Leeprom_data                      eeprom_data  00000
__Lend_init                         end_init     00013
__Lfunctab                          functab      00000
__Lheap                             heap         00000
__LidataBANK0                       idataBANK0   00000
__Linit                             init         00013
__Linittext                         inittext     00000
__Lintentry                         intentry     00004
__Lmaintext                         maintext     00000
__Lpowerup                          powerup      00000
__Lram                              ram          00000
__Lreset_vec                        reset_vec    00000
__Lsfr0                             sfr0         00000
__Lsfr1                             sfr1         00000
__Lsfr10                            sfr10        00000
__Lsfr11                            sfr11        00000
__Lsfr12                            sfr12        00000
__Lsfr13                            sfr13        00000
__Lsfr14                            sfr14        00000
__Lsfr15                            sfr15        00000
__Lsfr16                            sfr16        00000
__Lsfr17                            sfr17        00000
__Lsfr18                            sfr18        00000
__Lsfr19                            sfr19        00000
__Lsfr2                             sfr2         00000
__Lsfr20                            sfr20        00000
__Lsfr21                            sfr21        00000
__Lsfr22                            sfr22        00000
__Lsfr23                            sfr23        00000
__Lsfr24                            sfr24        00000
__Lsfr25                            sfr25        00000
__Lsfr26                            sfr26        00000
__Lsfr27                            sfr27        00000
__Lsfr28                            sfr28        00000
__Lsfr29                            sfr29        00000
__Lsfr3                             sfr3         00000
__Lsfr30                            sfr30        00000
__Lsfr31                            sfr31        00000
__Lsfr4                             sfr4         00000
__Lsfr5                             sfr5         00000
__Lsfr6                             sfr6         00000
__Lsfr7                             sfr7         00000
__Lsfr8                             sfr8         00000
__Lsfr9                             sfr9         00000
__Lsivt                             sivt         00013
__Lspace_0                          (abs)        00000
__Lspace_1                          (abs)        00000
__Lspace_2                          (abs)        00000
__Lspace_3                          (abs)        00000
__Lspace_4                          (abs)        00000
__Lstack                            stack        00000
__Lstrings                          strings      00000
__Ltext                             text         00000
__S0                                (abs)        00251
__S1                                (abs)        0007E
__S3                                (abs)        00000
___heap_hi                          (abs)        00000
___heap_lo                          (abs)        00000
___int_sp                           stack        00000
___int_stack_hi                     stack        00000
___int_stack_lo                     stack        00000
___latbits                          (abs)        00001
___lwdiv                            text6        00140
___lwdiv@counter                    cstackCOMMON 0007D
___lwdiv@dividend                   cstackCOMMON 00078
___lwdiv@divisor                    cstackCOMMON 00076
___lwdiv@quotient                   cstackCOMMON 0007B
___sp                               stack        00000
___stack_hi                         stack        00000
___stack_lo                         stack        00000
___stackhi                          (abs)        00000
___stacklo                          (abs)        00000
___wmul                             text5        0017C
___wmul@multiplicand                cstackCOMMON 00072
___wmul@multiplier                  cstackCOMMON 00070
___wmul@product                     cstackCOMMON 00074
__end_of_EPWM1_Initialize           text17       00201
__end_of_EPWM1_LoadDutyValue        text3        001C9
__end_of_INTERRUPT_InterruptManager intentry     00013
__end_of_OSCILLATOR_Initialize      text16       00230
__end_of_PIN_MANAGER_IOC            text19       00251
__end_of_PIN_MANAGER_Initialize     text15       001E0
__end_of_SYSTEM_Initialize          text11       001F3
__end_of_TMR2_Initialize            text14       00229
__end_of_TMR4_Initialize            text13       00221
__end_of_TMR4_LoadPeriodRegister    text8        00241
__end_of_TMR4_ReadTimer             text10       00246
__end_of_TMR4_StartTimer            text7        0024D
__end_of_TMR4_StopTimer             text9        00250
__end_of_WDT_Initialize             text12       0024A
__end_of___lwdiv                    text6        0017C
__end_of___wmul                     text5        0019B
__end_of__initialization            cinit        00029
__end_of_controlchoose              text1        00217
__end_of_fluxcontrol                text4        00140
__end_of_main                       maintext     001B2
__end_of_pwmcontrol                 text2        000BA
__initialization                    cinit        00015
__pbssBANK0                         bssBANK0     00020
__pcstackBANK0                      cstackBANK0  00038
__pcstackCOMMON                     cstackCOMMON 00070
__pdataBANK0                        dataBANK0    0002D
__pidataBANK0                       idataBANK0   00201
__pintentry                         intentry     00004
__pmaintext                         maintext     0019B
__ptext1                            text1        0020C
__ptext10                           text10       00241
__ptext11                           text11       001E0
__ptext12                           text12       00246
__ptext13                           text13       00217
__ptext14                           text14       00221
__ptext15                           text15       001C9
__ptext16                           text16       00229
__ptext17                           text17       001F3
__ptext19                           text19       00250
__ptext2                            text2        0002D
__ptext3                            text3        001B2
__ptext4                            text4        000BA
__ptext5                            text5        0017C
__ptext6                            text6        00140
__ptext7                            text7        0024A
__ptext8                            text8        0023C
__ptext9                            text9        0024D
_controlchoose                      text1        0020C
_error                              bssBANK0     0002A
_fluxcontrol                        text4        000BA
_fluxcontrol$1057                   cstackBANK0  0003A
_main                               maintext     0019B
_output                             bssBANK0     00020
_outputsum                          bssBANK0     00022
_pwmcontrol                         text2        0002D
_pwmcontrol$1058                    cstackBANK0  0003A
_timecontrol                        bssBANK0     0002C
btemp                               (abs)        0007E
clear_ram0                          clrtext      00236
end_of_initialization               cinit        00029
init_ram                            inittext     00230
int$flags                           (abs)        0007E
intlevel0                           functab      00000
intlevel1                           functab      00000
intlevel2                           functab      00000
intlevel3                           functab      00000
intlevel4                           functab      00000
intlevel5                           functab      00000
reset_vec                           reset_vec    00000
start                               init         00013
start_initialization                cinit        00015
wtemp0                              (abs)        0007E


MODULE INFORMATION

Module		Function		Class		Link	Load	Size
mcc_generated_files/tmr4.c
		_TMR4_LoadPeriodRegister		CODE           	023C	0000	5
		_TMR4_Initialize		CODE           	0217	0000	10
		_TMR4_StopTimer		CODE           	024D	0000	3
		_TMR4_StartTimer		CODE           	024A	0000	3
		_TMR4_ReadTimer		CODE           	0241	0000	5

mcc_generated_files/tmr4.c estimated size: 26

C:\Program Files\Microchip\xc8\v2.46\pic\sources\c99\common\lwdiv.c
		___lwdiv       		CODE           	0140	0000	60

C:\Program Files\Microchip\xc8\v2.46\pic\sources\c99\common\lwdiv.c estimated size: 60

mcc_generated_files/tmr2.c
		_TMR2_Initialize		CODE           	0221	0000	8

mcc_generated_files/tmr2.c estimated size: 8

mcc_generated_files/interrupt_manager.c
		_INTERRUPT_InterruptManager		CODE           	0004	0000	15

mcc_generated_files/interrupt_manager.c estimated size: 15

mcc_generated_files/pin_manager.c
		_PIN_MANAGER_Initialize		CODE           	01C9	0000	23
		_PIN_MANAGER_IOC		CODE           	0250	0000	1

mcc_generated_files/pin_manager.c estimated size: 24

shared
		__initialization		CODE           	0015	0000	20

shared estimated size: 20

C:\Program Files\Microchip\xc8\v2.46\pic\sources\c99\common\Umul16.c
		___wmul        		CODE           	017C	0000	31

C:\Program Files\Microchip\xc8\v2.46\pic\sources\c99\common\Umul16.c estimated size: 31

mcc_generated_files/mcc.c
		_WDT_Initialize		CODE           	0246	0000	4
		_OSCILLATOR_Initialize		CODE           	0229	0000	7
		_SYSTEM_Initialize		CODE           	01E0	0000	19

mcc_generated_files/mcc.c estimated size: 30

mcc_generated_files/epwm1.c
		_EPWM1_LoadDutyValue		CODE           	01B2	0000	23
		_EPWM1_Initialize		CODE           	01F3	0000	14

mcc_generated_files/epwm1.c estimated size: 37

main.c
		_main          		CODE           	019B	0000	23
		_controlchoose 		CODE           	020C	0000	11
		_fluxcontrol   		CODE           	00BA	0000	134
		_pwmcontrol    		CODE           	002D	0000	141

main.c estimated size: 309

