Microchip MPLAB XC8 Compiler V2.46

Linker command line:

-W-3 \
  --edf=C:\Program Files\Microchip\xc8\v2.46\pic\dat\20240104201356_en.msgs \
  -cn -h+dist/default/production\projeto_final_EE_gp1.production.sym \
  --cmf=dist/default/production\projeto_final_EE_gp1.production.cmf -z \
  -Q16F1827 -oC:\Users\Softex\AppData\Local\Temp\xcAsq0s.\driver_tmp_3.o \
  --defsym=__MPLAB_BUILD=1 --fixupoverflow=error \
  -Mdist/default/production/projeto_final_EE_gp1.production.map \
  --md=C:\Users\Softex\AppData\Local\Temp\xcAsq0s.\driver_tmp_0.dat -E1 \
  -ver=XC8 Compiler --acfsm=1493 -ACODE=00h-07FFhx2 -ASTRCODE=00h-0FFFh \
  -ASTRING=00h-0FFhx16 -ACONST=00h-0FFhx16 -AENTRY=00h-0FFhx16 \
  -ACOMMON=070h-07Fh -ABANK0=020h-06Fh -ABANK1=0A0h-0EFh \
  -ABANK2=0120h-016Fh -ABANK3=01A0h-01EFh -ABANK4=0220h-024Fh \
  -ABIGRAM=02000h-0216Fh \
  -ARAM=020h-06Fh,0A0h-0EFh,0120h-016Fh,01A0h-01EFh,0220h-024Fh \
  -AABS1=020h-07Fh,0A0h-0EFh,0120h-016Fh,01A0h-01EFh,0220h-024Fh \
  -ASFR0=00h-01Fh -ASFR1=080h-09Fh -ASFR2=0100h-011Fh -ASFR3=0180h-019Fh \
  -ASFR4=0200h-021Fh -ASFR5=0280h-02EFh -ASFR6=0300h-036Fh \
  -ASFR7=0380h-03EFh -ASFR8=0400h-046Fh -ASFR9=0480h-04EFh \
  -ASFR10=0500h-056Fh -ASFR11=0580h-05EFh -ASFR12=0600h-066Fh \
  -ASFR13=0680h-06EFh -ASFR14=0700h-076Fh -ASFR15=0780h-07EFh \
  -ASFR16=0800h-086Fh -ASFR17=0880h-08EFh -ASFR18=0900h-096Fh \
  -ASFR19=0980h-09EFh -ASFR20=0A00h-0A6Fh -ASFR21=0A80h-0AEFh \
  -ASFR22=0B00h-0B6Fh -ASFR23=0B80h-0BEFh -ASFR24=0C00h-0C6Fh \
  -ASFR25=0C80h-0CEFh -ASFR26=0D00h-0D6Fh -ASFR27=0D80h-0DEFh \
  -ASFR28=0E00h-0E6Fh -ASFR29=0E80h-0EEFh -ASFR30=0F00h-0F6Fh \
  -ASFR31=0F80h-0FEFh -ACONFIG=08007h-08008h -DCONFIG=2 \
  -AIDLOC=08000h-08003h -DIDLOC=2 -AEEDATA=00h-0FFh/0F000h \
  -peeprom_data=EEDATA -DEEDATA=2 -DCODE=2 -DSTRCODE=2 -DSTRING=2 -DCONST=2 \
  -DENTRY=2 -preset_vec=00h,intentry=04h,sivt,init,end_init -ppowerup=CODE \
  -pcinit=CODE -pfunctab=ENTRY -k \
  C:\Users\Softex\AppData\Local\Temp\xcAsq0s.\driver_tmp_15.o \
  dist/default/production\projeto_final_EE_gp1.production.o 

Object code version is 3.11

Machine type is 16F1827



                Name                               Link     Load   Length Selector   Space Scale
C:\Users\Softex\AppData\Local\Temp\xcAsq0s.\driver_tmp_15.o
                end_init                             53       53        2        8       0
                reset_vec                             0        0        2        0       0
                config                             8007     8007        2        0       4
dist/default/production\projeto_final_EE_gp1.production.o
                cinit                                55       55       20        8       0
                intentry                              4        4       4F        8       0
                config                             8007     8007        2        0       4
                text58                              60F      60F       19        8       0
                text57                              788      788        4        8       0
                text56                              795      795        1        8       0
                text55                              784      784        4        8       0
                text54                              571      571       22        8       0
                text53                              794      794        1        8       0
                text52                              4FD      4FD       28        8       0
                text51                              682      682       13        8       0
                text50                              32B      32B       4D        8       0
                text49                              793      793        1        8       0
                text48                              6E4      6E4        D        8       0
                text47                              628      628       18        8       0
                text46                              780      780        4        8       0
                text45                               75       75       C6        8       0
                text44                              54B      54B       26        8       0
                text43                              471      471       3C        8       0
                text42                              5D4      5D4       1F        8       0
                text41                              292      292       99        8       0
                text40                              792      792        1        8       0
                text39                              6D6      6D6        E        8       0
                text38                              525      525       26        8       0
                text37                              6B8      6B8       10        8       0
                text36                              657      657       17        8       0
                text35                              13B      13B       B5        8       0
                text34                              4D5      4D5       28        8       0
                text33                              434      434       3D        8       0
                text31                              593      593       21        8       0
                text30                              733      733        8        8       0
                text29                              772      772        6        8       0
                text28                              76C      76C        6        8       0
                text27                              6C8      6C8        E        8       0
                text26                              722      722        9        8       0
                text25                              719      719        9        8       0
                text24                              710      710        9        8       0
                text23                              707      707        9        8       0
                text22                              766      766        6        8       0
                text21                              378      378       42        8       0
                text20                              77C      77C        4        8       0
                text19                              73B      73B        7        8       0
                text18                              640      640       17        8       0
                text17                              760      760        6        8       0
                text16                              695      695       12        8       0
                text15                              72B      72B        8        8       0
                text14                              6FD      6FD        A        8       0
                text13                              75A      75A        6        8       0
                text12                              66E      66E       14        8       0
                text11                              778      778        4        8       0
                text10                              4AD      4AD       28        8       0
                text9                               754      754        6        8       0
                text8                               78F      78F        3        8       0
                text7                               74E      74E        6        8       0
                text6                               78C      78C        3        8       0
                text5                               5F3      5F3       1C        8       0
                text4                               3F7      3F7       3D        8       0
                text3                               5B4      5B4       20        8       0
                text2                               1F0      1F0       A2        8       0
                text1                               6A7      6A7       11        8       0
                maintext                            3BA      3BA       3D        8       0
                cstackBANK0                          48       48       12       20       1
                cstackCOMMON                         70       70        E       70       1
                cstackBANK1                          CE       CE        4       A0       1
                clrtext                             748      748        6        8       0
                inittext                            742      742        6        8       0
                bssBANK1                             A0       A0       24       A0       1
                dataBANK0                            5A       5A        C       20       1
                bssBANK0                             20       20       28       20       1
                nvBANK1                              C4       C4        A       A0       1
                nvBANK0                              66       66        6       20       1
                idataBANK0                          6F1      6F1        C        8       0

TOTAL           Name                               Link     Load   Length     Space
        CLASS   CODE           
                end_init                             53       53        2         0
                cinit                                55       55       20         0
                intentry                              4        4       4F         0
                reset_vec                             0        0        2         0
                text58                              60F      60F       19         0
                text57                              788      788        4         0
                text56                              795      795        1         0
                text55                              784      784        4         0
                text54                              571      571       22         0
                text53                              794      794        1         0
                text52                              4FD      4FD       28         0
                text51                              682      682       13         0
                text50                              32B      32B       4D         0
                text49                              793      793        1         0
                text48                              6E4      6E4        D         0
                text47                              628      628       18         0
                text46                              780      780        4         0
                text45                               75       75       C6         0
                text44                              54B      54B       26         0
                text43                              471      471       3C         0
                text42                              5D4      5D4       1F         0
                text41                              292      292       99         0
                text40                              792      792        1         0
                text39                              6D6      6D6        E         0
                text38                              525      525       26         0
                text37                              6B8      6B8       10         0
                text36                              657      657       17         0
                text35                              13B      13B       B5         0
                text34                              4D5      4D5       28         0
                text33                              434      434       3D         0
                text31                              593      593       21         0
                text30                              733      733        8         0
                text29                              772      772        6         0
                text28                              76C      76C        6         0
                text27                              6C8      6C8        E         0
                text26                              722      722        9         0
                text25                              719      719        9         0
                text24                              710      710        9         0
                text23                              707      707        9         0
                text22                              766      766        6         0
                text21                              378      378       42         0
                text20                              77C      77C        4         0
                text19                              73B      73B        7         0
                text18                              640      640       17         0
                text17                              760      760        6         0
                text16                              695      695       12         0
                text15                              72B      72B        8         0
                text14                              6FD      6FD        A         0
                text13                              75A      75A        6         0
                text12                              66E      66E       14         0
                text11                              778      778        4         0
                text10                              4AD      4AD       28         0
                text9                               754      754        6         0
                text8                               78F      78F        3         0
                text7                               74E      74E        6         0
                text6                               78C      78C        3         0
                text5                               5F3      5F3       1C         0
                text4                               3F7      3F7       3D         0
                text3                               5B4      5B4       20         0
                text2                               1F0      1F0       A2         0
                text1                               6A7      6A7       11         0
                maintext                            3BA      3BA       3D         0
                clrtext                             748      748        6         0
                inittext                            742      742        6         0
                idataBANK0                          6F1      6F1        C         0

        CLASS   STRCODE        

        CLASS   STRING         

        CLASS   CONST          

        CLASS   ENTRY          

        CLASS   COMMON         
                cstackCOMMON                         70       70        E         1

        CLASS   BANK0          
                cstackBANK0                          48       48       12         1
                dataBANK0                            5A       5A        C         1
                bssBANK0                             20       20       28         1
                nvBANK0                              66       66        6         1

        CLASS   BANK1          
                cstackBANK1                          CE       CE        4         1
                bssBANK1                             A0       A0       24         1
                nvBANK1                              C4       C4        A         1

        CLASS   BANK2          

        CLASS   BANK3          

        CLASS   BANK4          

        CLASS   BIGRAM         

        CLASS   RAM            

        CLASS   ABS1           
                abs_s1                               7E       7E        2         1

        CLASS   SFR0           

        CLASS   SFR1           

        CLASS   SFR2           

        CLASS   SFR3           

        CLASS   SFR4           

        CLASS   SFR5           

        CLASS   SFR6           

        CLASS   SFR7           

        CLASS   SFR8           

        CLASS   SFR9           

        CLASS   SFR10          

        CLASS   SFR11          

        CLASS   SFR12          

        CLASS   SFR13          

        CLASS   SFR14          

        CLASS   SFR15          

        CLASS   SFR16          

        CLASS   SFR17          

        CLASS   SFR18          

        CLASS   SFR19          

        CLASS   SFR20          

        CLASS   SFR21          

        CLASS   SFR22          

        CLASS   SFR23          

        CLASS   SFR24          

        CLASS   SFR25          

        CLASS   SFR26          

        CLASS   SFR27          

        CLASS   SFR28          

        CLASS   SFR29          

        CLASS   SFR30          

        CLASS   SFR31          

        CLASS   CONFIG         
                config                             8007     8007        2         4

        CLASS   IDLOC          

        CLASS   EEDATA         

        CLASS   BANK31         

        CLASS   BANK30         

        CLASS   BANK29         

        CLASS   BANK28         

        CLASS   BANK27         

        CLASS   BANK26         

        CLASS   BANK25         

        CLASS   BANK24         

        CLASS   BANK23         

        CLASS   BANK22         

        CLASS   BANK21         

        CLASS   BANK20         

        CLASS   BANK19         

        CLASS   BANK18         

        CLASS   BANK17         

        CLASS   BANK16         

        CLASS   BANK15         

        CLASS   BANK14         

        CLASS   BANK13         

        CLASS   BANK12         

        CLASS   BANK11         

        CLASS   BANK10         

        CLASS   BANK9          

        CLASS   BANK8          

        CLASS   BANK7          

        CLASS   BANK6          

        CLASS   BANK5          

        CLASS   HEAP           

        CLASS   STACK          



SEGMENTS        Name                           Load    Length   Top    Selector   Space  Class     Delta

                reset_vec                      000000  000002  000002         0       0  CODE        2
                intentry                       000004  000792  000796         8       0  CODE        2
                bssBANK0                       000020  00004C  00006C        20       1  BANK0       1
                cstackCOMMON                   000070  00000E  00007E        70       1  COMMON      1
                bssBANK1                       0000A0  000032  0000D2        A0       1  BANK1       1


UNUSED ADDRESS RANGES

        Name                Unused          Largest block    Delta
        BANK0            0006C-0006F               4           1
        BANK1            000D2-000EF              1E           1
        BANK2            00120-0016F              50           1
        BANK3            001A0-001EF              50           1
        BANK4            00220-0024F              30           1
        BIGRAM           02000-0216F             170           1
        CODE             00002-00003               2           2
                         00796-00FFF              6A
        CONST            00002-00003               2           2
                         00796-00FFF             100
        EEDATA           0F000-0F0FF             100           2
        ENTRY            00002-00003               2           2
                         00796-00FFF             100
        IDLOC            08000-08003               4           2
        RAM              0006C-0006F               4           1
                         000D2-000EF              1E
                         00120-0016F              50
                         001A0-001EF              50
                         00220-0024F              30
        SFR0             00000-0001F              20           1
        SFR1             00080-0009F              20           1
        SFR10            00500-0056F              70           1
        SFR11            00580-005EF              70           1
        SFR12            00600-0066F              70           1
        SFR13            00680-006EF              70           1
        SFR14            00700-0076F              70           1
        SFR15            00780-007EF              70           1
        SFR16            00800-0086F              70           1
        SFR17            00880-008EF              70           1
        SFR18            00900-0096F              70           1
        SFR19            00980-009EF              70           1
        SFR2             00100-0011F              20           1
        SFR20            00A00-00A6F              70           1
        SFR21            00A80-00AEF              70           1
        SFR22            00B00-00B6F              70           1
        SFR23            00B80-00BEF              70           1
        SFR24            00C00-00C6F              70           1
        SFR25            00C80-00CEF              70           1
        SFR26            00D00-00D6F              70           1
        SFR27            00D80-00DEF              70           1
        SFR28            00E00-00E6F              70           1
        SFR29            00E80-00EEF              70           1
        SFR3             00180-0019F              20           1
        SFR30            00F00-00F6F              70           1
        SFR31            00F80-00FEF              70           1
        SFR4             00200-0021F              20           1
        SFR5             00280-002EF              70           1
        SFR6             00300-0036F              70           1
        SFR7             00380-003EF              70           1
        SFR8             00400-0046F              70           1
        SFR9             00480-004EF              70           1
        STRCODE          00002-00003               2           2
                         00796-00FFF             86A
        STRING           00002-00003               2           2
                         00796-00FFF             100

                                  Symbol Table

?_ADC_GetConversion                            cstackBANK0  0004C
?___lwdiv                                      cstackBANK0  00052
?___wmul                                       cstackBANK0  0004C
?i1___lwdiv                                    cstackCOMMON 00076
?i1___wmul                                     cstackCOMMON 00070
ADC_GetConversion@channel                      cstackBANK0  0004F
EPWM1_LoadDutyValue@dutyValue                  cstackBANK0  0004C
EUSART_Read@readValue                          cstackCOMMON 00071
EUSART_SetErrorHandler@interruptHandler        cstackBANK0  0004C
EUSART_SetFramingErrorHandler@interruptHandler cstackBANK0  0004C
EUSART_SetOverrunErrorHandler@interruptHandler cstackBANK0  0004C
EUSART_SetRxInterruptHandler@interruptHandler  cstackBANK0  0004C
EUSART_SetTxInterruptHandler@interruptHandler  cstackBANK0  0004C
EUSART_Write@txData                            cstackCOMMON 00071
TMR0_ISR@CountCallBack                         bssBANK0     00038
TMR0_SetInterruptHandler@InterruptHandler      cstackBANK0  0004C
TMR4_LoadPeriodRegister@periodVal              cstackBANK0  0004C
TMR4_ReadTimer@readVal                         cstackBANK0  0004C
TMR6_SetInterruptHandler@InterruptHandler      cstackBANK0  0004C
_ADCON0                                        (abs)        0009D
_ADCON0bits                                    (abs)        0009D
_ADCON1                                        (abs)        0009E
_ADC_GetConversion                             text31       00593
_ADC_Initialize                                text30       00733
_ADRESH                                        (abs)        0009C
_ADRESL                                        (abs)        0009B
_ANSELA                                        (abs)        0018C
_ANSELB                                        (abs)        0018D
_APFCON0                                       (abs)        0011D
_APFCON1                                       (abs)        0011E
_BAUDCON                                       (abs)        0019F
_BORCON                                        (abs)        00116
_CCP1CON                                       (abs)        00293
_CCPR1H                                        (abs)        00292
_CCPR1L                                        (abs)        00291
_CCPTMRS0bits                                  (abs)        0029E
_CM1CON0                                       (abs)        00111
_CM1CON1                                       (abs)        00112
_CMOUTbits                                     (abs)        00115
_CMP1_GetOutputStatus                          text46       00780
_CMP1_Initialize                               text29       00772
_DACCON0                                       (abs)        00118
_DACCON1                                       (abs)        00119
_DAC_Initialize                                text28       0076C
_ECCP1AS                                       (abs)        00295
_EPWM1_Initialize                              text27       006C8
_EPWM1_LoadDutyValue                           text5        005F3
_EUSART_DefaultErrorHandler                    text57       00788
_EUSART_DefaultFramingErrorHandler             text56       00795
_EUSART_DefaultOverrunErrorHandler             text55       00784
_EUSART_ErrorHandler                           nvBANK1      000C6
_EUSART_FramingErrorHandler                    nvBANK1      000CA
_EUSART_Initialize                             text21       00378
_EUSART_OverrunErrorHandler                    nvBANK1      000C8
_EUSART_Read                                   text38       00525
_EUSART_Receive_ISR                            text33       00434
_EUSART_RxDataHandler                          text58       0060F
_EUSART_RxDefaultInterruptHandler              nvBANK1      000CC
_EUSART_SetErrorHandler                        text26       00722
_EUSART_SetFramingErrorHandler                 text25       00719
_EUSART_SetOverrunErrorHandler                 text24       00710
_EUSART_SetRxInterruptHandler                  text23       00707
_EUSART_SetTxInterruptHandler                  text22       00766
_EUSART_Transmit_ISR                           text54       00571
_EUSART_TxDefaultInterruptHandler              nvBANK0      0006A
_EUSART_Write                                  text52       004FD
_FVRCON                                        (abs)        00117
_FVRCONbits                                    (abs)        00117
_FVR_Initialize                                text20       0077C
_INTCONbits                                    (abs)        0000B
_INTERRUPT_InterruptManager                    intentry     00004
_LATA                                          (abs)        0010C
_LATAbits                                      (abs)        0010C
_LATB                                          (abs)        0010D
_OPTION_REG                                    (abs)        00095
_OPTION_REGbits                                (abs)        00095
_OSCCON                                        (abs)        00099
_OSCILLATOR_Initialize                         text19       0073B
_OSCTUNE                                       (abs)        00098
_PIE1bits                                      (abs)        00091
_PIE3bits                                      (abs)        00093
_PIN_MANAGER_IOC                               text53       00794
_PIN_MANAGER_Initialize                        text18       00640
_PIR1bits                                      (abs)        00011
_PIR3bits                                      (abs)        00013
_PR2                                           (abs)        0001B
_PR4                                           (abs)        00416
_PR6                                           (abs)        0041D
_PSTR1CON                                      (abs)        00296
_PWM1CON                                       (abs)        00294
_RCREG                                         (abs)        00199
_RCSTA                                         (abs)        0019D
_RCSTAbits                                     (abs)        0019D
_SPBRGH                                        (abs)        0019C
_SPBRGL                                        (abs)        0019B
_SYSTEM_Initialize                             text10       004AD
_T2CON                                         (abs)        0001C
_T2CONbits                                     (abs)        0001C
_T4CON                                         (abs)        00417
_T4CONbits                                     (abs)        00417
_T6CON                                         (abs)        0041E
_T6CONbits                                     (abs)        0041E
_TMR0                                          (abs)        00015
_TMR0_CallBack                                 text48       006E4
_TMR0_DefaultInterruptHandler                  text49       00793
_TMR0_ISR                                      text47       00628
_TMR0_Initialize                               text16       00695
_TMR0_InterruptHandler                         nvBANK0      00068
_TMR0_SetInterruptHandler                      text17       00760
_TMR2                                          (abs)        0001A
_TMR2_Initialize                               text15       0072B
_TMR4                                          (abs)        00415
_TMR4_Initialize                               text14       006FD
_TMR4_LoadPeriodRegister                       text7        0074E
_TMR4_ReadTimer                                text9        00754
_TMR4_StartTimer                               text6        0078C
_TMR4_StopTimer                                text8        0078F
_TMR6                                          (abs)        0041C
_TMR6_DefaultInterruptHandler                  text40       00792
_TMR6_ISR                                      text39       006D6
_TMR6_Initialize                               text12       0066E
_TMR6_InterruptHandler                         nvBANK0      00066
_TMR6_SetInterruptHandler                      text13       0075A
_TRISA                                         (abs)        0008C
_TRISB                                         (abs)        0008D
_TXREG                                         (abs)        0019A
_TXSTA                                         (abs)        0019E
_TXSTAbits                                     (abs)        0019E
_WDTCON                                        (abs)        00097
_WDT_Initialize                                text11       00778
_WPUA                                          (abs)        0020C
_WPUB                                          (abs)        0020D
__H__absolute__                                __absolute__ 00000
__Habs1                                        abs1         00000
__Hbank0                                       bank0        00000
__Hbank1                                       bank1        00000
__Hbank10                                      bank10       00000
__Hbank11                                      bank11       00000
__Hbank12                                      bank12       00000
__Hbank13                                      bank13       00000
__Hbank14                                      bank14       00000
__Hbank15                                      bank15       00000
__Hbank16                                      bank16       00000
__Hbank17                                      bank17       00000
__Hbank18                                      bank18       00000
__Hbank19                                      bank19       00000
__Hbank2                                       bank2        00000
__Hbank20                                      bank20       00000
__Hbank21                                      bank21       00000
__Hbank22                                      bank22       00000
__Hbank23                                      bank23       00000
__Hbank24                                      bank24       00000
__Hbank25                                      bank25       00000
__Hbank26                                      bank26       00000
__Hbank27                                      bank27       00000
__Hbank28                                      bank28       00000
__Hbank29                                      bank29       00000
__Hbank3                                       bank3        00000
__Hbank30                                      bank30       00000
__Hbank31                                      bank31       00000
__Hbank4                                       bank4        00000
__Hbank5                                       bank5        00000
__Hbank6                                       bank6        00000
__Hbank7                                       bank7        00000
__Hbank8                                       bank8        00000
__Hbank9                                       bank9        00000
__Hbigram                                      bigram       00000
__HbssBANK0                                    bssBANK0     00000
__HbssBANK1                                    bssBANK1     00000
__Hcinit                                       cinit        00075
__Hclrtext                                     clrtext      00000
__Hcode                                        code         00000
__Hcommon                                      common       00000
__Hconfig                                      config       08009
__HcstackBANK0                                 cstackBANK0  00000
__HcstackBANK1                                 cstackBANK1  00000
__HcstackCOMMON                                cstackCOMMON 00000
__HdataBANK0                                   dataBANK0    00000
__Heeprom_data                                 eeprom_data  00000
__Hend_init                                    end_init     00055
__Hfunctab                                     functab      00000
__Hheap                                        heap         00000
__HidataBANK0                                  idataBANK0   00000
__Hinit                                        init         00053
__Hinittext                                    inittext     00000
__Hintentry                                    intentry     00053
__Hmaintext                                    maintext     00000
__HnvBANK0                                     nvBANK0      00000
__HnvBANK1                                     nvBANK1      00000
__Hpowerup                                     powerup      00000
__Hram                                         ram          00000
__Hreset_vec                                   reset_vec    00002
__Hsfr0                                        sfr0         00000
__Hsfr1                                        sfr1         00000
__Hsfr10                                       sfr10        00000
__Hsfr11                                       sfr11        00000
__Hsfr12                                       sfr12        00000
__Hsfr13                                       sfr13        00000
__Hsfr14                                       sfr14        00000
__Hsfr15                                       sfr15        00000
__Hsfr16                                       sfr16        00000
__Hsfr17                                       sfr17        00000
__Hsfr18                                       sfr18        00000
__Hsfr19                                       sfr19        00000
__Hsfr2                                        sfr2         00000
__Hsfr20                                       sfr20        00000
__Hsfr21                                       sfr21        00000
__Hsfr22                                       sfr22        00000
__Hsfr23                                       sfr23        00000
__Hsfr24                                       sfr24        00000
__Hsfr25                                       sfr25        00000
__Hsfr26                                       sfr26        00000
__Hsfr27                                       sfr27        00000
__Hsfr28                                       sfr28        00000
__Hsfr29                                       sfr29        00000
__Hsfr3                                        sfr3         00000
__Hsfr30                                       sfr30        00000
__Hsfr31                                       sfr31        00000
__Hsfr4                                        sfr4         00000
__Hsfr5                                        sfr5         00000
__Hsfr6                                        sfr6         00000
__Hsfr7                                        sfr7         00000
__Hsfr8                                        sfr8         00000
__Hsfr9                                        sfr9         00000
__Hsivt                                        sivt         00053
__Hspace_0                                     (abs)        00796
__Hspace_1                                     (abs)        000D2
__Hspace_2                                     (abs)        00000
__Hspace_3                                     (abs)        00000
__Hspace_4                                     (abs)        10010
__Hstack                                       stack        00000
__Hstrings                                     strings      00000
__Htext                                        text         00000
__L__absolute__                                __absolute__ 00000
__Labs1                                        abs1         00000
__Lbank0                                       bank0        00000
__Lbank1                                       bank1        00000
__Lbank10                                      bank10       00000
__Lbank11                                      bank11       00000
__Lbank12                                      bank12       00000
__Lbank13                                      bank13       00000
__Lbank14                                      bank14       00000
__Lbank15                                      bank15       00000
__Lbank16                                      bank16       00000
__Lbank17                                      bank17       00000
__Lbank18                                      bank18       00000
__Lbank19                                      bank19       00000
__Lbank2                                       bank2        00000
__Lbank20                                      bank20       00000
__Lbank21                                      bank21       00000
__Lbank22                                      bank22       00000
__Lbank23                                      bank23       00000
__Lbank24                                      bank24       00000
__Lbank25                                      bank25       00000
__Lbank26                                      bank26       00000
__Lbank27                                      bank27       00000
__Lbank28                                      bank28       00000
__Lbank29                                      bank29       00000
__Lbank3                                       bank3        00000
__Lbank30                                      bank30       00000
__Lbank31                                      bank31       00000
__Lbank4                                       bank4        00000
__Lbank5                                       bank5        00000
__Lbank6                                       bank6        00000
__Lbank7                                       bank7        00000
__Lbank8                                       bank8        00000
__Lbank9                                       bank9        00000
__Lbigram                                      bigram       00000
__LbssBANK0                                    bssBANK0     00000
__LbssBANK1                                    bssBANK1     00000
__Lcinit                                       cinit        00055
__Lclrtext                                     clrtext      00000
__Lcode                                        code         00000
__Lcommon                                      common       00000
__Lconfig                                      config       00000
__LcstackBANK0                                 cstackBANK0  00000
__LcstackBANK1                                 cstackBANK1  00000
__LcstackCOMMON                                cstackCOMMON 00000
__LdataBANK0                                   dataBANK0    00000
__Leeprom_data                                 eeprom_data  00000
__Lend_init                                    end_init     00053
__Lfunctab                                     functab      00000
__Lheap                                        heap         00000
__LidataBANK0                                  idataBANK0   00000
__Linit                                        init         00053
__Linittext                                    inittext     00000
__Lintentry                                    intentry     00004
__Lmaintext                                    maintext     00000
__LnvBANK0                                     nvBANK0      00000
__LnvBANK1                                     nvBANK1      00000
__Lpowerup                                     powerup      00000
__Lram                                         ram          00000
__Lreset_vec                                   reset_vec    00000
__Lsfr0                                        sfr0         00000
__Lsfr1                                        sfr1         00000
__Lsfr10                                       sfr10        00000
__Lsfr11                                       sfr11        00000
__Lsfr12                                       sfr12        00000
__Lsfr13                                       sfr13        00000
__Lsfr14                                       sfr14        00000
__Lsfr15                                       sfr15        00000
__Lsfr16                                       sfr16        00000
__Lsfr17                                       sfr17        00000
__Lsfr18                                       sfr18        00000
__Lsfr19                                       sfr19        00000
__Lsfr2                                        sfr2         00000
__Lsfr20                                       sfr20        00000
__Lsfr21                                       sfr21        00000
__Lsfr22                                       sfr22        00000
__Lsfr23                                       sfr23        00000
__Lsfr24                                       sfr24        00000
__Lsfr25                                       sfr25        00000
__Lsfr26                                       sfr26        00000
__Lsfr27                                       sfr27        00000
__Lsfr28                                       sfr28        00000
__Lsfr29                                       sfr29        00000
__Lsfr3                                        sfr3         00000
__Lsfr30                                       sfr30        00000
__Lsfr31                                       sfr31        00000
__Lsfr4                                        sfr4         00000
__Lsfr5                                        sfr5         00000
__Lsfr6                                        sfr6         00000
__Lsfr7                                        sfr7         00000
__Lsfr8                                        sfr8         00000
__Lsfr9                                        sfr9         00000
__Lsivt                                        sivt         00053
__Lspace_0                                     (abs)        00000
__Lspace_1                                     (abs)        00000
__Lspace_2                                     (abs)        00000
__Lspace_3                                     (abs)        00000
__Lspace_4                                     (abs)        00000
__Lstack                                       stack        00000
__Lstrings                                     strings      00000
__Ltext                                        text         00000
__S0                                           (abs)        00796
__S1                                           (abs)        000D2
__S3                                           (abs)        00000
___heap_hi                                     (abs)        00000
___heap_lo                                     (abs)        00000
___int_sp                                      stack        00000
___int_stack_hi                                stack        00000
___int_stack_lo                                stack        00000
___latbits                                     (abs)        00001
___lwdiv                                       text4        003F7
___lwdiv@counter                               cstackBANK0  00057
___lwdiv@dividend                              cstackBANK0  00054
___lwdiv@divisor                               cstackBANK0  00052
___lwdiv@quotient                              cstackBANK0  00058
___sp                                          stack        00000
___stack_hi                                    stack        00000
___stack_lo                                    stack        00000
___stackhi                                     (abs)        00000
___stacklo                                     (abs)        00000
___wmul                                        text3        005B4
___wmul@multiplicand                           cstackBANK0  0004E
___wmul@multiplier                             cstackBANK0  0004C
___wmul@product                                cstackBANK0  00050
__end_of_ADC_GetConversion                     text31       005B4
__end_of_ADC_Initialize                        text30       0073B
__end_of_CMP1_GetOutputStatus                  text46       00784
__end_of_CMP1_Initialize                       text29       00778
__end_of_DAC_Initialize                        text28       00772
__end_of_EPWM1_Initialize                      text27       006D6
__end_of_EPWM1_LoadDutyValue                   text5        0060F
__end_of_EUSART_DefaultErrorHandler            text57       0078C
__end_of_EUSART_DefaultFramingErrorHandler     text56       00796
__end_of_EUSART_DefaultOverrunErrorHandler     text55       00788
__end_of_EUSART_Initialize                     text21       003BA
__end_of_EUSART_Read                           text38       0054B
__end_of_EUSART_Receive_ISR                    text33       00471
__end_of_EUSART_RxDataHandler                  text58       00628
__end_of_EUSART_SetErrorHandler                text26       0072B
__end_of_EUSART_SetFramingErrorHandler         text25       00722
__end_of_EUSART_SetOverrunErrorHandler         text24       00719
__end_of_EUSART_SetRxInterruptHandler          text23       00710
__end_of_EUSART_SetTxInterruptHandler          text22       0076C
__end_of_EUSART_Transmit_ISR                   text54       00593
__end_of_EUSART_Write                          text52       00525
__end_of_FVR_Initialize                        text20       00780
__end_of_INTERRUPT_InterruptManager            intentry     00053
__end_of_OSCILLATOR_Initialize                 text19       00742
__end_of_PIN_MANAGER_IOC                       text53       00795
__end_of_PIN_MANAGER_Initialize                text18       00657
__end_of_SYSTEM_Initialize                     text10       004D5
__end_of_TMR0_CallBack                         text48       006F1
__end_of_TMR0_DefaultInterruptHandler          text49       00794
__end_of_TMR0_ISR                              text47       00640
__end_of_TMR0_Initialize                       text16       006A7
__end_of_TMR0_SetInterruptHandler              text17       00766
__end_of_TMR2_Initialize                       text15       00733
__end_of_TMR4_Initialize                       text14       00707
__end_of_TMR4_LoadPeriodRegister               text7        00754
__end_of_TMR4_ReadTimer                        text9        0075A
__end_of_TMR4_StartTimer                       text6        0078F
__end_of_TMR4_StopTimer                        text8        00792
__end_of_TMR6_DefaultInterruptHandler          text40       00793
__end_of_TMR6_ISR                              text39       006E4
__end_of_TMR6_Initialize                       text12       00682
__end_of_TMR6_SetInterruptHandler              text13       00760
__end_of_WDT_Initialize                        text11       0077C
__end_of___lwdiv                               text4        00434
__end_of___wmul                                text3        005D4
__end_of__initialization                       cinit        00071
__end_of_analisa_Rx                            text35       001F0
__end_of_ascii_bin                             text37       006C8
__end_of_bin_ascii                             text51       00695
__end_of_controlchoose                         text1        006B8
__end_of_daUmPasso                             text45       0013B
__end_of_envia_Tx                              text50       00378
__end_of_fluxcontrol                           text41       0032B
__end_of_fluxpos                               text44       00571
__end_of_main                                  maintext     003F7
__end_of_pwmcontrol                            text2        00292
__end_of_receive                               text34       004FD
__end_ofi1_EPWM1_LoadDutyValue                 text36       0066E
__end_ofi1___lwdiv                             text43       004AD
__end_ofi1___wmul                              text42       005F3
__initialization                               cinit        00055
__pbssBANK0                                    bssBANK0     00020
__pbssBANK1                                    bssBANK1     000A0
__pcstackBANK0                                 cstackBANK0  00048
__pcstackBANK1                                 cstackBANK1  000CE
__pcstackCOMMON                                cstackCOMMON 00070
__pdataBANK0                                   dataBANK0    0005A
__pidataBANK0                                  idataBANK0   006F1
__pintentry                                    intentry     00004
__pmaintext                                    maintext     003BA
__pnvBANK0                                     nvBANK0      00066
__pnvBANK1                                     nvBANK1      000C4
__ptext1                                       text1        006A7
__ptext10                                      text10       004AD
__ptext11                                      text11       00778
__ptext12                                      text12       0066E
__ptext13                                      text13       0075A
__ptext14                                      text14       006FD
__ptext15                                      text15       0072B
__ptext16                                      text16       00695
__ptext17                                      text17       00760
__ptext18                                      text18       00640
__ptext19                                      text19       0073B
__ptext2                                       text2        001F0
__ptext20                                      text20       0077C
__ptext21                                      text21       00378
__ptext22                                      text22       00766
__ptext23                                      text23       00707
__ptext24                                      text24       00710
__ptext25                                      text25       00719
__ptext26                                      text26       00722
__ptext27                                      text27       006C8
__ptext28                                      text28       0076C
__ptext29                                      text29       00772
__ptext3                                       text3        005B4
__ptext30                                      text30       00733
__ptext31                                      text31       00593
__ptext33                                      text33       00434
__ptext34                                      text34       004D5
__ptext35                                      text35       0013B
__ptext36                                      text36       00657
__ptext37                                      text37       006B8
__ptext38                                      text38       00525
__ptext39                                      text39       006D6
__ptext4                                       text4        003F7
__ptext40                                      text40       00792
__ptext41                                      text41       00292
__ptext42                                      text42       005D4
__ptext43                                      text43       00471
__ptext44                                      text44       0054B
__ptext45                                      text45       00075
__ptext46                                      text46       00780
__ptext47                                      text47       00628
__ptext48                                      text48       006E4
__ptext49                                      text49       00793
__ptext5                                       text5        005F3
__ptext50                                      text50       0032B
__ptext51                                      text51       00682
__ptext52                                      text52       004FD
__ptext53                                      text53       00794
__ptext54                                      text54       00571
__ptext55                                      text55       00784
__ptext56                                      text56       00795
__ptext57                                      text57       00788
__ptext58                                      text58       0060F
__ptext6                                       text6        0078C
__ptext7                                       text7        0074E
__ptext8                                       text8        0078F
__ptext9                                       text9        00754
_adc_temp                                      nvBANK1      000C4
_analisa_Rx                                    text35       0013B
_ascii_bin                                     text37       006B8
_balldist                                      bssBANK0     00032
_ballset                                       bssBANK0     00030
_bin_ascii                                     text51       00682
_bufferRx                                      bssBANK1     000A0
_controlchoice                                 dataBANK0    00065
_controlchoose                                 text1        006A7
_countRx                                       bssBANK0     0003E
_dRx                                           bssBANK0     00022
_dTx                                           bssBANK0     00024
_daUmPasso                                     text45       00075
_dcRx                                          bssBANK0     00020
_envia_Tx                                      text50       0032B
_error                                         bssBANK0     00034
_eusartRxBuffer                                bssBANK1     000B0
_eusartRxCount                                 bssBANK0     00042
_eusartRxHead                                  bssBANK0     00044
_eusartRxLastError                             bssBANK0     00041
_eusartRxStatusBuffer                          bssBANK1     000A8
_eusartRxTail                                  bssBANK0     00043
_eusartTxBuffer                                bssBANK1     000B8
_eusartTxBufferRemaining                       bssBANK0     00045
_eusartTxHead                                  bssBANK0     00047
_eusartTxTail                                  bssBANK0     00046
_fim_curso                                     bssBANK0     0003B
_float_temp                                    bssBANK1     000C0
_flux                                          bssBANK0     0002E
_fluxcontrol                                   text41       00292
_fluxcontrol$1962                              cstackBANK0  0004A
_fluxpos                                       text44       0054B
_incPos                                        dataBANK0    00064
_kif                                           dataBANK0    00060
_kpf                                           dataBANK0    00062
_main                                          maintext     003BA
_output                                        bssBANK0     00028
_outputsum                                     bssBANK0     0002A
_pas                                           bssBANK0     0003A
_passo                                         bssBANK0     0003C
_position                                      bssBANK0     0003D
_pwmcontrol                                    text2        001F0
_pwmcontrol$1940                               cstackBANK1  000D0
_receive                                       text34       004D5
_tTx                                           bssBANK0     00026
_timecontrol                                   bssBANK0     0003F
_timer0ReloadVal                               bssBANK0     00040
ascii_bin@vAscii                               cstackCOMMON 00070
bin_ascii@vBin                                 cstackCOMMON 00070
btemp                                          (abs)        0007E
clear_ram0                                     clrtext      00748
daUmPasso@sentido                              cstackCOMMON 00076
end_of_initialization                          cinit        00071
i1EPWM1_LoadDutyValue@dutyValue                cstackCOMMON 00070
i1_EPWM1_LoadDutyValue                         text36       00657
i1___lwdiv                                     text43       00471
i1___lwdiv@counter                             cstackCOMMON 0007D
i1___lwdiv@dividend                            cstackCOMMON 00078
i1___lwdiv@divisor                             cstackCOMMON 00076
i1___lwdiv@quotient                            cstackCOMMON 0007B
i1___wmul                                      text42       005D4
i1___wmul@multiplicand                         cstackCOMMON 00072
i1___wmul@multiplier                           cstackCOMMON 00070
i1___wmul@product                              cstackCOMMON 00074
init_ram                                       inittext     00742
int$flags                                      (abs)        0007E
intlevel0                                      functab      00000
intlevel1                                      functab      00000
intlevel2                                      functab      00000
intlevel3                                      functab      00000
intlevel4                                      functab      00000
intlevel5                                      functab      00000
receive@rx_byte                                cstackBANK0  0004A
reset_vec                                      reset_vec    00000
start                                          init         00053
start_initialization                           cinit        00055
wtemp0                                         (abs)        0007E


MODULE INFORMATION

Module		Function		Class		Link	Load	Size
mcc_generated_files/cmp1.c
		_CMP1_Initialize		CODE           	0772	0000	6
		_CMP1_GetOutputStatus		CODE           	0780	0000	4

mcc_generated_files/cmp1.c estimated size: 10

mcc_generated_files/tmr6.c
		_TMR6_ISR      		CODE           	06D6	0000	14
		_TMR6_Initialize		CODE           	066E	0000	20
		_TMR6_SetInterruptHandler		CODE           	075A	0000	6
		_TMR6_DefaultInterruptHandler		CODE           	0792	0000	1

mcc_generated_files/tmr6.c estimated size: 41

mcc_generated_files/fvr.c
		_FVR_Initialize		CODE           	077C	0000	4

mcc_generated_files/fvr.c estimated size: 4

mcc_generated_files/tmr4.c
		_TMR4_LoadPeriodRegister		CODE           	074E	0000	6
		_TMR4_Initialize		CODE           	06FD	0000	10
		_TMR4_StopTimer		CODE           	078F	0000	3
		_TMR4_StartTimer		CODE           	078C	0000	3
		_TMR4_ReadTimer		CODE           	0754	0000	6

mcc_generated_files/tmr4.c estimated size: 28

C:\Program Files\Microchip\xc8\v2.46\pic\sources\c99\common\lwdiv.c
		___lwdiv       		CODE           	03F7	0000	61

C:\Program Files\Microchip\xc8\v2.46\pic\sources\c99\common\lwdiv.c estimated size: 61

mcc_generated_files/tmr2.c
		_TMR2_Initialize		CODE           	072B	0000	8

mcc_generated_files/tmr2.c estimated size: 8

mcc_generated_files/interrupt_manager.c
		_INTERRUPT_InterruptManager		CODE           	0004	0000	79

mcc_generated_files/interrupt_manager.c estimated size: 79

mcc_generated_files/tmr0.c
		_TMR0_SetInterruptHandler		CODE           	0760	0000	6
		_TMR0_DefaultInterruptHandler		CODE           	0793	0000	1
		_TMR0_CallBack 		CODE           	06E4	0000	13
		_TMR0_ISR      		CODE           	0628	0000	24
		_TMR0_Initialize		CODE           	0695	0000	18

mcc_generated_files/tmr0.c estimated size: 62

mcc_generated_files/pin_manager.c
		_PIN_MANAGER_Initialize		CODE           	0640	0000	23
		_PIN_MANAGER_IOC		CODE           	0794	0000	1

mcc_generated_files/pin_manager.c estimated size: 24

mcc_generated_files/adc.c
		_ADC_Initialize		CODE           	0733	0000	8
		_ADC_GetConversion		CODE           	0593	0000	33

mcc_generated_files/adc.c estimated size: 41

shared
		i1_EPWM1_LoadDutyValue		CODE           	0657	0000	23
		i1___lwdiv     		CODE           	0471	0000	60
		i1___wmul      		CODE           	05D4	0000	31
		__initialization		CODE           	0055	0000	28

shared estimated size: 142

C:\Program Files\Microchip\xc8\v2.46\pic\sources\c99\common\Umul16.c
		___wmul        		CODE           	05B4	0000	32

C:\Program Files\Microchip\xc8\v2.46\pic\sources\c99\common\Umul16.c estimated size: 32

mcc_generated_files/mcc.c
		_WDT_Initialize		CODE           	0778	0000	4
		_OSCILLATOR_Initialize		CODE           	073B	0000	7
		_SYSTEM_Initialize		CODE           	04AD	0000	40

mcc_generated_files/mcc.c estimated size: 51

mcc_generated_files/epwm1.c
		_EPWM1_LoadDutyValue		CODE           	05F3	0000	28
		_EPWM1_Initialize		CODE           	06C8	0000	14

mcc_generated_files/epwm1.c estimated size: 42

mcc_generated_files/eusart.c
		_EUSART_SetRxInterruptHandler		CODE           	0707	0000	9
		_EUSART_SetTxInterruptHandler		CODE           	0766	0000	6
		_EUSART_Read   		CODE           	0525	0000	38
		_EUSART_DefaultOverrunErrorHandler		CODE           	0784	0000	4
		_EUSART_Write  		CODE           	04FD	0000	40
		_EUSART_DefaultErrorHandler		CODE           	0788	0000	4
		_EUSART_Transmit_ISR		CODE           	0571	0000	34
		_EUSART_Initialize		CODE           	0378	0000	66
		_EUSART_SetFramingErrorHandler		CODE           	0719	0000	9
		_EUSART_SetErrorHandler		CODE           	0722	0000	9
		_EUSART_SetOverrunErrorHandler		CODE           	0710	0000	9
		_EUSART_Receive_ISR		CODE           	0434	0000	61
		_EUSART_RxDataHandler		CODE           	060F	0000	25
		_EUSART_DefaultFramingErrorHandler		CODE           	0795	0000	1

mcc_generated_files/eusart.c estimated size: 315

mcc_generated_files/dac.c
		_DAC_Initialize		CODE           	076C	0000	6

mcc_generated_files/dac.c estimated size: 6

main.c
		_ascii_bin     		CODE           	06B8	0000	16
		_main          		CODE           	03BA	0000	61
		_analisa_Rx    		CODE           	013B	0000	181
		_fluxpos       		CODE           	054B	0000	38
		_controlchoose 		CODE           	06A7	0000	17
		_daUmPasso     		CODE           	0075	0000	198
		_receive       		CODE           	04D5	0000	40
		_bin_ascii     		CODE           	0682	0000	19
		_fluxcontrol   		CODE           	0292	0000	153
		_envia_Tx      		CODE           	032B	0000	77
		_pwmcontrol    		CODE           	01F0	0000	162

main.c estimated size: 962

