Microchip MPLAB XC8 Compiler V2.46

Linker command line:

-W-3 \
  --edf=C:\Program Files\Microchip\xc8\v2.46\pic\dat\20240104201356_en.msgs \
  -cn -h+dist/Config_2/debug\projeto_final_EE_gp1.debug.sym \
  --cmf=dist/Config_2/debug\projeto_final_EE_gp1.debug.cmf -z -Q16F1827 \
  -oC:\Users\rodri\AppData\Local\Temp\xcAsd7g.\driver_tmp_3.o \
  --defsym=__MPLAB_BUILD=1 --fixupoverflow=error \
  -Mdist/Config_2/debug/projeto_final_EE_gp1.debug.map \
  --md=C:\Users\rodri\AppData\Local\Temp\xcAsd7g.\driver_tmp_0.dat -E1 \
  -ver=XC8 Compiler --acfsm=1493 -ACODE=00h-07FFhx2 -ASTRCODE=00h-0FFFh \
  -ASTRING=00h-0FFhx16 -ACONST=00h-0FFhx16 -AENTRY=00h-0FFhx16 \
  -ACOMMON=070h-07Fh -ABANK0=020h-06Fh -ABANK1=0A0h-0EFh \
  -ABANK2=0120h-016Fh -ABANK3=01A0h-01EFh -ABANK4=0220h-023Fh \
  -ABIGRAM=02000h-0215Fh \
  -ARAM=020h-06Fh,0A0h-0EFh,0120h-016Fh,01A0h-01EFh,0220h-023Fh \
  -AABS1=020h-07Fh,0A0h-0EFh,0120h-016Fh,01A0h-01EFh,0220h-024Fh \
  -ASFR0=00h-01Fh -ASFR1=080h-09Fh -ASFR2=0100h-011Fh -ASFR3=0180h-019Fh \
  -ASFR4=0200h-021Fh -ASFR5=0280h-02EFh -ASFR6=0300h-036Fh \
  -ASFR7=0380h-03EFh -ASFR8=0400h-046Fh -ASFR9=0480h-04EFh \
  -ASFR10=0500h-056Fh -ASFR11=0580h-05EFh -ASFR12=0600h-066Fh \
  -ASFR13=0680h-06EFh -ASFR14=0700h-076Fh -ASFR15=0780h-07EFh \
  -ASFR16=0800h-086Fh -ASFR17=0880h-08EFh -ASFR18=0900h-096Fh \
  -ASFR19=0980h-09EFh -ASFR20=0A00h-0A6Fh -ASFR21=0A80h-0AEFh \
  -ASFR22=0B00h-0B6Fh -ASFR23=0B80h-0BEFh -ASFR24=0C00h-0C6Fh \
  -ASFR25=0C80h-0CEFh -ASFR26=0D00h-0D6Fh -ASFR27=0D80h-0DEFh \
  -ASFR28=0E00h-0E6Fh -ASFR29=0E80h-0EEFh -ASFR30=0F00h-0F6Fh \
  -ASFR31=0F80h-0FEFh -ACONFIG=08007h-08008h -DCONFIG=2 \
  -AIDLOC=08000h-08003h -DIDLOC=2 -AEEDATA=00h-0FFh/0F000h \
  -peeprom_data=EEDATA -DEEDATA=2 -DCODE=2 -DSTRCODE=2 -DSTRING=2 -DCONST=2 \
  -DENTRY=2 -preset_vec=00h,intentry=04h,sivt,init,end_init -ppowerup=CODE \
  -pcinit=CODE -pfunctab=ENTRY -k \
  C:\Users\rodri\AppData\Local\Temp\xcAsd7g.\driver_tmp_15.o \
  dist/Config_2/debug\projeto_final_EE_gp1.debug.o 

Object code version is 3.11

Machine type is 16F1827



                Name                               Link     Load   Length Selector   Space Scale
C:\Users\rodri\AppData\Local\Temp\xcAsd7g.\driver_tmp_15.o
                end_init                             19       19        2        8       0
                reset_vec                             0        0        2        0       0
                config                             8007     8007        2        0       4
dist/Config_2/debug\projeto_final_EE_gp1.debug.o
                cinit                                1B       1B       2B        8       0
                intentry                              4        4       15        8       0
                config                             8007     8007        2        0       4
                text56                                3        3        1        6       0
                text55                              C60      C60       18     18C0       0
                text54                              C16      C16        F     182C       0
                text53                              B92      B92        8     1724       0
                text52                              CE0      CE0       1F     19C0       0
                text51                               46       46      1FC        8       0
                text50                              742      742       93      A4E       0
                text49                              E60      E60       61     1CC0       0
                text48                              D69      D69       34     1AD2       0
                text47                              5E9      5E9       BA      A4E       0
                text46                              7FF      7FF        1      A4E       0
                text45                              BF1      BF1        B     17E2       0
                text43                              C78      C78       19     18F0       0
                text42                              BFC      BFC        C     17F8       0
                text41                              B5D      B5D        5     16BA       0
                text40                              B9A      B9A        8     1734       0
                text39                              B67      B67        6     16CE       0
                text38                              B62      B62        5     16C4       0
                text37                              C08      C08        E     1810       0
                text36                              BA2      BA2        8     1744       0
                text35                              BAA      BAA        8     1754       0
                text34                              BB2      BB2        8     1764       0
                text33                              D1F      D1F       24     1A3E       0
                text32                              B4D      B4D        4     169A       0
                text31                              B8B      B8B        7     1716       0
                text30                              C49      C49       17     1892       0
                text29                              BD3      BD3        A     17A6       0
                text28                              BBA      BBA        8     1774       0
                text27                              C91      C91       1A     1922       0
                text26                              BC2      BC2        8     1784       0
                text25                              BDD      BDD        A     17BA       0
                text24                              BE7      BE7        A     17CE       0
                text23                              B51      B51        4     16A2       0
                text22                              7D5      7D5       2A      A4E       0
                text21                              B6D      B6D        6     16DA       0
                text20                              B47      B47        3     168E       0
                text19                              B73      B73        6     16E6       0
                text18                              B79      B79        6     16F2       0
                text17                              CC5      CC5       1B     198A       0
                text16                              527      527       C2      A4E       0
                text15                              B4A      B4A        3     1694       0
                text14                              D43      D43       26     1A86       0
                text13                              38D      38D       CE        8       0
                text12                              F22      F22       6A     1E44       0
                text11                              D9D      D9D       34     1B3A       0
                text10                              242      242      14B        8       0
                text9                               C25      C25       12     184A       0
                text8                               BCA      BCA        9     1794       0
                text7                               EC1      EC1       61     1D82       0
                text6                               F8C      F8C       74     1F18       0
                text5                               E06      E06       5A     1C0C       0
                text4                               CFF      CFF       20     19FE       0
                text3                               DD1      DD1       35     1BA2       0
                text2                               B55      B55        4     16AA       0
                text1                               CAB      CAB       1A     1956       0
                maintext                            6A3      6A3       9F      A4E       0
                cstackBANK0                          20       20       33       20       1
                cstackCOMMON                         70       70        E       70       1
                cstackBANK1                          CD       CD       22       A0       1
                clrtext                             B7F      B7F        6     16FE       0
                inittext                            B85      B85        6     170A       0
                dataBANK2                           120      120       12      120       1
                bssBANK1                             A0       A0       2D       A0       1
                dataBANK0                            6A       6A        4       20       1
                bssBANK0                             53       53       17       20       1
                nvBANK2                             132      132        6      120       1
                nvBANK0                              6E       6E        2       20       1
                stringtext1                         45B      45B       CC      8B6       0
                idataBANK2                          C37      C37       12     186E       0
                idataBANK0                          B59      B59        4     16B2       0

TOTAL           Name                               Link     Load   Length     Space
        CLASS   CODE           
                end_init                             19       19        2         0
                cinit                                1B       1B       2B         0
                intentry                              4        4       15         0
                reset_vec                             0        0        2         0
                text56                                3        3        1         0
                text55                              C60      C60       18         0
                text54                              C16      C16        F         0
                text53                              B92      B92        8         0
                text52                              CE0      CE0       1F         0
                text51                               46       46      1FC         0
                text50                              742      742       93         0
                text49                              E60      E60       61         0
                text48                              D69      D69       34         0
                text47                              5E9      5E9       BA         0
                text46                              7FF      7FF        1         0
                text45                              BF1      BF1        B         0
                text43                              C78      C78       19         0
                text42                              BFC      BFC        C         0
                text41                              B5D      B5D        5         0
                text40                              B9A      B9A        8         0
                text39                              B67      B67        6         0
                text38                              B62      B62        5         0
                text37                              C08      C08        E         0
                text36                              BA2      BA2        8         0
                text35                              BAA      BAA        8         0
                text34                              BB2      BB2        8         0
                text33                              D1F      D1F       24         0
                text32                              B4D      B4D        4         0
                text31                              B8B      B8B        7         0
                text30                              C49      C49       17         0
                text29                              BD3      BD3        A         0
                text28                              BBA      BBA        8         0
                text27                              C91      C91       1A         0
                text26                              BC2      BC2        8         0
                text25                              BDD      BDD        A         0
                text24                              BE7      BE7        A         0
                text23                              B51      B51        4         0
                text22                              7D5      7D5       2A         0
                text21                              B6D      B6D        6         0
                text20                              B47      B47        3         0
                text19                              B73      B73        6         0
                text18                              B79      B79        6         0
                text17                              CC5      CC5       1B         0
                text16                              527      527       C2         0
                text15                              B4A      B4A        3         0
                text14                              D43      D43       26         0
                text13                              38D      38D       CE         0
                text12                              F22      F22       6A         0
                text11                              D9D      D9D       34         0
                text10                              242      242      14B         0
                text9                               C25      C25       12         0
                text8                               BCA      BCA        9         0
                text7                               EC1      EC1       61         0
                text6                               F8C      F8C       74         0
                text5                               E06      E06       5A         0
                text4                               CFF      CFF       20         0
                text3                               DD1      DD1       35         0
                text2                               B55      B55        4         0
                text1                               CAB      CAB       1A         0
                maintext                            6A3      6A3       9F         0
                clrtext                             B7F      B7F        6         0
                inittext                            B85      B85        6         0
                idataBANK2                          C37      C37       12         0
                idataBANK0                          B59      B59        4         0

        CLASS   STRCODE        
                stringtext1                         45B      45B       CC         0

        CLASS   STRING         

        CLASS   CONST          

        CLASS   ENTRY          

        CLASS   COMMON         
                cstackCOMMON                         70       70        E         1

        CLASS   BANK0          
                cstackBANK0                          20       20       33         1
                dataBANK0                            6A       6A        4         1
                bssBANK0                             53       53       17         1
                nvBANK0                              6E       6E        2         1

        CLASS   BANK1          
                cstackBANK1                          CD       CD       22         1
                bssBANK1                             A0       A0       2D         1

        CLASS   BANK2          
                dataBANK2                           120      120       12         1
                nvBANK2                             132      132        6         1

        CLASS   BANK3          

        CLASS   BANK4          

        CLASS   BIGRAM         

        CLASS   RAM            

        CLASS   ABS1           
                abs_s1                               7E       7E        2         1

        CLASS   SFR0           

        CLASS   SFR1           

        CLASS   SFR2           

        CLASS   SFR3           

        CLASS   SFR4           

        CLASS   SFR5           

        CLASS   SFR6           

        CLASS   SFR7           

        CLASS   SFR8           

        CLASS   SFR9           

        CLASS   SFR10          

        CLASS   SFR11          

        CLASS   SFR12          

        CLASS   SFR13          

        CLASS   SFR14          

        CLASS   SFR15          

        CLASS   SFR16          

        CLASS   SFR17          

        CLASS   SFR18          

        CLASS   SFR19          

        CLASS   SFR20          

        CLASS   SFR21          

        CLASS   SFR22          

        CLASS   SFR23          

        CLASS   SFR24          

        CLASS   SFR25          

        CLASS   SFR26          

        CLASS   SFR27          

        CLASS   SFR28          

        CLASS   SFR29          

        CLASS   SFR30          

        CLASS   SFR31          

        CLASS   CONFIG         
                config                             8007     8007        2         4

        CLASS   IDLOC          

        CLASS   EEDATA         

        CLASS   BANK31         

        CLASS   BANK30         

        CLASS   BANK29         

        CLASS   BANK28         

        CLASS   BANK27         

        CLASS   BANK26         

        CLASS   BANK25         

        CLASS   BANK24         

        CLASS   BANK23         

        CLASS   BANK22         

        CLASS   BANK21         

        CLASS   BANK20         

        CLASS   BANK19         

        CLASS   BANK18         

        CLASS   BANK17         

        CLASS   BANK16         

        CLASS   BANK15         

        CLASS   BANK14         

        CLASS   BANK13         

        CLASS   BANK12         

        CLASS   BANK11         

        CLASS   BANK10         

        CLASS   BANK9          

        CLASS   BANK8          

        CLASS   BANK7          

        CLASS   BANK6          

        CLASS   BANK5          

        CLASS   HEAP           

        CLASS   STACK          



SEGMENTS        Name                           Load    Length   Top    Selector   Space  Class     Delta

                reset_vec                      000000  000002  000002         0       0  CODE        2
                text56                         000003  000001  000004         6       0  CODE        2
                intentry                       000004  000457  00045B         8       0  CODE        2
                cstackBANK0                    000020  000050  000070        20       1  BANK0       1
                cstackCOMMON                   000070  00000E  00007E        70       1  COMMON      1
                bssBANK1                       0000A0  00004F  0000EF        A0       1  BANK1       1
                dataBANK2                      000120  000018  000138       120       1  BANK2       1
                stringtext1                    00045B  0000CC  000527       8B6       0  STRCODE     2
                text16                         000527  0002D9  000800       A4E       0  CODE        2
                text20                         000B47  000003  000B4A      168E       0  CODE        2
                text15                         000B4A  000003  000B4D      1694       0  CODE        2
                text32                         000B4D  000004  000B51      169A       0  CODE        2
                text23                         000B51  000004  000B55      16A2       0  CODE        2
                text2                          000B55  000004  000B59      16AA       0  CODE        2
                idataBANK0                     000B59  000004  000B5D      16B2       0  CODE        2
                text41                         000B5D  000005  000B62      16BA       0  CODE        2
                text38                         000B62  000005  000B67      16C4       0  CODE        2
                text39                         000B67  000006  000B6D      16CE       0  CODE        2
                text21                         000B6D  000006  000B73      16DA       0  CODE        2
                text19                         000B73  000006  000B79      16E6       0  CODE        2
                text18                         000B79  000006  000B7F      16F2       0  CODE        2
                clrtext                        000B7F  000006  000B85      16FE       0  CODE        2
                inittext                       000B85  000006  000B8B      170A       0  CODE        2
                text31                         000B8B  000007  000B92      1716       0  CODE        2
                text53                         000B92  000008  000B9A      1724       0  CODE        2
                text40                         000B9A  000008  000BA2      1734       0  CODE        2
                text36                         000BA2  000008  000BAA      1744       0  CODE        2
                text35                         000BAA  000008  000BB2      1754       0  CODE        2
                text34                         000BB2  000008  000BBA      1764       0  CODE        2
                text28                         000BBA  000008  000BC2      1774       0  CODE        2
                text26                         000BC2  000008  000BCA      1784       0  CODE        2
                text8                          000BCA  000009  000BD3      1794       0  CODE        2
                text29                         000BD3  00000A  000BDD      17A6       0  CODE        2
                text25                         000BDD  00000A  000BE7      17BA       0  CODE        2
                text24                         000BE7  00000A  000BF1      17CE       0  CODE        2
                text45                         000BF1  00000B  000BFC      17E2       0  CODE        2
                text42                         000BFC  00000C  000C08      17F8       0  CODE        2
                text37                         000C08  00000E  000C16      1810       0  CODE        2
                text54                         000C16  00000F  000C25      182C       0  CODE        2
                text9                          000C25  000012  000C37      184A       0  CODE        2
                idataBANK2                     000C37  000012  000C49      186E       0  CODE        2
                text30                         000C49  000017  000C60      1892       0  CODE        2
                text55                         000C60  000018  000C78      18C0       0  CODE        2
                text43                         000C78  000019  000C91      18F0       0  CODE        2
                text27                         000C91  00001A  000CAB      1922       0  CODE        2
                text1                          000CAB  00001A  000CC5      1956       0  CODE        2
                text17                         000CC5  00001B  000CE0      198A       0  CODE        2
                text52                         000CE0  00001F  000CFF      19C0       0  CODE        2
                text4                          000CFF  000020  000D1F      19FE       0  CODE        2
                text33                         000D1F  000024  000D43      1A3E       0  CODE        2
                text14                         000D43  000026  000D69      1A86       0  CODE        2
                text48                         000D69  000034  000D9D      1AD2       0  CODE        2
                text11                         000D9D  000034  000DD1      1B3A       0  CODE        2
                text3                          000DD1  000035  000E06      1BA2       0  CODE        2
                text5                          000E06  00005A  000E60      1C0C       0  CODE        2
                text49                         000E60  000061  000EC1      1CC0       0  CODE        2
                text7                          000EC1  000061  000F22      1D82       0  CODE        2
                text12                         000F22  00006A  000F8C      1E44       0  CODE        2
                text6                          000F8C  000074  001000      1F18       0  CODE        2


UNUSED ADDRESS RANGES

        Name                Unused          Largest block    Delta
        BANK1            000EF-000EF               1           1
        BANK2            00138-0016F              38           1
        BANK3            001A0-001EF              50           1
        BANK4            00220-0023F              20           1
        BIGRAM           02000-0215F             160           1
        CODE             00002-00002               1           2
                         00800-00B46             347
        CONST            00002-00002               1           2
                         00800-00B46             100
        EEDATA           0F000-0F0FF             100           2
        ENTRY            00002-00002               1           2
                         00800-00B46             100
        IDLOC            08000-08003               4           2
        RAM              000EF-000EF               1           1
                         00138-0016F              38
                         001A0-001EF              50
                         00220-0023F              20
        SFR0             00000-0001F              20           1
        SFR1             00080-0009F              20           1
        SFR10            00500-0056F              70           1
        SFR11            00580-005EF              70           1
        SFR12            00600-0066F              70           1
        SFR13            00680-006EF              70           1
        SFR14            00700-0076F              70           1
        SFR15            00780-007EF              70           1
        SFR16            00800-0086F              70           1
        SFR17            00880-008EF              70           1
        SFR18            00900-0096F              70           1
        SFR19            00980-009EF              70           1
        SFR2             00100-0011F              20           1
        SFR20            00A00-00A6F              70           1
        SFR21            00A80-00AEF              70           1
        SFR22            00B00-00B6F              70           1
        SFR23            00B80-00BEF              70           1
        SFR24            00C00-00C6F              70           1
        SFR25            00C80-00CEF              70           1
        SFR26            00D00-00D6F              70           1
        SFR27            00D80-00DEF              70           1
        SFR28            00E00-00E6F              70           1
        SFR29            00E80-00EEF              70           1
        SFR3             00180-0019F              20           1
        SFR30            00F00-00F6F              70           1
        SFR31            00F80-00FEF              70           1
        SFR4             00200-0021F              20           1
        SFR5             00280-002EF              70           1
        SFR6             00300-0036F              70           1
        SFR7             00380-003EF              70           1
        SFR8             00400-0046F              70           1
        SFR9             00480-004EF              70           1
        STRCODE          00002-00002               1           2
                         00800-00B46             347
        STRING           00002-00002               1           2
                         00800-00B46             100

                                  Symbol Table

?_ADC_GetConversion                            cstackBANK1  000CD
?_TMR1_ReadTimer                               cstackCOMMON 00070
?__Umul8_16                                    cstackCOMMON 00070
?___atdiv                                      cstackBANK1  000D6
?___flmul                                      cstackBANK0  00020
?___fltol                                      cstackBANK1  000CD
?___lwdiv                                      cstackBANK1  000CD
?___tmul                                       cstackBANK1  000CD
?___xxtofl                                     cstackBANK0  0003F
?i1___fltol                                    cstackBANK0  00035
?i1___lwdiv                                    cstackCOMMON 00070
ADC_GetConversion@channel                      cstackBANK1  000D0
EPWM1_LoadDutyValue@dutyValue                  cstackBANK1  000CD
EUSART_SetErrorHandler@interruptHandler        cstackBANK1  000CD
EUSART_SetFramingErrorHandler@interruptHandler cstackBANK1  000CD
EUSART_SetOverrunErrorHandler@interruptHandler cstackBANK1  000CD
EUSART_Write@txData                            cstackBANK1  000CD
TMR0_ReadTimer@readVal                         cstackBANK1  000CD
TMR1_ReadTimer@readVal                         cstackCOMMON 00077
TMR1_ReadTimer@readValHigh                     cstackCOMMON 00079
TMR1_ReadTimer@readValLow                      cstackCOMMON 0007A
TMR1_SetGateInterruptHandler@InterruptHandler  cstackBANK1  000CD
TMR1_WriteTimer@timerVal                       cstackCOMMON 00070
TMR6_LoadPeriodRegister@periodVal              cstackBANK1  000CD
TMR6_WriteTimer@timerVal                       cstackBANK1  000CD
_ADCON0                                        (abs)        0009D
_ADCON0bits                                    (abs)        0009D
_ADCON1                                        (abs)        0009E
_ADC_GetConversion                             text43       00C78
_ADC_Initialize                                text40       00B9A
_ADRESH                                        (abs)        0009C
_ADRESL                                        (abs)        0009B
_ANSELA                                        (abs)        0018C
_ANSELB                                        (abs)        0018D
_APFCON0                                       (abs)        0011D
_APFCON1                                       (abs)        0011E
_BAUDCON                                       (abs)        0019F
_BORCON                                        (abs)        00116
_CCP1CON                                       (abs)        00293
_CCPR1H                                        (abs)        00292
_CCPR1L                                        (abs)        00291
_CCPTMRS0bits                                  (abs)        0029E
_CM1CON0                                       (abs)        00111
_CM1CON1                                       (abs)        00112
_CMOUTbits                                     (abs)        00115
_CMP1_GetOutputStatus                          text2        00B55
_CMP1_Initialize                               text39       00B67
_DACCON0                                       (abs)        00118
_DACCON1                                       (abs)        00119
_DAC_Initialize                                text38       00B62
_ECCP1AS                                       (abs)        00295
_EPWM1_Initialize                              text37       00C08
_EPWM1_LoadDutyValue                           text17       00CC5
_EUSART_DefaultErrorHandler                    (abs)        00000
_EUSART_DefaultFramingErrorHandler             (abs)        00000
_EUSART_DefaultOverrunErrorHandler             (abs)        00000
_EUSART_ErrorHandler                           nvBANK2      00132
_EUSART_FramingErrorHandler                    nvBANK2      00136
_EUSART_Initialize                             text33       00D1F
_EUSART_OverrunErrorHandler                    nvBANK2      00134
_EUSART_Read                                   text42       00BFC
_EUSART_SetErrorHandler                        text36       00BA2
_EUSART_SetFramingErrorHandler                 text35       00BAA
_EUSART_SetOverrunErrorHandler                 text34       00BB2
_EUSART_Write                                  text8        00BCA
_EUSART_is_rx_ready                            text41       00B5D
_FVRCON                                        (abs)        00117
_FVR_Initialize                                text32       00B4D
_INTCONbits                                    (abs)        0000B
_INTERRUPT_InterruptManager                    intentry     00004
_LATA                                          (abs)        0010C
_LATAbits                                      (abs)        0010C
_LATB                                          (abs)        0010D
_OPTION_REG                                    (abs)        00095
_OPTION_REGbits                                (abs)        00095
_OSCCON                                        (abs)        00099
_OSCILLATOR_Initialize                         text31       00B8B
_OSCTUNE                                       (abs)        00098
_PIE1bits                                      (abs)        00091
_PIN_MANAGER_IOC                               text56       00003
_PIN_MANAGER_Initialize                        text30       00C49
_PIR1bits                                      (abs)        00011
_PIR3bits                                      (abs)        00013
_PR2                                           (abs)        0001B
_PR4                                           (abs)        00416
_PR6                                           (abs)        0041D
_PSTR1CON                                      (abs)        00296
_PWM1CON                                       (abs)        00294
_RCREG                                         (abs)        00199
_RCSTA                                         (abs)        0019D
_RCSTAbits                                     (abs)        0019D
_SPBRGH                                        (abs)        0019C
_SPBRGL                                        (abs)        0019B
_SYSTEM_Initialize                             text22       007D5
_T1CON                                         (abs)        00018
_T1CONbits                                     (abs)        00018
_T1GCON                                        (abs)        00019
_T2CON                                         (abs)        0001C
_T4CON                                         (abs)        00417
_T4CONbits                                     (abs)        00417
_T6CON                                         (abs)        0041E
_TMR0                                          (abs)        00015
_TMR0_Initialize                               text29       00BD3
_TMR0_ReadTimer                                text21       00B6D
_TMR1H                                         (abs)        00017
_TMR1L                                         (abs)        00016
_TMR1_DefaultGateInterruptHandler              text46       007FF
_TMR1_GATE_ISR                                 text45       00BF1
_TMR1_GateInterruptHandler                     nvBANK0      0006E
_TMR1_Initialize                               text27       00C91
_TMR1_ReadTimer                                text55       00C60
_TMR1_Reload                                   text53       00B92
_TMR1_SetGateInterruptHandler                  text28       00BBA
_TMR1_WriteTimer                               text54       00C16
_TMR2                                          (abs)        0001A
_TMR2_Initialize                               text26       00BC2
_TMR4                                          (abs)        00415
_TMR4_Initialize                               text25       00BDD
_TMR4_StartTimer                               text15       00B4A
_TMR4_StopTimer                                text20       00B47
_TMR6                                          (abs)        0041C
_TMR6_Initialize                               text24       00BE7
_TMR6_LoadPeriodRegister                       text19       00B73
_TMR6_WriteTimer                               text18       00B79
_TRISA                                         (abs)        0008C
_TRISB                                         (abs)        0008D
_TXREG                                         (abs)        0019A
_TXSTA                                         (abs)        0019E
_WDTCON                                        (abs)        00097
_WDT_Initialize                                text23       00B51
_WPUA                                          (abs)        0020C
_WPUB                                          (abs)        0020D
__H__absolute__                                __absolute__ 00000
__Habs1                                        abs1         00000
__Hbank0                                       bank0        00000
__Hbank1                                       bank1        00000
__Hbank10                                      bank10       00000
__Hbank11                                      bank11       00000
__Hbank12                                      bank12       00000
__Hbank13                                      bank13       00000
__Hbank14                                      bank14       00000
__Hbank15                                      bank15       00000
__Hbank16                                      bank16       00000
__Hbank17                                      bank17       00000
__Hbank18                                      bank18       00000
__Hbank19                                      bank19       00000
__Hbank2                                       bank2        00000
__Hbank20                                      bank20       00000
__Hbank21                                      bank21       00000
__Hbank22                                      bank22       00000
__Hbank23                                      bank23       00000
__Hbank24                                      bank24       00000
__Hbank25                                      bank25       00000
__Hbank26                                      bank26       00000
__Hbank27                                      bank27       00000
__Hbank28                                      bank28       00000
__Hbank29                                      bank29       00000
__Hbank3                                       bank3        00000
__Hbank30                                      bank30       00000
__Hbank31                                      bank31       00000
__Hbank4                                       bank4        00000
__Hbank5                                       bank5        00000
__Hbank6                                       bank6        00000
__Hbank7                                       bank7        00000
__Hbank8                                       bank8        00000
__Hbank9                                       bank9        00000
__Hbigram                                      bigram       00000
__HbssBANK0                                    bssBANK0     00000
__HbssBANK1                                    bssBANK1     00000
__Hcinit                                       cinit        00046
__Hclrtext                                     clrtext      00000
__Hcode                                        code         00000
__Hcommon                                      common       00000
__Hconfig                                      config       08009
__HcstackBANK0                                 cstackBANK0  00000
__HcstackBANK1                                 cstackBANK1  00000
__HcstackCOMMON                                cstackCOMMON 00000
__HdataBANK0                                   dataBANK0    00000
__HdataBANK2                                   dataBANK2    00000
__Heeprom_data                                 eeprom_data  00000
__Hend_init                                    end_init     0001B
__Hfunctab                                     functab      00000
__Hheap                                        heap         00000
__HidataBANK0                                  idataBANK0   00000
__HidataBANK2                                  idataBANK2   00000
__Hinit                                        init         00019
__Hinittext                                    inittext     00000
__Hintentry                                    intentry     00019
__Hmaintext                                    maintext     00000
__HnvBANK0                                     nvBANK0      00000
__HnvBANK2                                     nvBANK2      00000
__Hpowerup                                     powerup      00000
__Hram                                         ram          00000
__Hreset_vec                                   reset_vec    00002
__Hsfr0                                        sfr0         00000
__Hsfr1                                        sfr1         00000
__Hsfr10                                       sfr10        00000
__Hsfr11                                       sfr11        00000
__Hsfr12                                       sfr12        00000
__Hsfr13                                       sfr13        00000
__Hsfr14                                       sfr14        00000
__Hsfr15                                       sfr15        00000
__Hsfr16                                       sfr16        00000
__Hsfr17                                       sfr17        00000
__Hsfr18                                       sfr18        00000
__Hsfr19                                       sfr19        00000
__Hsfr2                                        sfr2         00000
__Hsfr20                                       sfr20        00000
__Hsfr21                                       sfr21        00000
__Hsfr22                                       sfr22        00000
__Hsfr23                                       sfr23        00000
__Hsfr24                                       sfr24        00000
__Hsfr25                                       sfr25        00000
__Hsfr26                                       sfr26        00000
__Hsfr27                                       sfr27        00000
__Hsfr28                                       sfr28        00000
__Hsfr29                                       sfr29        00000
__Hsfr3                                        sfr3         00000
__Hsfr30                                       sfr30        00000
__Hsfr31                                       sfr31        00000
__Hsfr4                                        sfr4         00000
__Hsfr5                                        sfr5         00000
__Hsfr6                                        sfr6         00000
__Hsfr7                                        sfr7         00000
__Hsfr8                                        sfr8         00000
__Hsfr9                                        sfr9         00000
__Hsivt                                        sivt         00019
__Hspace_0                                     (abs)        01000
__Hspace_1                                     (abs)        00138
__Hspace_2                                     (abs)        00000
__Hspace_3                                     (abs)        00000
__Hspace_4                                     (abs)        10010
__Hstack                                       stack        00000
__Hstrings                                     strings      00000
__Hstringtext1                                 stringtext1  00000
__Htext                                        text         00000
__L__absolute__                                __absolute__ 00000
__Labs1                                        abs1         00000
__Lbank0                                       bank0        00000
__Lbank1                                       bank1        00000
__Lbank10                                      bank10       00000
__Lbank11                                      bank11       00000
__Lbank12                                      bank12       00000
__Lbank13                                      bank13       00000
__Lbank14                                      bank14       00000
__Lbank15                                      bank15       00000
__Lbank16                                      bank16       00000
__Lbank17                                      bank17       00000
__Lbank18                                      bank18       00000
__Lbank19                                      bank19       00000
__Lbank2                                       bank2        00000
__Lbank20                                      bank20       00000
__Lbank21                                      bank21       00000
__Lbank22                                      bank22       00000
__Lbank23                                      bank23       00000
__Lbank24                                      bank24       00000
__Lbank25                                      bank25       00000
__Lbank26                                      bank26       00000
__Lbank27                                      bank27       00000
__Lbank28                                      bank28       00000
__Lbank29                                      bank29       00000
__Lbank3                                       bank3        00000
__Lbank30                                      bank30       00000
__Lbank31                                      bank31       00000
__Lbank4                                       bank4        00000
__Lbank5                                       bank5        00000
__Lbank6                                       bank6        00000
__Lbank7                                       bank7        00000
__Lbank8                                       bank8        00000
__Lbank9                                       bank9        00000
__Lbigram                                      bigram       00000
__LbssBANK0                                    bssBANK0     00000
__LbssBANK1                                    bssBANK1     00000
__Lcinit                                       cinit        0001B
__Lclrtext                                     clrtext      00000
__Lcode                                        code         00000
__Lcommon                                      common       00000
__Lconfig                                      config       00000
__LcstackBANK0                                 cstackBANK0  00000
__LcstackBANK1                                 cstackBANK1  00000
__LcstackCOMMON                                cstackCOMMON 00000
__LdataBANK0                                   dataBANK0    00000
__LdataBANK2                                   dataBANK2    00000
__Leeprom_data                                 eeprom_data  00000
__Lend_init                                    end_init     00019
__Lfunctab                                     functab      00000
__Lheap                                        heap         00000
__LidataBANK0                                  idataBANK0   00000
__LidataBANK2                                  idataBANK2   00000
__Linit                                        init         00019
__Linittext                                    inittext     00000
__Lintentry                                    intentry     00004
__Lmaintext                                    maintext     00000
__LnvBANK0                                     nvBANK0      00000
__LnvBANK2                                     nvBANK2      00000
__Lpowerup                                     powerup      00000
__Lram                                         ram          00000
__Lreset_vec                                   reset_vec    00000
__Lsfr0                                        sfr0         00000
__Lsfr1                                        sfr1         00000
__Lsfr10                                       sfr10        00000
__Lsfr11                                       sfr11        00000
__Lsfr12                                       sfr12        00000
__Lsfr13                                       sfr13        00000
__Lsfr14                                       sfr14        00000
__Lsfr15                                       sfr15        00000
__Lsfr16                                       sfr16        00000
__Lsfr17                                       sfr17        00000
__Lsfr18                                       sfr18        00000
__Lsfr19                                       sfr19        00000
__Lsfr2                                        sfr2         00000
__Lsfr20                                       sfr20        00000
__Lsfr21                                       sfr21        00000
__Lsfr22                                       sfr22        00000
__Lsfr23                                       sfr23        00000
__Lsfr24                                       sfr24        00000
__Lsfr25                                       sfr25        00000
__Lsfr26                                       sfr26        00000
__Lsfr27                                       sfr27        00000
__Lsfr28                                       sfr28        00000
__Lsfr29                                       sfr29        00000
__Lsfr3                                        sfr3         00000
__Lsfr30                                       sfr30        00000
__Lsfr31                                       sfr31        00000
__Lsfr4                                        sfr4         00000
__Lsfr5                                        sfr5         00000
__Lsfr6                                        sfr6         00000
__Lsfr7                                        sfr7         00000
__Lsfr8                                        sfr8         00000
__Lsfr9                                        sfr9         00000
__Lsivt                                        sivt         00019
__Lspace_0                                     (abs)        00000
__Lspace_1                                     (abs)        00000
__Lspace_2                                     (abs)        00000
__Lspace_3                                     (abs)        00000
__Lspace_4                                     (abs)        00000
__Lstack                                       stack        00000
__Lstrings                                     strings      00000
__Lstringtext1                                 stringtext1  00000
__Ltext                                        text         00000
__S0                                           (abs)        01000
__S1                                           (abs)        00138
__S3                                           (abs)        00000
__Umul8_16                                     text52       00CE0
__Umul8_16@multiplicand                        cstackCOMMON 00070
__Umul8_16@multiplier                          cstackCOMMON 00078
__Umul8_16@product                             cstackCOMMON 00074
__Umul8_16@word_mpld                           cstackCOMMON 00076
___atdiv                                       text12       00F22
___atdiv@counter                               cstackBANK1  000DD
___atdiv@dividend                              cstackBANK1  000D9
___atdiv@divisor                               cstackBANK1  000D6
___atdiv@quotient                              cstackBANK1  000DF
___atdiv@sign                                  cstackBANK1  000DE
___flmul                                       text51       00046
___flmul@a                                     cstackBANK0  00024
___flmul@aexp                                  cstackBANK0  00029
___flmul@b                                     cstackBANK0  00020
___flmul@bexp                                  cstackBANK0  0002E
___flmul@grs                                   cstackBANK0  0002A
___flmul@prod                                  cstackBANK0  0002F
___flmul@sign                                  cstackBANK0  00028
___flmul@temp                                  cstackBANK0  00033
___fltol                                       text7        00EC1
___fltol@exp1                                  cstackBANK1  000D6
___fltol@f1                                    cstackBANK1  000CD
___fltol@sign1                                 cstackBANK1  000D5
___heap_hi                                     (abs)        00000
___heap_lo                                     (abs)        00000
___int_sp                                      stack        00000
___int_stack_hi                                stack        00000
___int_stack_lo                                stack        00000
___latbits                                     (abs)        00001
___lwdiv                                       text11       00D9D
___lwdiv@counter                               cstackBANK1  000D4
___lwdiv@dividend                              cstackBANK1  000CF
___lwdiv@divisor                               cstackBANK1  000CD
___lwdiv@quotient                              cstackBANK1  000D2
___sp                                          stack        00000
___stack_hi                                    stack        00000
___stack_lo                                    stack        00000
___stackhi                                     (abs)        00000
___stacklo                                     (abs)        00000
___tmul                                        text14       00D43
___tmul@multiplicand                           cstackBANK1  000D0
___tmul@multiplier                             cstackBANK1  000CD
___tmul@product                                cstackBANK1  000D3
___xxtofl                                      text50       00742
___xxtofl@arg                                  cstackBANK0  00049
___xxtofl@exp                                  cstackBANK0  00048
___xxtofl@sign                                 cstackBANK0  00047
___xxtofl@val                                  cstackBANK0  0003F
__end_of_ADC_GetConversion                     text43       00C91
__end_of_ADC_Initialize                        text40       00BA2
__end_of_CMP1_GetOutputStatus                  text2        00B59
__end_of_CMP1_Initialize                       text39       00B6D
__end_of_DAC_Initialize                        text38       00B67
__end_of_EPWM1_Initialize                      text37       00C16
__end_of_EPWM1_LoadDutyValue                   text17       00CE0
__end_of_EUSART_Initialize                     text33       00D43
__end_of_EUSART_Read                           text42       00C08
__end_of_EUSART_SetErrorHandler                text36       00BAA
__end_of_EUSART_SetFramingErrorHandler         text35       00BB2
__end_of_EUSART_SetOverrunErrorHandler         text34       00BBA
__end_of_EUSART_Write                          text8        00BD3
__end_of_EUSART_is_rx_ready                    text41       00B62
__end_of_FVR_Initialize                        text32       00B51
__end_of_INTERRUPT_InterruptManager            intentry     00019
__end_of_OSCILLATOR_Initialize                 text31       00B92
__end_of_PIN_MANAGER_IOC                       text56       00004
__end_of_PIN_MANAGER_Initialize                text30       00C60
__end_of_SYSTEM_Initialize                     text22       007FF
__end_of_TMR0_Initialize                       text29       00BDD
__end_of_TMR0_ReadTimer                        text21       00B73
__end_of_TMR1_DefaultGateInterruptHandler      text46       00800
__end_of_TMR1_GATE_ISR                         text45       00BFC
__end_of_TMR1_Initialize                       text27       00CAB
__end_of_TMR1_ReadTimer                        text55       00C78
__end_of_TMR1_Reload                           text53       00B9A
__end_of_TMR1_SetGateInterruptHandler          text28       00BC2
__end_of_TMR1_WriteTimer                       text54       00C25
__end_of_TMR2_Initialize                       text26       00BCA
__end_of_TMR4_Initialize                       text25       00BE7
__end_of_TMR4_StartTimer                       text15       00B4D
__end_of_TMR4_StopTimer                        text20       00B4A
__end_of_TMR6_Initialize                       text24       00BF1
__end_of_TMR6_LoadPeriodRegister               text19       00B79
__end_of_TMR6_WriteTimer                       text18       00B7F
__end_of_WDT_Initialize                        text23       00B55
__end_of__Umul8_16                             text52       00CFF
__end_of___atdiv                               text12       00F8C
__end_of___flmul                               text51       00242
__end_of___fltol                               text7        00F22
__end_of___lwdiv                               text11       00DD1
__end_of___tmul                                text14       00D69
__end_of___xxtofl                              text50       007D5
__end_of__initialization                       cinit        00042
__end_of_analisa_Rx                            text16       005E9
__end_of_controlchoose                         text9        00C37
__end_of_daUmPasso                             text4        00D1F
__end_of_definePassoMotor                      text5        00E60
__end_of_envia_Tx                              text6        01000
__end_of_fluxcontrol                           text13       0045B
__end_of_fluxpos                               text3        00E06
__end_of_lookupTable                           stringtext1  00527
__end_of_main                                  maintext     00742
__end_of_mede_height                           text47       006A3
__end_of_pwmcontrol                            text10       0038D
__end_of_setaPorta                             text1        00CC5
__end_ofi1___fltol                             text49       00EC1
__end_ofi1___lwdiv                             text48       00D9D
__initialization                               cinit        0001B
__pbssBANK0                                    bssBANK0     00053
__pbssBANK1                                    bssBANK1     000A0
__pcstackBANK0                                 cstackBANK0  00020
__pcstackBANK1                                 cstackBANK1  000CD
__pcstackCOMMON                                cstackCOMMON 00070
__pdataBANK0                                   dataBANK0    0006A
__pdataBANK2                                   dataBANK2    00120
__pidataBANK0                                  idataBANK0   00B59
__pidataBANK2                                  idataBANK2   00C37
__pintentry                                    intentry     00004
__pmaintext                                    maintext     006A3
__pnvBANK0                                     nvBANK0      0006E
__pnvBANK2                                     nvBANK2      00132
__pstringtext1                                 stringtext1  0045B
__ptext1                                       text1        00CAB
__ptext10                                      text10       00242
__ptext11                                      text11       00D9D
__ptext12                                      text12       00F22
__ptext13                                      text13       0038D
__ptext14                                      text14       00D43
__ptext15                                      text15       00B4A
__ptext16                                      text16       00527
__ptext17                                      text17       00CC5
__ptext18                                      text18       00B79
__ptext19                                      text19       00B73
__ptext2                                       text2        00B55
__ptext20                                      text20       00B47
__ptext21                                      text21       00B6D
__ptext22                                      text22       007D5
__ptext23                                      text23       00B51
__ptext24                                      text24       00BE7
__ptext25                                      text25       00BDD
__ptext26                                      text26       00BC2
__ptext27                                      text27       00C91
__ptext28                                      text28       00BBA
__ptext29                                      text29       00BD3
__ptext3                                       text3        00DD1
__ptext30                                      text30       00C49
__ptext31                                      text31       00B8B
__ptext32                                      text32       00B4D
__ptext33                                      text33       00D1F
__ptext34                                      text34       00BB2
__ptext35                                      text35       00BAA
__ptext36                                      text36       00BA2
__ptext37                                      text37       00C08
__ptext38                                      text38       00B62
__ptext39                                      text39       00B67
__ptext4                                       text4        00CFF
__ptext40                                      text40       00B9A
__ptext41                                      text41       00B5D
__ptext42                                      text42       00BFC
__ptext43                                      text43       00C78
__ptext45                                      text45       00BF1
__ptext46                                      text46       007FF
__ptext47                                      text47       005E9
__ptext48                                      text48       00D69
__ptext49                                      text49       00E60
__ptext5                                       text5        00E06
__ptext50                                      text50       00742
__ptext51                                      text51       00046
__ptext52                                      text52       00CE0
__ptext53                                      text53       00B92
__ptext54                                      text54       00C16
__ptext55                                      text55       00C60
__ptext56                                      text56       00003
__ptext6                                       text6        00F8C
__ptext7                                       text7        00EC1
__ptext8                                       text8        00BCA
__ptext9                                       text9        00C25
_adc_temp                                      bssBANK1     000B5
_analisa_Rx                                    text16       00527
_avg_tempo_voo                                 bssBANK1     000A0
_balldist                                      bssBANK1     000AA
_ballset                                       bssBANK0     0005E
_bufferRx                                      bssBANK0     00053
_controlchoice                                 bssBANK1     000CB
_controlchoose                                 text9        00C25
_countRx                                       bssBANK1     000CA
_count_Tx                                      bssBANK1     000C9
_daUmPasso                                     text4        00CFF
_dc                                            bssBANK1     000BB
_definePassoMotor                              text5        00E06
_envia_Tx                                      text6        00F8C
_error                                         bssBANK1     000B0
_errorp                                        bssBANK1     000AD
_eusartRxLastError                             bssBANK1     000CC
_fim_curso                                     bssBANK1     000C6
_first_read                                    dataBANK0    0006D
_fluxcontrol                                   text13       0038D
_fluxpos                                       text3        00DD1
_height                                        bssBANK1     000B3
_lookupTable                                   stringtext1  0045B
_main                                          maintext     006A3
_mede_height                                   text47       005E9
_nao_salva                                     bssBANK1     000C8
_outpre                                        bssBANK1     000A4
_output                                        bssBANK1     000C1
_outputsum                                     bssBANK1     000A7
_passo                                         bssBANK1     000C7
_passo_ctrl                                    bssBANK1     000C5
_position                                      bssBANK1     000B9
_pwmcontrol                                    text10       00242
_setaPorta                                     text1        00CAB
_sp_height                                     bssBANK0     00063
_sp_position                                   bssBANK1     000B7
_tempo_voo                                     bssBANK0     00061
_timer0ReloadVal                               bssBANK0     00069
_timer1ReloadVal                               bssBANK1     000C3
_vRx                                           bssBANK1     000BD
_vTx                                           bssBANK1     000BF
btemp                                          (abs)        0007E
clear_ram0                                     clrtext      00B7F
daUmPasso@sentido                              cstackBANK1  000D0
definePassoMotor@passom                        cstackBANK1  000CF
definePassoMotor@sentido                       cstackBANK1  000CD
end_of_initialization                          cinit        00042
i1___fltol                                     text49       00E60
i1___fltol@exp1                                cstackBANK0  0003E
i1___fltol@f1                                  cstackBANK0  00035
i1___fltol@sign1                               cstackBANK0  0003D
i1___lwdiv                                     text48       00D69
i1___lwdiv@counter                             cstackCOMMON 00077
i1___lwdiv@dividend                            cstackCOMMON 00072
i1___lwdiv@divisor                             cstackCOMMON 00070
i1___lwdiv@quotient                            cstackCOMMON 00075
init_ram                                       inittext     00B85
int$flags                                      (abs)        0007E
intlevel0                                      functab      00000
intlevel1                                      functab      00000
intlevel2                                      functab      00000
intlevel3                                      functab      00000
intlevel4                                      functab      00000
intlevel5                                      functab      00000
reset_vec                                      reset_vec    00000
start                                          init         00019
start_initialization                           cinit        0001B
wtemp0                                         (abs)        0007E


MODULE INFORMATION

Module		Function		Class		Link	Load	Size
C:\Program Files\Microchip\xc8\v2.46\pic\sources\c99\common\fltol.c
		___fltol       		CODE           	0EC1	0000	97

C:\Program Files\Microchip\xc8\v2.46\pic\sources\c99\common\fltol.c estimated size: 97

C:\Program Files\Microchip\xc8\v2.46\pic\sources\c99\common\Umul8_16.c
		__Umul8_16     		CODE           	0CE0	0000	31

C:\Program Files\Microchip\xc8\v2.46\pic\sources\c99\common\Umul8_16.c estimated size: 31

mcc_generated_files/cmp1.c
		_CMP1_Initialize		CODE           	0B67	0000	6
		_CMP1_GetOutputStatus		CODE           	0B55	0000	4

mcc_generated_files/cmp1.c estimated size: 10

mcc_generated_files/tmr6.c
		_TMR6_WriteTimer		CODE           	0B79	0000	6
		_TMR6_LoadPeriodRegister		CODE           	0B73	0000	6
		_TMR6_Initialize		CODE           	0BE7	0000	10

mcc_generated_files/tmr6.c estimated size: 22

mcc_generated_files/fvr.c
		_FVR_Initialize		CODE           	0B4D	0000	4

mcc_generated_files/fvr.c estimated size: 4

mcc_generated_files/tmr4.c
		_TMR4_Initialize		CODE           	0BDD	0000	10
		_TMR4_StopTimer		CODE           	0B47	0000	3
		_TMR4_StartTimer		CODE           	0B4A	0000	3

mcc_generated_files/tmr4.c estimated size: 16

C:\Program Files\Microchip\xc8\v2.46\pic\sources\c99\common\lwdiv.c
		___lwdiv       		CODE           	0D9D	0000	52

C:\Program Files\Microchip\xc8\v2.46\pic\sources\c99\common\lwdiv.c estimated size: 52

mcc_generated_files/tmr2.c
		_TMR2_Initialize		CODE           	0BC2	0000	8

mcc_generated_files/tmr2.c estimated size: 8

mcc_generated_files/interrupt_manager.c
		_INTERRUPT_InterruptManager		CODE           	0004	0000	21

mcc_generated_files/interrupt_manager.c estimated size: 21

C:\Program Files\Microchip\xc8\v2.46\pic\sources\c99\common\xxtofl.c
		___xxtofl      		CODE           	0742	0000	147

C:\Program Files\Microchip\xc8\v2.46\pic\sources\c99\common\xxtofl.c estimated size: 147

mcc_generated_files/tmr0.c
		_TMR0_ReadTimer		CODE           	0B6D	0000	6
		_TMR0_Initialize		CODE           	0BD3	0000	10

mcc_generated_files/tmr0.c estimated size: 16

C:\Program Files\Microchip\xc8\v2.46\pic\sources\c99\common\Umul24.c
		___tmul        		CODE           	0D43	0000	38

C:\Program Files\Microchip\xc8\v2.46\pic\sources\c99\common\Umul24.c estimated size: 38

mcc_generated_files/pin_manager.c
		_PIN_MANAGER_Initialize		CODE           	0C49	0000	23
		_PIN_MANAGER_IOC		CODE           	0003	0000	1

mcc_generated_files/pin_manager.c estimated size: 24

C:\Program Files\Microchip\xc8\v2.46\pic\sources\c99\common\sprcmul.c
		___flmul       		CODE           	0046	0000	508

C:\Program Files\Microchip\xc8\v2.46\pic\sources\c99\common\sprcmul.c estimated size: 508

C:\Program Files\Microchip\xc8\v2.46\pic\sources\c99\common\atdiv.c
		___atdiv       		CODE           	0F22	0000	106

C:\Program Files\Microchip\xc8\v2.46\pic\sources\c99\common\atdiv.c estimated size: 106

mcc_generated_files/adc.c
		_ADC_Initialize		CODE           	0B9A	0000	8
		_ADC_GetConversion		CODE           	0C78	0000	25

mcc_generated_files/adc.c estimated size: 33

shared
		_lookupTable   		STRCODE        	045B	0000	204
		i1___lwdiv     		CODE           	0D69	0000	52
		i1___fltol     		CODE           	0E60	0000	97
		__initialization		CODE           	001B	0000	39

shared estimated size: 392

mcc_generated_files/mcc.c
		_WDT_Initialize		CODE           	0B51	0000	4
		_OSCILLATOR_Initialize		CODE           	0B8B	0000	7
		_SYSTEM_Initialize		CODE           	07D5	0000	42

mcc_generated_files/mcc.c estimated size: 53

mcc_generated_files/tmr1.c
		_TMR1_Initialize		CODE           	0C91	0000	26
		_TMR1_Reload   		CODE           	0B92	0000	8
		_TMR1_WriteTimer		CODE           	0C16	0000	15
		_TMR1_ReadTimer		CODE           	0C60	0000	24
		_TMR1_SetGateInterruptHandler		CODE           	0BBA	0000	8
		_TMR1_GATE_ISR 		CODE           	0BF1	0000	11
		_TMR1_DefaultGateInterruptHandler		CODE           	07FF	0000	1

mcc_generated_files/tmr1.c estimated size: 93

mcc_generated_files/epwm1.c
		_EPWM1_LoadDutyValue		CODE           	0CC5	0000	27
		_EPWM1_Initialize		CODE           	0C08	0000	14

mcc_generated_files/epwm1.c estimated size: 41

mcc_generated_files/eusart.c
		_EUSART_Read   		CODE           	0BFC	0000	12
		_EUSART_Write  		CODE           	0BCA	0000	9
		_EUSART_Initialize		CODE           	0D1F	0000	36
		_EUSART_SetFramingErrorHandler		CODE           	0BAA	0000	8
		_EUSART_SetErrorHandler		CODE           	0BA2	0000	8
		_EUSART_SetOverrunErrorHandler		CODE           	0BB2	0000	8
		_EUSART_is_rx_ready		CODE           	0B5D	0000	5

mcc_generated_files/eusart.c estimated size: 86

mcc_generated_files/dac.c
		_DAC_Initialize		CODE           	0B62	0000	5

mcc_generated_files/dac.c estimated size: 5

main.c
		_mede_height   		CODE           	05E9	0000	186
		_setaPorta     		CODE           	0CAB	0000	26
		_main          		CODE           	06A3	0000	159
		_analisa_Rx    		CODE           	0527	0000	194
		_fluxpos       		CODE           	0DD1	0000	53
		_controlchoose 		CODE           	0C25	0000	18
		_daUmPasso     		CODE           	0CFF	0000	32
		_definePassoMotor		CODE           	0E06	0000	90
		_fluxcontrol   		CODE           	038D	0000	206
		_envia_Tx      		CODE           	0F8C	0000	116
		_pwmcontrol    		CODE           	0242	0000	331

main.c estimated size: 1411

